******************************************************************************
                  TI ARM Linker PC v5.2.5                      
******************************************************************************
>> Linked Sat Sep 17 10:02:00 2016

OUTPUT FILE NAME:   <lab-1.out>
ENTRY POINT SYMBOL: "_c_int00"  address: 00000729


MEMORY CONFIGURATION

         name            origin    length      used     unused   attr    fill
----------------------  --------  ---------  --------  --------  ----  --------
  FLASH                 00000000   00040000  0000091c  0003f6e4  R  X
  SRAM                  20000000   00008000  00000220  00007de0  RW X


SEGMENT ALLOCATION MAP

run origin  load origin   length   init length attrs members
----------  ----------- ---------- ----------- ----- -------
00000000    00000000    00000920   00000920    r-x
  00000000    00000000    0000026c   0000026c    r-- .intvecs
  0000026c    0000026c    00000688   00000688    r-x .text
  000008f8    000008f8    00000028   00000028    r-- .cinit
20000000    20000000    00000220   00000000    rw-
  20000000    20000000    00000200   00000000    rw- .stack
  20000200    20000200    00000020   00000000    rw- .data


SECTION ALLOCATION MAP

 output                                  attributes/
section   page    origin      length       input sections
--------  ----  ----------  ----------   ----------------
.intvecs   0    00000000    0000026c     
                  00000000    0000026c     tm4c123gh6pm_startup_ccs.obj (.intvecs)

.text      0    0000026c    00000688     
                  0000026c    00000132     driverlib.lib : gpio.obj (.text:GPIOPadConfigSet)
                  0000039e    00000002     --HOLE-- [fill = 0]
                  000003a0    000000f4                   : sysctl.obj (.text:SysCtlClockSet)
                  00000494    000000a4     main.obj (.text)
                  00000538    0000009c     rtsv7M4_T_le_v4SPD16_eabi.lib : memcpy_t2.obj (.text)
                  000005d4    0000007a                                   : memset_t2.obj (.text)
                  0000064e    00000002     --HOLE-- [fill = 0]
                  00000650    0000006c                                   : autoinit.obj (.text)
                  000006bc    0000006a                                   : copy_decompress_rle.obj (.text)
                  00000726    00000002     --HOLE-- [fill = 0]
                  00000728    00000050                                   : boot.obj (.text)
                  00000778    0000004c                                   : cpy_tbl.obj (.text)
                  000007c4    00000044                                   : exit.obj (.text)
                  00000808    00000034     driverlib.lib : sysctl.obj (.text:SysCtlPeripheralEnable)
                  0000083c    0000002a                   : gpio.obj (.text:GPIODirModeSet)
                  00000866    00000018                   : gpio.obj (.text:GPIOPinTypeGPIOOutput)
                  0000087e    00000002     --HOLE-- [fill = 0]
                  00000880    00000018     rtsv7M4_T_le_v4SPD16_eabi.lib : args_main.obj (.text)
                  00000898    00000014                                   : _lock.obj (.text)
                  000008ac    00000012     driverlib.lib : gpio.obj (.text:GPIOPinTypeGPIOInput)
                  000008be    0000000e     rtsv7M4_T_le_v4SPD16_eabi.lib : copy_decompress_none.obj (.text:decompress:none)
                  000008cc    0000000c     tm4c123gh6pm_startup_ccs.obj (.text)
                  000008d8    00000006     driverlib.lib : gpio.obj (.text:GPIOPinRead)
                  000008de    00000006                   : gpio.obj (.text:GPIOPinWrite)
                  000008e4    00000006                   : sysctl.obj (.text:SysCtlDelay)
                  000008ea    00000006     rtsv7M4_T_le_v4SPD16_eabi.lib : copy_decompress_rle.obj (.text:decompress:rle24)
                  000008f0    00000004                                   : pre_init.obj (.text)

.cinit     0    000008f8    00000028     
                  000008f8    00000016     (.cinit..data.load) [load image, compression = rle]
                  0000090e    00000002     --HOLE-- [fill = 0]
                  00000910    00000008     (__TI_handler_table)
                  00000918    00000008     (__TI_cinit_table)

.init_array 
*          0    00000000    00000000     UNINITIALIZED

.stack     0    20000000    00000200     UNINITIALIZED
                  20000000    00000200     --HOLE--

.data      0    20000200    00000020     UNINITIALIZED
                  20000200    00000009     main.obj (.data)
                  20000209    00000003     --HOLE--
                  2000020c    00000008     rtsv7M4_T_le_v4SPD16_eabi.lib : _lock.obj (.data)
                  20000214    00000008                                   : exit.obj (.data)
                  2000021c    00000004                                   : stkdepth_vars.obj (.data)

.TI.persistent 
*          0    20000200    00000000     UNINITIALIZED


LINKER GENERATED COPY TABLES

__TI_cinit_table @ 00000918 records: 1, size/record: 8, table size: 8
	.data: load addr=000008f8, load size=00000016 bytes, run addr=20000200, run size=00000020 bytes, compression=rle


LINKER GENERATED HANDLER TABLE

__TI_handler_table @ 00000910 records: 2, size/record: 4, table size: 8
	index: 0, handler: __TI_decompress_rle24
	index: 1, handler: __TI_decompress_none


GLOBAL SYMBOLS: SORTED ALPHABETICALLY BY Name 

address   name                    
-------   ----                    
000007c5  C$$EXIT                 
0000083d  GPIODirModeSet          
0000026d  GPIOPadConfigSet        
000008d9  GPIOPinRead             
000008ad  GPIOPinTypeGPIOInput    
00000867  GPIOPinTypeGPIOOutput   
000008df  GPIOPinWrite            
000008cd  ResetISR                
UNDEFED   SHT$$INIT_ARRAY$$Base   
UNDEFED   SHT$$INIT_ARRAY$$Limit  
000003a1  SysCtlClockSet          
000008e5  SysCtlDelay             
00000809  SysCtlPeripheralEnable  
20000200  __STACK_END             
00000200  __STACK_SIZE            
20000200  __STACK_TOP             
00000918  __TI_CINIT_Base         
00000920  __TI_CINIT_Limit        
00000910  __TI_Handler_Table_Base 
00000918  __TI_Handler_Table_Limit
00000651  __TI_auto_init          
20000214  __TI_cleanup_ptr        
000008bf  __TI_decompress_none    
000008eb  __TI_decompress_rle24   
20000218  __TI_dtors_ptr          
00000000  __TI_static_base__      
000005d5  __aeabi_memclr          
000005d5  __aeabi_memclr4         
000005d5  __aeabi_memclr8         
00000539  __aeabi_memcpy          
00000539  __aeabi_memcpy4         
00000539  __aeabi_memcpy8         
000005d7  __aeabi_memset          
000005d7  __aeabi_memset4         
000005d7  __aeabi_memset8         
ffffffff  __binit__               
ffffffff  __c_args__              
20000000  __stack                 
00000881  _args_main              
00000729  _c_int00                
2000020c  _lock                   
000008a7  _nop                    
0000089f  _register_lock          
00000899  _register_unlock        
000008f1  _system_pre_init        
20000210  _unlock                 
000007c9  abort                   
ffffffff  binit                   
00000779  copy_in                 
20000201  counter                 
000007d1  exit                    
00000000  g_pfnVectors            
00000495  main                    
2000021c  main_func_sp            
00000539  memcpy                  
000005dd  memset                  
20000208  state                   
20000200  ui8PinData              
20000204  value                   


GLOBAL SYMBOLS: SORTED BY Symbol Address 

address   name                    
-------   ----                    
00000000  __TI_static_base__      
00000000  g_pfnVectors            
00000200  __STACK_SIZE            
0000026d  GPIOPadConfigSet        
000003a1  SysCtlClockSet          
00000495  main                    
00000539  __aeabi_memcpy          
00000539  __aeabi_memcpy4         
00000539  __aeabi_memcpy8         
00000539  memcpy                  
000005d5  __aeabi_memclr          
000005d5  __aeabi_memclr4         
000005d5  __aeabi_memclr8         
000005d7  __aeabi_memset          
000005d7  __aeabi_memset4         
000005d7  __aeabi_memset8         
000005dd  memset                  
00000651  __TI_auto_init          
00000729  _c_int00                
00000779  copy_in                 
000007c5  C$$EXIT                 
000007c9  abort                   
000007d1  exit                    
00000809  SysCtlPeripheralEnable  
0000083d  GPIODirModeSet          
00000867  GPIOPinTypeGPIOOutput   
00000881  _args_main              
00000899  _register_unlock        
0000089f  _register_lock          
000008a7  _nop                    
000008ad  GPIOPinTypeGPIOInput    
000008bf  __TI_decompress_none    
000008cd  ResetISR                
000008d9  GPIOPinRead             
000008df  GPIOPinWrite            
000008e5  SysCtlDelay             
000008eb  __TI_decompress_rle24   
000008f1  _system_pre_init        
00000910  __TI_Handler_Table_Base 
00000918  __TI_CINIT_Base         
00000918  __TI_Handler_Table_Limit
00000920  __TI_CINIT_Limit        
20000000  __stack                 
20000200  __STACK_END             
20000200  __STACK_TOP             
20000200  ui8PinData              
20000201  counter                 
20000204  value                   
20000208  state                   
2000020c  _lock                   
20000210  _unlock                 
20000214  __TI_cleanup_ptr        
20000218  __TI_dtors_ptr          
2000021c  main_func_sp            
ffffffff  __binit__               
ffffffff  __c_args__              
ffffffff  binit                   
UNDEFED   SHT$$INIT_ARRAY$$Base   
UNDEFED   SHT$$INIT_ARRAY$$Limit  

[59 symbols]
