******************************************************************************
                  TI ARM Linker PC v5.2.5                      
******************************************************************************
>> Linked Fri Sep 23 10:23:05 2016

OUTPUT FILE NAME:   <Lab4.out>
ENTRY POINT SYMBOL: "_c_int00"  address: 00000ac5


MEMORY CONFIGURATION

         name            origin    length      used     unused   attr    fill
----------------------  --------  ---------  --------  --------  ----  --------
  FLASH                 00000000   00040000  00000f40  0003f0c0  R  X
  SRAM                  20000000   00008000  00000214  00007dec  RW X


SEGMENT ALLOCATION MAP

run origin  load origin   length   init length attrs members
----------  ----------- ---------- ----------- ----- -------
00000000    00000000    00000f40   00000f40    r-x
  00000000    00000000    0000026c   0000026c    r-- .intvecs
  0000026c    0000026c    00000b48   00000b48    r-x .text
  00000db4    00000db4    0000016c   0000016c    r-- .const
  00000f20    00000f20    00000020   00000020    r-- .cinit
20000000    20000000    00000214   00000000    rw-
  20000000    20000000    00000200   00000000    rw- .stack
  20000200    20000200    00000014   00000000    rw- .data


SECTION ALLOCATION MAP

 output                                  attributes/
section   page    origin      length       input sections
--------  ----  ----------  ----------   ----------------
.intvecs   0    00000000    0000026c     
                  00000000    0000026c     tm4c123gh6pm_startup_ccs.obj (.intvecs)

.text      0    0000026c    00000b48     
                  0000026c    000002c8     main.obj (.text)
                  00000534    00000132     driverlib.lib : gpio.obj (.text:GPIOPadConfigSet)
                  00000666    00000002     --HOLE-- [fill = 0]
                  00000668    00000110                   : sysctl.obj (.text:SysCtlClockGet)
                  00000778    000000f4                   : sysctl.obj (.text:SysCtlClockSet)
                  0000086c    0000009c     rtsv7M4_T_le_v4SPD16_eabi.lib : memcpy_t2.obj (.text)
                  00000908    0000007a                                   : memset_t2.obj (.text)
                  00000982    00000002     --HOLE-- [fill = 0]
                  00000984    0000006c                                   : autoinit.obj (.text)
                  000009f0    0000006a                                   : copy_decompress_rle.obj (.text)
                  00000a5a    00000002     --HOLE-- [fill = 0]
                  00000a5c    00000068     driverlib.lib : interrupt.obj (.text:IntEnable)
                  00000ac4    00000050     rtsv7M4_T_le_v4SPD16_eabi.lib : boot.obj (.text)
                  00000b14    0000004c                                   : cpy_tbl.obj (.text)
                  00000b60    00000048     driverlib.lib : gpio.obj (.text:GPIOPinConfigure)
                  00000ba8    00000046                   : uart.obj (.text:UARTConfigSetExpClk)
                  00000bee    00000002     --HOLE-- [fill = 0]
                  00000bf0    00000044     rtsv7M4_T_le_v4SPD16_eabi.lib : exit.obj (.text)
                  00000c34    00000034     driverlib.lib : sysctl.obj (.text:SysCtlPeripheralEnable)
                  00000c68    0000002a                   : gpio.obj (.text:GPIODirModeSet)
                  00000c92    00000002     --HOLE-- [fill = 0]
                  00000c94    00000020                   : uart.obj (.text:UARTDisable)
                  00000cb4    00000018                   : gpio.obj (.text:GPIOPinTypeGPIOOutput)
                  00000ccc    00000018     rtsv7M4_T_le_v4SPD16_eabi.lib : args_main.obj (.text)
                  00000ce4    00000014     driverlib.lib : uart.obj (.text:UARTEnable)
                  00000cf8    00000014     rtsv7M4_T_le_v4SPD16_eabi.lib : _lock.obj (.text)
                  00000d0c    00000012     driverlib.lib : gpio.obj (.text:GPIOPinTypeUART)
                  00000d1e    00000010                   : interrupt.obj (.text:IntMasterEnable)
                  00000d2e    0000000e                   : uart.obj (.text:UARTCharGetNonBlocking)
                  00000d3c    0000000e                   : uart.obj (.text:UARTCharPutNonBlocking)
                  00000d4a    0000000e                   : uart.obj (.text:UARTCharsAvail)
                  00000d58    0000000e     rtsv7M4_T_le_v4SPD16_eabi.lib : copy_decompress_none.obj (.text:decompress:none)
                  00000d66    0000000c     driverlib.lib : cpu.obj (.text:CPUcpsie)
                  00000d72    0000000c     tm4c123gh6pm_startup_ccs.obj (.text)
                  00000d7e    0000000a     driverlib.lib : uart.obj (.text:UARTCharPut)
                  00000d88    0000000a                   : uart.obj (.text:UARTIntStatus)
                  00000d92    00000008                   : uart.obj (.text:UARTIntEnable)
                  00000d9a    00000006                   : gpio.obj (.text:GPIOPinWrite)
                  00000da0    00000006                   : sysctl.obj (.text:SysCtlDelay)
                  00000da6    00000006     rtsv7M4_T_le_v4SPD16_eabi.lib : copy_decompress_rle.obj (.text:decompress:rle24)
                  00000dac    00000004     driverlib.lib : uart.obj (.text:UARTIntClear)
                  00000db0    00000004     rtsv7M4_T_le_v4SPD16_eabi.lib : pre_init.obj (.text)

.const     0    00000db4    0000016c     
                  00000db4    00000090     driverlib.lib : gpio.obj (.const:g_pui32GPIOBaseAddrs)
                  00000e44    00000070                   : interrupt.obj (.const)
                  00000eb4    0000006c                   : sysctl.obj (.const:g_pui32Xtals)

.cinit     0    00000f20    00000020     
                  00000f20    0000000f     (.cinit..data.load) [load image, compression = rle]
                  00000f2f    00000001     --HOLE-- [fill = 0]
                  00000f30    00000008     (__TI_handler_table)
                  00000f38    00000008     (__TI_cinit_table)

.init_array 
*          0    00000000    00000000     UNINITIALIZED

.stack     0    20000000    00000200     UNINITIALIZED
                  20000000    00000200     --HOLE--

.data      0    20000200    00000014     UNINITIALIZED
                  20000200    00000008     rtsv7M4_T_le_v4SPD16_eabi.lib : _lock.obj (.data)
                  20000208    00000008                                   : exit.obj (.data)
                  20000210    00000004                                   : stkdepth_vars.obj (.data)

.TI.persistent 
*          0    20000200    00000000     UNINITIALIZED


LINKER GENERATED COPY TABLES

__TI_cinit_table @ 00000f38 records: 1, size/record: 8, table size: 8
	.data: load addr=00000f20, load size=0000000f bytes, run addr=20000200, run size=00000014 bytes, compression=rle


LINKER GENERATED HANDLER TABLE

__TI_handler_table @ 00000f30 records: 2, size/record: 4, table size: 8
	index: 0, handler: __TI_decompress_rle24
	index: 1, handler: __TI_decompress_none


GLOBAL SYMBOLS: SORTED ALPHABETICALLY BY Name 

address   name                    
-------   ----                    
00000bf1  C$$EXIT                 
00000d67  CPUcpsie                
00000c69  GPIODirModeSet          
00000535  GPIOPadConfigSet        
00000b61  GPIOPinConfigure        
00000cb5  GPIOPinTypeGPIOOutput   
00000d0d  GPIOPinTypeUART         
00000d9b  GPIOPinWrite            
00000a5d  IntEnable               
00000d1f  IntMasterEnable         
00000d73  ResetISR                
UNDEFED   SHT$$INIT_ARRAY$$Base   
UNDEFED   SHT$$INIT_ARRAY$$Limit  
00000669  SysCtlClockGet          
00000779  SysCtlClockSet          
00000da1  SysCtlDelay             
00000c35  SysCtlPeripheralEnable  
00000d2f  UARTCharGetNonBlocking  
00000d7f  UARTCharPut             
00000d3d  UARTCharPutNonBlocking  
00000d4b  UARTCharsAvail          
00000ba9  UARTConfigSetExpClk     
00000c95  UARTDisable             
00000ce5  UARTEnable              
00000dad  UARTIntClear            
00000d93  UARTIntEnable           
0000026d  UARTIntHandler          
00000d89  UARTIntStatus           
20000200  __STACK_END             
00000200  __STACK_SIZE            
20000200  __STACK_TOP             
00000f38  __TI_CINIT_Base         
00000f40  __TI_CINIT_Limit        
00000f30  __TI_Handler_Table_Base 
00000f38  __TI_Handler_Table_Limit
00000985  __TI_auto_init          
20000208  __TI_cleanup_ptr        
00000d59  __TI_decompress_none    
00000da7  __TI_decompress_rle24   
2000020c  __TI_dtors_ptr          
00000000  __TI_static_base__      
00000909  __aeabi_memclr          
00000909  __aeabi_memclr4         
00000909  __aeabi_memclr8         
0000086d  __aeabi_memcpy          
0000086d  __aeabi_memcpy4         
0000086d  __aeabi_memcpy8         
0000090b  __aeabi_memset          
0000090b  __aeabi_memset4         
0000090b  __aeabi_memset8         
ffffffff  __binit__               
ffffffff  __c_args__              
20000000  __stack                 
00000ccd  _args_main              
00000ac5  _c_int00                
20000200  _lock                   
00000d07  _nop                    
00000cff  _register_lock          
00000cf9  _register_unlock        
00000db1  _system_pre_init        
20000204  _unlock                 
00000bf5  abort                   
ffffffff  binit                   
00000b15  copy_in                 
00000bfd  exit                    
00000000  g_pfnVectors            
000002c1  main                    
20000210  main_func_sp            
0000086d  memcpy                  
00000911  memset                  


GLOBAL SYMBOLS: SORTED BY Symbol Address 

address   name                    
-------   ----                    
00000000  __TI_static_base__      
00000000  g_pfnVectors            
00000200  __STACK_SIZE            
0000026d  UARTIntHandler          
000002c1  main                    
00000535  GPIOPadConfigSet        
00000669  SysCtlClockGet          
00000779  SysCtlClockSet          
0000086d  __aeabi_memcpy          
0000086d  __aeabi_memcpy4         
0000086d  __aeabi_memcpy8         
0000086d  memcpy                  
00000909  __aeabi_memclr          
00000909  __aeabi_memclr4         
00000909  __aeabi_memclr8         
0000090b  __aeabi_memset          
0000090b  __aeabi_memset4         
0000090b  __aeabi_memset8         
00000911  memset                  
00000985  __TI_auto_init          
00000a5d  IntEnable               
00000ac5  _c_int00                
00000b15  copy_in                 
00000b61  GPIOPinConfigure        
00000ba9  UARTConfigSetExpClk     
00000bf1  C$$EXIT                 
00000bf5  abort                   
00000bfd  exit                    
00000c35  SysCtlPeripheralEnable  
00000c69  GPIODirModeSet          
00000c95  UARTDisable             
00000cb5  GPIOPinTypeGPIOOutput   
00000ccd  _args_main              
00000ce5  UARTEnable              
00000cf9  _register_unlock        
00000cff  _register_lock          
00000d07  _nop                    
00000d0d  GPIOPinTypeUART         
00000d1f  IntMasterEnable         
00000d2f  UARTCharGetNonBlocking  
00000d3d  UARTCharPutNonBlocking  
00000d4b  UARTCharsAvail          
00000d59  __TI_decompress_none    
00000d67  CPUcpsie                
00000d73  ResetISR                
00000d7f  UARTCharPut             
00000d89  UARTIntStatus           
00000d93  UARTIntEnable           
00000d9b  GPIOPinWrite            
00000da1  SysCtlDelay             
00000da7  __TI_decompress_rle24   
00000dad  UARTIntClear            
00000db1  _system_pre_init        
00000f30  __TI_Handler_Table_Base 
00000f38  __TI_CINIT_Base         
00000f38  __TI_Handler_Table_Limit
00000f40  __TI_CINIT_Limit        
20000000  __stack                 
20000200  __STACK_END             
20000200  __STACK_TOP             
20000200  _lock                   
20000204  _unlock                 
20000208  __TI_cleanup_ptr        
2000020c  __TI_dtors_ptr          
20000210  main_func_sp            
ffffffff  __binit__               
ffffffff  __c_args__              
ffffffff  binit                   
UNDEFED   SHT$$INIT_ARRAY$$Base   
UNDEFED   SHT$$INIT_ARRAY$$Limit  

[70 symbols]
