Archive member included because of file (symbol)

C:\ti\tirtos_tivac_2_14_04_31\products\uia_2_00_02_39\packages\ti\uia\loggers\lib\release\ti.uia.loggers.am4fg(LoggerStopMode.om4fg)
                              C:\Users\Koona\Documents\MTech\EmbeddedSystems\CCSWorkspace\empty_EK_TM4C123GXL_GNU_TivaTM4C123GH6PM\Debug\configPkg\package\cfg\empty_pm4fg.om4fg (ti_uia_loggers_LoggerStopMode_flush__E)
C:/ti/tirtos_tivac_2_14_04_31/packages/ti/drivers/lib/drivers_tivaware.am4fg(GPIOTiva.om4fg)
                              ./EK_TM4C123GXL.o (GPIO_init)
C:/ti/tirtos_tivac_2_14_04_31/packages/ti/drivers/lib/drivers_tivaware.am4fg(I2C.om4fg)
                              ./EK_TM4C123GXL.o (I2C_init)
C:/ti/tirtos_tivac_2_14_04_31/packages/ti/drivers/lib/drivers_tivaware.am4fg(I2CTiva.om4fg)
                              ./EK_TM4C123GXL.o (I2CTiva_fxnTable)
C:/ti/tirtos_tivac_2_14_04_31/packages/ti/drivers/lib/drivers_tivaware.am4fg(PWM.om4fg)
                              ./EK_TM4C123GXL.o (PWM_init)
C:/ti/tirtos_tivac_2_14_04_31/packages/ti/drivers/lib/drivers_tivaware.am4fg(PWMTiva.om4fg)
                              ./EK_TM4C123GXL.o (PWMTiva_fxnTable)
C:/ti/tirtos_tivac_2_14_04_31/packages/ti/drivers/lib/drivers_tivaware.am4fg(SDSPI.om4fg)
                              ./EK_TM4C123GXL.o (SDSPI_init)
C:/ti/tirtos_tivac_2_14_04_31/packages/ti/drivers/lib/drivers_tivaware.am4fg(SDSPITiva.om4fg)
                              ./EK_TM4C123GXL.o (SDSPITiva_fxnTable)
C:/ti/tirtos_tivac_2_14_04_31/packages/ti/drivers/lib/drivers_tivaware.am4fg(SPI.om4fg)
                              ./EK_TM4C123GXL.o (SPI_init)
C:/ti/tirtos_tivac_2_14_04_31/packages/ti/drivers/lib/drivers_tivaware.am4fg(SPITivaDMA.om4fg)
                              ./EK_TM4C123GXL.o (SPITivaDMA_fxnTable)
C:/ti/tirtos_tivac_2_14_04_31/packages/ti/drivers/lib/drivers_tivaware.am4fg(UART.om4fg)
                              ./EK_TM4C123GXL.o (UART_init)
C:/ti/tirtos_tivac_2_14_04_31/packages/ti/drivers/lib/drivers_tivaware.am4fg(UARTTiva.om4fg)
                              ./EK_TM4C123GXL.o (UARTTiva_fxnTable)
C:/ti/tirtos_tivac_2_14_04_31/packages/ti/drivers/lib/drivers_tivaware.am4fg(RingBuf.om4fg)
                              C:/ti/tirtos_tivac_2_14_04_31/packages/ti/drivers/lib/drivers_tivaware.am4fg(UARTTiva.om4fg) (RingBuf_construct)
C:/ti/tirtos_tivac_2_14_04_31/packages/ti/drivers/lib/drivers_tivaware.am4fg(Watchdog.om4fg)
                              ./EK_TM4C123GXL.o (Watchdog_init)
C:/ti/tirtos_tivac_2_14_04_31/packages/ti/drivers/lib/drivers_tivaware.am4fg(WatchdogTiva.om4fg)
                              ./EK_TM4C123GXL.o (WatchdogTiva_fxnTable)
C:\ti\tirtos_tivac_2_14_04_31\products\bios_6_42_03_35\packages\ti\sysbios\fatfs\lib\release\ti.sysbios.fatfs.am4fg(ff.om4fg)
                              C:/ti/tirtos_tivac_2_14_04_31/packages/ti/drivers/lib/drivers_tivaware.am4fg(SDSPITiva.om4fg) (f_mount)
C:\ti\tirtos_tivac_2_14_04_31\products\bios_6_42_03_35\packages\ti\sysbios\fatfs\lib\release\ti.sysbios.fatfs.am4fg(diskio.om4fg)
                              C:/ti/tirtos_tivac_2_14_04_31/packages/ti/drivers/lib/drivers_tivaware.am4fg(SDSPITiva.om4fg) (disk_register)
C:\ti\tirtos_tivac_2_14_04_31\products\bios_6_42_03_35\packages\ti\sysbios\fatfs\lib\release\ti.sysbios.fatfs.am4fg(syncsysbios.om4fg)
                              C:\ti\tirtos_tivac_2_14_04_31\products\bios_6_42_03_35\packages\ti\sysbios\fatfs\lib\release\ti.sysbios.fatfs.am4fg(ff.om4fg) (ff_cre_syncobj)
C:\Users\Koona\Documents\MTech\EmbeddedSystems\CCSWorkspace\empty_EK_TM4C123GXL_GNU_TivaTM4C123GH6PM\src\sysbios\sysbios.am4fg(m3_Hwi_asm_gnu.o)
                              C:\Users\Koona\Documents\MTech\EmbeddedSystems\CCSWorkspace\empty_EK_TM4C123GXL_GNU_TivaTM4C123GH6PM\Debug\configPkg\package\cfg\empty_pm4fg.om4fg (ti_sysbios_family_arm_m3_Hwi_pendSV(int0_t))
C:\Users\Koona\Documents\MTech\EmbeddedSystems\CCSWorkspace\empty_EK_TM4C123GXL_GNU_TivaTM4C123GH6PM\src\sysbios\sysbios.am4fg(m3_Hwi_asm_switch_gnu.o)
                              C:\Users\Koona\Documents\MTech\EmbeddedSystems\CCSWorkspace\empty_EK_TM4C123GXL_GNU_TivaTM4C123GH6PM\Debug\configPkg\package\cfg\empty_pm4fg.om4fg (ti_sysbios_family_arm_m3_Hwi_getTaskSP__E)
C:\Users\Koona\Documents\MTech\EmbeddedSystems\CCSWorkspace\empty_EK_TM4C123GXL_GNU_TivaTM4C123GH6PM\src\sysbios\sysbios.am4fg(m3_IntrinsicsSupport_asm_gnu.o)
                              C:\Users\Koona\Documents\MTech\EmbeddedSystems\CCSWorkspace\empty_EK_TM4C123GXL_GNU_TivaTM4C123GH6PM\Debug\configPkg\package\cfg\empty_pm4fg.om4fg (ti_sysbios_family_arm_m3_IntrinsicsSupport_maxbit__E)
C:\Users\Koona\Documents\MTech\EmbeddedSystems\CCSWorkspace\empty_EK_TM4C123GXL_GNU_TivaTM4C123GH6PM\src\sysbios\sysbios.am4fg(m3_TaskSupport_asm_gnu.o)
[...]
Memory Configuration

Name             Origin             Length             Attributes
FLASH            0x00000000         0x00040000         xr
SRAM             0x20000000         0x00008000         xw
*default*        0x00000000         0xffffffff

Linker script and memory map

LOAD ./EK_TM4C123GXL.o
LOAD ./empty.o
LOAD ./gameConsoleRTOS.o
                0x00000000                PROVIDE (_intvecs_base_address, DEFINED (_intvecs_base_address)?_intvecs_base_address:0x0)

.intvecs        0x00000000       0x3c
 *(.intvecs)
 .intvecs       0x00000000       0x3c C:\Users\Koona\Documents\MTech\EmbeddedSystems\CCSWorkspace\empty_EK_TM4C123GXL_GNU_TivaTM4C123GH6PM\Debug\configPkg\package\cfg\empty_pm4fg.om4fg
                0x00000000                ti_sysbios_family_arm_m3_Hwi_resetVectors
                0x20000000                PROVIDE (_vtable_base_address, DEFINED (_vtable_base_address)?_vtable_base_address:0x20000000)

.vtable         0x20000000      0x360
 *(.vtable)
 .vtable        0x20000000      0x360 C:\Users\Koona\Documents\MTech\EmbeddedSystems\CCSWorkspace\empty_EK_TM4C123GXL_GNU_TivaTM4C123GH6PM\Debug\configPkg\package\cfg\empty_pm4fg.om4fg
                0x20000000                ti_sysbios_family_arm_m3_Hwi_ramVectors

.text           0x00000040     0x87bc
 CREATE_OBJECT_SYMBOLS
 *(.text)
 .text          0x00000040      0x13c C:\Users\Koona\Documents\MTech\EmbeddedSystems\CCSWorkspace\empty_EK_TM4C123GXL_GNU_TivaTM4C123GH6PM\src\sysbios\sysbios.am4fg(m3_Hwi_asm_gnu.o)
                0x00000040                ti_sysbios_family_arm_m3_Hwi_dispatch(int0_t)
                0x0000011c                ti_sysbios_family_arm_m3_Hwi_pendSV(int0_t)
                0x0000015c                ti_sysbios_family_arm_m3_Hwi_excHandlerAsm(int0_t)
 *fill*         0x0000017c        0x4 
 .text          0x00000180       0xa0 C:\Users\Koona\Documents\MTech\EmbeddedSystems\CCSWorkspace\empty_EK_TM4C123GXL_GNU_TivaTM4C123GH6PM\src\sysbios\sysbios.am4fg(m3_Hwi_asm_switch_gnu.o)
                0x0000019c                ti_sysbios_family_xxx_Hwi_switchAndRunFunc
                0x000001ba                ti_sysbios_family_arm_m3_Hwi_getTaskSP__E
                0x000001c0                ti_sysbios_family_arm_m3_Hwi_initStacks__E
 .text          0x00000220       0xd0 C:\Users\Koona\Documents\MTech\EmbeddedSystems\CCSWorkspace\empty_EK_TM4C123GXL_GNU_TivaTM4C123GH6PM\src\sysbios\sysbios.am4fg(m3_TaskSupport_asm_gnu.o)
                0x00000220                ti_sysbios_family_arm_m3_TaskSupport_buildTaskStack
                0x000002ac                ti_sysbios_family_arm_m3_TaskSupport_swap__E
                0x000002b8                ti_sysbios_knl_Task_swapReturn
                0x000002d4                ti_sysbios_family_arm_m3_TaskSupport_glue
 *(.text.*)
 .text.timer2Init
                0x000002f0       0x50 ./empty.o
                0x000002f0                timer2Init
 .text.glcd_cmd
                0x00000340       0x70 ./empty.o
                0x00000340                glcd_cmd
 .text.glcd_data
                0x000003b0       0x70 ./empty.o
                0x000003b0                glcd_data
 .text.glcd_init
                0x00000420       0x78 ./empty.o
                0x00000420                glcd_init
 .text.glcd_setpage
                0x00000498       0x44 ./empty.o
                0x00000498                glcd_setpage
 .text.glcd_setcolumn
                0x000004dc       0x54 ./empty.o
                0x000004dc                glcd_setcolumn
 .text.glcd_cleardisplay
                0x00000530       0x48 ./empty.o
                0x00000530                glcd_cleardisplay
 .text.main     0x00000578      0x21c ./empty.o
                0x00000578                main
 .text.updateGLCD
                0x00000794      0x334 ./empty.o
                0x00000794                updateGLCD
 .text.readADC  0x00000ac8       0x90 ./empty.o
                0x00000ac8                readADC
 .text.readSWITCH
                0x00000b58      0x128 ./empty.o
                0x00000b58                readSWITCH
 .text.Timer_ISR
                0x00000c80       0x4c ./empty.o
                0x00000c80                Timer_ISR
 .text.ti_uia_loggers_LoggerStopMode_setFilterLevel__E
                0x00000ccc        0x4 C:\Users\Koona\Documents\MTech\EmbeddedSystems\CCSWorkspace\empty_EK_TM4C123GXL_GNU_TivaTM4C123GH6PM\Debug\configPkg\package\cfg\empty_pm4fg.om4fg
                0x00000ccc                ti_uia_loggers_LoggerStopMode_setFilterLevel__E
 .text.ti_uia_loggers_LoggerStopMode_getFilterLevel__E
                0x00000cd0        0x4 C:\Users\Koona\Documents\MTech\EmbeddedSystems\CCSWorkspace\empty_EK_TM4C123GXL_GNU_TivaTM4C123GH6PM\Debug\configPkg\package\cfg\empty_pm4fg.om4fg
                0x00000cd0                ti_uia_loggers_LoggerStopMode_getFilterLevel__E
 .text.xdc_runtime_Startup_exec__I
                0x00000cd4       0x14 C:\Users\Koona\Documents\MTech\EmbeddedSystems\CCSWorkspace\empty_EK_TM4C123GXL_GNU_TivaTM4C123GH6PM\Debug\configPkg\package\cfg\empty_pm4fg.om4fg
                0x00000cd4                xdc_runtime_Startup_exec(int0_t)
 .text.xdc_runtime_System_printfExtend__I
                0x00000ce8       0xd4 C:\Users\Koona\Documents\MTech\EmbeddedSystems\CCSWorkspace\empty_EK_TM4C123GXL_GNU_TivaTM4C123GH6PM\Debug\configPkg\package\cfg\empty_pm4fg.om4fg
                0x00000ce8                xdc_runtime_System_printfExtend(int0_t)
 .text.xdc_runtime_SysMin_output__I
                0x00000dbc       0x24 C:\Users\Koona\Documents\MTech\EmbeddedSystems\CCSWorkspace\empty_EK_TM4C123GXL_GNU_TivaTM4C123GH6PM\Debug\configPkg\package\cfg\empty_pm4fg.om4fg
                0x00000dbc                xdc_runtime_SysMin_output(int0_t)
 .text.xdc_runtime_Text_visitRope__I
                0x00000de0       0x10 C:\Users\Koona\Documents\MTech\EmbeddedSystems\CCSWorkspace\empty_EK_TM4C123GXL_GNU_TivaTM4C123GH6PM\Debug\configPkg\package\cfg\empty_pm4fg.om4fg
                0x00000de0                xdc_runtime_Text_visitRope(int0_t)
 .text.ti_catalog_arm_cortexm4_tiva_ce_Boot_init__I
                0x00000df0        0xc C:\Users\Koona\Documents\MTech\EmbeddedSystems\CCSWorkspace\empty_EK_TM4C123GXL_GNU_TivaTM4C123GH6PM\Debug\configPkg\package\cfg\empty_pm4fg.om4fg
                0x00000df0                ti_catalog_arm_cortexm4_tiva_ce_Boot_init(int0_t)
 .text.ti_sysbios_BIOS_startFunc__I
                0x00000dfc       0x20 C:\Users\Koona\Documents\MTech\EmbeddedSystems\CCSWorkspace\empty_EK_TM4C123GXL_GNU_TivaTM4C123GH6PM\Debug\configPkg\package\cfg\empty_pm4fg.om4fg
                0x00000dfc                ti_sysbios_BIOS_startFunc(int0_t)
 .text.ti_sysbios_BIOS_atExitFunc__I
                0x00000e1c       0x14 C:\Users\Koona\Documents\MTech\EmbeddedSystems\CCSWorkspace\empty_EK_TM4C123GXL_GNU_TivaTM4C123GH6PM\Debug\configPkg\package\cfg\empty_pm4fg.om4fg
                0x00000e1c                ti_sysbios_BIOS_atExitFunc(int0_t)
 .text.ti_sysbios_BIOS_exitFunc__I
                0x00000e30       0x14 C:\Users\Koona\Documents\MTech\EmbeddedSystems\CCSWorkspace\empty_EK_TM4C123GXL_GNU_TivaTM4C123GH6PM\Debug\configPkg\package\cfg\empty_pm4fg.om4fg
                0x00000e30                ti_sysbios_BIOS_exitFunc(int0_t)
 .text.ti_sysbios_BIOS_errorRaiseHook__I
                0x00000e44       0x2c C:\Users\Koona\Documents\MTech\EmbeddedSystems\CCSWorkspace\empty_EK_TM4C123GXL_GNU_TivaTM4C123GH6PM\Debug\configPkg\package\cfg\empty_pm4fg.om4fg
                0x00000e44                ti_sysbios_BIOS_errorRaiseHook(int0_t)
 .text.ti_uia_loggers_LoggerStopMode_writeMemoryRange__E
                0x00000e70      0x154 C:\Users\Koona\Documents\MTech\EmbeddedSystems\CCSWorkspace\empty_EK_TM4C123GXL_GNU_TivaTM4C123GH6PM\Debug\configPkg\package\cfg\empty_pm4fg.om4fg
                0x00000e70                ti_uia_loggers_LoggerStopMode_writeMemoryRange__E
 .text.ti_sysbios_gates_GateHwi_Handle__label__S
                0x00000fc4       0x1c C:\Users\Koona\Documents\MTech\EmbeddedSystems\CCSWorkspace\empty_EK_TM4C123GXL_GNU_TivaTM4C123GH6PM\Debug\configPkg\package\cfg\empty_pm4fg.om4fg
                0x00000fc4                ti_sysbios_gates_GateHwi_Handle__label(void) static
 .text.ti_sysbios_gates_GateMutex_Handle__label__S
                0x00000fe0       0x1c C:\Users\Koona\Documents\MTech\EmbeddedSystems\CCSWorkspace\empty_EK_TM4C123GXL_GNU_TivaTM4C123GH6PM\Debug\configPkg\package\cfg\empty_pm4fg.om4fg
                0x00000fe0                ti_sysbios_gates_GateMutex_Handle__label(void) static
 .text.ti_sysbios_heaps_HeapMem_Handle__label__S
                0x00000ffc       0x1c C:\Users\Koona\Documents\MTech\EmbeddedSystems\CCSWorkspace\empty_EK_TM4C123GXL_GNU_TivaTM4C123GH6PM\Debug\configPkg\package\cfg\empty_pm4fg.om4fg
                0x00000ffc                ti_sysbios_heaps_HeapMem_Handle__label(void) static
 .text.ti_uia_loggers_LoggerStopMode_Handle__label__S
                0x00001018       0x1c C:\Users\Koona\Documents\MTech\EmbeddedSystems\CCSWorkspace\empty_EK_TM4C123GXL_GNU_TivaTM4C123GH6PM\Debug\configPkg\package\cfg\empty_pm4fg.om4fg
                0x00001018                ti_uia_loggers_LoggerStopMode_Handle__label(void) static
 .text.ti_sysbios_gates_GateHwi_Object__delete__S
                0x00001034       0x24 C:\Users\Koona\Documents\MTech\EmbeddedSystems\CCSWorkspace\empty_EK_TM4C123GXL_GNU_TivaTM4C123GH6PM\Debug\configPkg\package\cfg\empty_pm4fg.om4fg
                0x00001034                ti_sysbios_gates_GateHwi_Object__delete(void) static
 .text.ti_sysbios_gates_GateMutex_Object__delete__S
                0x00001058       0x28 C:\Users\Koona\Documents\MTech\EmbeddedSystems\CCSWorkspace\empty_EK_TM4C123GXL_GNU_TivaTM4C123GH6PM\Debug\configPkg\package\cfg\empty_pm4fg.om4fg
                0x00001058                ti_sysbios_gates_GateMutex_Object__delete(void) static
 .text.ti_sysbios_heaps_HeapMem_Object__delete__S
                0x00001080       0x24 C:\Users\Koona\Documents\MTech\EmbeddedSystems\CCSWorkspace\empty_EK_TM4C123GXL_GNU_TivaTM4C123GH6PM\Debug\configPkg\package\cfg\empty_pm4fg.om4fg
                0x00001080                ti_sysbios_heaps_HeapMem_Object__delete(void) static
 .text.ti_uia_loggers_LoggerStopMode_Object__delete__S
                0x000010a4       0x24 C:\Users\Koona\Documents\MTech\EmbeddedSystems\CCSWorkspace\empty_EK_TM4C123GXL_GNU_TivaTM4C123GH6PM\Debug\configPkg\package\cfg\empty_pm4fg.om4fg
                0x000010a4                ti_uia_loggers_LoggerStopMode_Object__delete(void) static
 .text.ti_sysbios_gates_GateHwi_Object__create__S
                0x000010c8       0x2c C:\Users\Koona\Documents\MTech\EmbeddedSystems\CCSWorkspace\empty_EK_TM4C123GXL_GNU_TivaTM4C123GH6PM\Debug\configPkg\package\cfg\empty_pm4fg.om4fg
                0x000010c8                ti_sysbios_gates_GateHwi_Object__create(void) static
 .text.ti_sysbios_gates_GateMutex_Object__create__S
                0x000010f4       0x2c C:\Users\Koona\Documents\MTech\EmbeddedSystems\CCSWorkspace\empty_EK_TM4C123GXL_GNU_TivaTM4C123GH6PM\Debug\configPkg\package\cfg\empty_pm4fg.om4fg
                0x000010f4                ti_sysbios_gates_GateMutex_Object__create(void) static
 .text.ti_sysbios_heaps_HeapMem_Object__create__S
                0x00001120       0x2c C:\Users\Koona\Documents\MTech\EmbeddedSystems\CCSWorkspace\empty_EK_TM4C123GXL_GNU_TivaTM4C123GH6PM\Debug\configPkg\package\cfg\empty_pm4fg.om4fg
                0x00001120                ti_sysbios_heaps_HeapMem_Object__create(void) static
 .text.ti_uia_loggers_LoggerStopMode_Object__create__S
                0x0000114c       0x2c C:\Users\Koona\Documents\MTech\EmbeddedSystems\CCSWorkspace\empty_EK_TM4C123GXL_GNU_TivaTM4C123GH6PM\Debug\configPkg\package\cfg\empty_pm4fg.om4fg
                0x0000114c                ti_uia_loggers_LoggerStopMode_Object__create(void) static
 .text.ti_uia_loggers_LoggerStopMode_write8__E
                0x00001178       0xf0 C:\Users\Koona\Documents\MTech\EmbeddedSystems\CCSWorkspace\empty_EK_TM4C123GXL_GNU_TivaTM4C123GH6PM\Debug\configPkg\package\cfg\empty_pm4fg.om4fg
                0x00001178                ti_uia_loggers_LoggerStopMode_write8__E
 .text.ti_sysbios_knl_Clock_doTick__I
                0x00001268       0x30 C:\Users\Koona\Documents\MTech\EmbeddedSystems\CCSWorkspace\empty_EK_TM4C123GXL_GNU_TivaTM4C123GH6PM\Debug\configPkg\package\cfg\empty_pm4fg.om4fg
                0x00001268                ti_sysbios_knl_Clock_doTick(int0_t)
 .text.ti_uia_loggers_LoggerStopMode_write0__E
                0x00001298       0xa8 C:\Users\Koona\Documents\MTech\EmbeddedSystems\CCSWorkspace\empty_EK_TM4C123GXL_GNU_TivaTM4C123GH6PM\Debug\configPkg\package\cfg\empty_pm4fg.om4fg
                0x00001298                ti_uia_loggers_LoggerStopMode_write0__E
 .text.ti_uia_loggers_LoggerStopMode_write1__E
                0x00001340       0xb4 C:\Users\Koona\Documents\MTech\EmbeddedSystems\CCSWorkspace\empty_EK_TM4C123GXL_GNU_TivaTM4C123GH6PM\Debug\configPkg\package\cfg\empty_pm4fg.om4fg
                0x00001340                ti_uia_loggers_LoggerStopMode_write1__E
 .text.ti_uia_loggers_LoggerStopMode_write2__E
                0x000013f4       0xb8 C:\Users\Koona\Documents\MTech\EmbeddedSystems\CCSWorkspace\empty_EK_TM4C123GXL_GNU_TivaTM4C123GH6PM\Debug\configPkg\package\cfg\empty_pm4fg.om4fg
                0x000013f4                ti_uia_loggers_LoggerStopMode_write2__E
 .text.ti_uia_loggers_LoggerStopMode_write4__E
                0x000014ac       0xc4 C:\Users\Koona\Documents\MTech\EmbeddedSystems\CCSWorkspace\empty_EK_TM4C123GXL_GNU_TivaTM4C123GH6PM\Debug\configPkg\package\cfg\empty_pm4fg.om4fg
                0x000014ac                ti_uia_loggers_LoggerStopMode_write4__E
 .text.xdc_runtime_Startup_reset__I
                0x00001570        0x4 C:\Users\Koona\Documents\MTech\EmbeddedSystems\CCSWorkspace\empty_EK_TM4C123GXL_GNU_TivaTM4C123GH6PM\Debug\configPkg\package\cfg\empty_pm4fg.om4fg
                0x00001570                xdc_runtime_Startup_reset(int0_t)
 .text.__getreent
                0x00001574       0x1c C:\Users\Koona\Documents\MTech\EmbeddedSystems\CCSWorkspace\empty_EK_TM4C123GXL_GNU_TivaTM4C123GH6PM\Debug\configPkg\package\cfg\empty_pm4fg.om4fg
                0x00001574                __getreent
 .text.__libc_lock_release_recursive
                0x00001590       0x14 C:\Users\Koona\Documents\MTech\EmbeddedSystems\CCSWorkspace\empty_EK_TM4C123GXL_GNU_TivaTM4C123GH6PM\Debug\configPkg\package\cfg\empty_pm4fg.om4fg
                0x00001590                __libc_lock_release_recursive
 .text.__libc_lock_close_recursive
                0x000015a4       0x30 C:\Users\Koona\Documents\MTech\EmbeddedSystems\CCSWorkspace\empty_EK_TM4C123GXL_GNU_TivaTM4C123GH6PM\Debug\configPkg\package\cfg\empty_pm4fg.om4fg
                0x000015a4                __libc_lock_close_recursive
 .text.malloc   0x000015d4       0x30 C:\Users\Koona\Documents\MTech\EmbeddedSystems\CCSWorkspace\empty_EK_TM4C123GXL_GNU_TivaTM4C123GH6PM\Debug\configPkg\package\cfg\empty_pm4fg.om4fg
                0x000015d4                malloc
 .text.free     0x00001604       0x18 C:\Users\Koona\Documents\MTech\EmbeddedSystems\CCSWorkspace\empty_EK_TM4C123GXL_GNU_TivaTM4C123GH6PM\Debug\configPkg\package\cfg\empty_pm4fg.om4fg
                0x00001604                free
 .text._free_r  0x0000161c        0x8 C:\Users\Koona\Documents\MTech\EmbeddedSystems\CCSWorkspace\empty_EK_TM4C123GXL_GNU_TivaTM4C123GH6PM\Debug\configPkg\package\cfg\empty_pm4fg.om4fg
                0x0000161c                _free_r
 .text.ti_sysbios_utils_Load_update__E
                0x00001624        0x4 C:\Users\Koona\Documents\MTech\EmbeddedSystems\CCSWorkspace\empty_EK_TM4C123GXL_GNU_TivaTM4C123GH6PM\Debug\configPkg\package\cfg\empty_pm4fg.om4fg
                0x00001624                ti_sysbios_utils_Load_update__E
 .text.xdc_runtime_System_printf__E
                0x00001628       0x1c C:\Users\Koona\Documents\MTech\EmbeddedSystems\CCSWorkspace\empty_EK_TM4C123GXL_GNU_TivaTM4C123GH6PM\Debug\configPkg\package\cfg\empty_pm4fg.om4fg
                0x00001628                xdc_runtime_System_printf__E
 .text.xdc_runtime_System_aprintf__E
                0x00001644       0x1c C:\Users\Koona\Documents\MTech\EmbeddedSystems\CCSWorkspace\empty_EK_TM4C123GXL_GNU_TivaTM4C123GH6PM\Debug\configPkg\package\cfg\empty_pm4fg.om4fg
                0x00001644                xdc_runtime_System_aprintf__E
 .text.ti_sysbios_hal_Hwi_HwiProxy_Module__startupDone__S
                0x00001660       0x14 C:\Users\Koona\Documents\MTech\EmbeddedSystems\CCSWorkspace\empty_EK_TM4C123GXL_GNU_TivaTM4C123GH6PM\Debug\configPkg\package\cfg\empty_pm4fg.om4fg
                0x00001660                ti_sysbios_hal_Hwi_HwiProxy_Module__startupDone(void) static
 .text.ti_sysbios_hal_Hwi_HwiProxy_getStackInfo__E
                0x00001674        0x4 C:\Users\Koona\Documents\MTech\EmbeddedSystems\CCSWorkspace\empty_EK_TM4C123GXL_GNU_TivaTM4C123GH6PM\Debug\configPkg\package\cfg\empty_pm4fg.om4fg
                0x00001674                ti_sysbios_hal_Hwi_HwiProxy_getStackInfo__E
 .text.ti_sysbios_hal_Hwi_HwiProxy_startup__E
                0x00001678        0x4 C:\Users\Koona\Documents\MTech\EmbeddedSystems\CCSWorkspace\empty_EK_TM4C123GXL_GNU_TivaTM4C123GH6PM\Debug\configPkg\package\cfg\empty_pm4fg.om4fg
                0x00001678                ti_sysbios_hal_Hwi_HwiProxy_startup__E
 .text.ti_sysbios_hal_Hwi_HwiProxy_switchFromBootStack__E
                0x0000167c        0x4 C:\Users\Koona\Documents\MTech\EmbeddedSystems\CCSWorkspace\empty_EK_TM4C123GXL_GNU_TivaTM4C123GH6PM\Debug\configPkg\package\cfg\empty_pm4fg.om4fg
                0x0000167c                ti_sysbios_hal_Hwi_HwiProxy_switchFromBootStack__E
 .text.ti_sysbios_heaps_HeapMem_Module_GateProxy_query__E
                0x00001680        0x4 C:\Users\Koona\Documents\MTech\EmbeddedSystems\CCSWorkspace\empty_EK_TM4C123GXL_GNU_TivaTM4C123GH6PM\Debug\configPkg\package\cfg\empty_pm4fg.om4fg
                0x00001680                ti_sysbios_heaps_HeapMem_Module_GateProxy_query__E
 .text.ti_sysbios_heaps_HeapMem_Module_GateProxy_enter__E
                0x00001684        0x4 C:\Users\Koona\Documents\MTech\EmbeddedSystems\CCSWorkspace\empty_EK_TM4C123GXL_GNU_TivaTM4C123GH6PM\Debug\configPkg\package\cfg\empty_pm4fg.om4fg
                0x00001684                ti_sysbios_heaps_HeapMem_Module_GateProxy_enter__E
 .text.ti_sysbios_heaps_HeapMem_Module_GateProxy_leave__E
                0x00001688        0x4 C:\Users\Koona\Documents\MTech\EmbeddedSystems\CCSWorkspace\empty_EK_TM4C123GXL_GNU_TivaTM4C123GH6PM\Debug\configPkg\package\cfg\empty_pm4fg.om4fg
                0x00001688                ti_sysbios_heaps_HeapMem_Module_GateProxy_leave__E
 .text.ti_sysbios_knl_Clock_TimerProxy_Module__startupDone__S
                0x0000168c       0x14 C:\Users\Koona\Documents\MTech\EmbeddedSystems\CCSWorkspace\empty_EK_TM4C123GXL_GNU_TivaTM4C123GH6PM\Debug\configPkg\package\cfg\empty_pm4fg.om4fg
                0x0000168c                ti_sysbios_knl_Clock_TimerProxy_Module__startupDone(void) static
 .text.ti_sysbios_knl_Clock_TimerProxy_getMaxTicks__E
                0x000016a0        0x4 C:\Users\Koona\Documents\MTech\EmbeddedSystems\CCSWorkspace\empty_EK_TM4C123GXL_GNU_TivaTM4C123GH6PM\Debug\configPkg\package\cfg\empty_pm4fg.om4fg
                0x000016a0                ti_sysbios_knl_Clock_TimerProxy_getMaxTicks__E
 .text.ti_sysbios_knl_Clock_TimerProxy_getPeriod__E
                0x000016a4        0x4 C:\Users\Koona\Documents\MTech\EmbeddedSystems\CCSWorkspace\empty_EK_TM4C123GXL_GNU_TivaTM4C123GH6PM\Debug\configPkg\package\cfg\empty_pm4fg.om4fg
                0x000016a4                ti_sysbios_knl_Clock_TimerProxy_getPeriod__E
 .text.ti_sysbios_knl_Task_SupportProxy_Module__startupDone__S
                0x000016a8        0x4 C:\Users\Koona\Documents\MTech\EmbeddedSystems\CCSWorkspace\empty_EK_TM4C123GXL_GNU_TivaTM4C123GH6PM\Debug\configPkg\package\cfg\empty_pm4fg.om4fg
                0x000016a8                ti_sysbios_knl_Task_SupportProxy_Module__startupDone(void) static
 .text.ti_sysbios_knl_Task_SupportProxy_start__E
                0x000016ac        0x4 C:\Users\Koona\Documents\MTech\EmbeddedSystems\CCSWorkspace\empty_EK_TM4C123GXL_GNU_TivaTM4C123GH6PM\Debug\configPkg\package\cfg\empty_pm4fg.om4fg
                0x000016ac                ti_sysbios_knl_Task_SupportProxy_start__E
 .text.ti_sysbios_knl_Task_SupportProxy_swap__E
                0x000016b0        0x4 C:\Users\Koona\Documents\MTech\EmbeddedSystems\CCSWorkspace\empty_EK_TM4C123GXL_GNU_TivaTM4C123GH6PM\Debug\configPkg\package\cfg\empty_pm4fg.om4fg
                0x000016b0                ti_sysbios_knl_Task_SupportProxy_swap__E
 .text.ti_sysbios_knl_Task_SupportProxy_checkStack__E
                0x000016b4        0x4 C:\Users\Koona\Documents\MTech\EmbeddedSystems\CCSWorkspace\empty_EK_TM4C123GXL_GNU_TivaTM4C123GH6PM\Debug\configPkg\package\cfg\empty_pm4fg.om4fg
                0x000016b4                ti_sysbios_knl_Task_SupportProxy_checkStack__E
 .text.xdc_runtime_Memory_HeapProxy_alloc__E
                0x000016b8        0xc C:\Users\Koona\Documents\MTech\EmbeddedSystems\CCSWorkspace\empty_EK_TM4C123GXL_GNU_TivaTM4C123GH6PM\Debug\configPkg\package\cfg\empty_pm4fg.om4fg
                0x000016b8                xdc_runtime_Memory_HeapProxy_alloc__E
 .text.xdc_runtime_Memory_HeapProxy_free__E
                0x000016c4        0xc C:\Users\Koona\Documents\MTech\EmbeddedSystems\CCSWorkspace\empty_EK_TM4C123GXL_GNU_TivaTM4C123GH6PM\Debug\configPkg\package\cfg\empty_pm4fg.om4fg
                0x000016c4                xdc_runtime_Memory_HeapProxy_free__E
 .text.xdc_runtime_System_Module_GateProxy_enter__E
                0x000016d0        0x4 C:\Users\Koona\Documents\MTech\EmbeddedSystems\CCSWorkspace\empty_EK_TM4C123GXL_GNU_TivaTM4C123GH6PM\Debug\configPkg\package\cfg\empty_pm4fg.om4fg
                0x000016d0                xdc_runtime_System_Module_GateProxy_enter__E
 .text.xdc_runtime_System_Module_GateProxy_leave__E
                0x000016d4        0x4 C:\Users\Koona\Documents\MTech\EmbeddedSystems\CCSWorkspace\empty_EK_TM4C123GXL_GNU_TivaTM4C123GH6PM\Debug\configPkg\package\cfg\empty_pm4fg.om4fg
                0x000016d4                xdc_runtime_System_Module_GateProxy_leave__E
 .text.xdc_runtime_System_SupportProxy_abort__E
                0x000016d8        0x4 C:\Users\Koona\Documents\MTech\EmbeddedSystems\CCSWorkspace\empty_EK_TM4C123GXL_GNU_TivaTM4C123GH6PM\Debug\configPkg\package\cfg\empty_pm4fg.om4fg
                0x000016d8                xdc_runtime_System_SupportProxy_abort__E
 .text.xdc_runtime_System_SupportProxy_exit__E
                0x000016dc        0x4 C:\Users\Koona\Documents\MTech\EmbeddedSystems\CCSWorkspace\empty_EK_TM4C123GXL_GNU_TivaTM4C123GH6PM\Debug\configPkg\package\cfg\empty_pm4fg.om4fg
                0x000016dc                xdc_runtime_System_SupportProxy_exit__E
 .text.xdc_runtime_System_SupportProxy_putch__E
                0x000016e0        0x4 C:\Users\Koona\Documents\MTech\EmbeddedSystems\CCSWorkspace\empty_EK_TM4C123GXL_GNU_TivaTM4C123GH6PM\Debug\configPkg\package\cfg\empty_pm4fg.om4fg
                0x000016e0                xdc_runtime_System_SupportProxy_putch__E
 .text.xdc_runtime_System_SupportProxy_ready__E
                0x000016e4        0x4 C:\Users\Koona\Documents\MTech\EmbeddedSystems\CCSWorkspace\empty_EK_TM4C123GXL_GNU_TivaTM4C123GH6PM\Debug\configPkg\package\cfg\empty_pm4fg.om4fg
                0x000016e4                xdc_runtime_System_SupportProxy_ready__E
 .text.xdc_runtime_Timestamp_SupportProxy_get32__E
                0x000016e8        0x4 C:\Users\Koona\Documents\MTech\EmbeddedSystems\CCSWorkspace\empty_EK_TM4C123GXL_GNU_TivaTM4C123GH6PM\Debug\configPkg\package\cfg\empty_pm4fg.om4fg
                0x000016e8                xdc_runtime_Timestamp_SupportProxy_get32__E
 .text.xdc_runtime_Timestamp_SupportProxy_get64__E
                0x000016ec        0x4 C:\Users\Koona\Documents\MTech\EmbeddedSystems\CCSWorkspace\empty_EK_TM4C123GXL_GNU_TivaTM4C123GH6PM\Debug\configPkg\package\cfg\empty_pm4fg.om4fg
                0x000016ec                xdc_runtime_Timestamp_SupportProxy_get64__E
 .text.xdc_runtime_Timestamp_SupportProxy_getFreq__E
                0x000016f0        0x4 C:\Users\Koona\Documents\MTech\EmbeddedSystems\CCSWorkspace\empty_EK_TM4C123GXL_GNU_TivaTM4C123GH6PM\Debug\configPkg\package\cfg\empty_pm4fg.om4fg
                0x000016f0                xdc_runtime_Timestamp_SupportProxy_getFreq__E
 .text.ti_sysbios_family_arm_m3_Hwi_Handle__label__S
                0x000016f4       0x1c C:\Users\Koona\Documents\MTech\EmbeddedSystems\CCSWorkspace\empty_EK_TM4C123GXL_GNU_TivaTM4C123GH6PM\Debug\configPkg\package\cfg\empty_pm4fg.om4fg
                0x000016f4                ti_sysbios_family_arm_m3_Hwi_Handle__label(void) static
 .text.ti_sysbios_family_arm_m3_Hwi_Object__get__S
                0x00001710       0x1c C:\Users\Koona\Documents\MTech\EmbeddedSystems\CCSWorkspace\empty_EK_TM4C123GXL_GNU_TivaTM4C123GH6PM\Debug\configPkg\package\cfg\empty_pm4fg.om4fg
                0x00001710                ti_sysbios_family_arm_m3_Hwi_Object__get(void) static
 .text.ti_sysbios_heaps_HeapMem_Object__get__S
                0x0000172c       0x1c C:\Users\Koona\Documents\MTech\EmbeddedSystems\CCSWorkspace\empty_EK_TM4C123GXL_GNU_TivaTM4C123GH6PM\Debug\configPkg\package\cfg\empty_pm4fg.om4fg
                0x0000172c                ti_sysbios_heaps_HeapMem_Object__get(void) static
 .text.ti_sysbios_knl_Queue_Object__get__S
                0x00001748        0x8 C:\Users\Koona\Documents\MTech\EmbeddedSystems\CCSWorkspace\empty_EK_TM4C123GXL_GNU_TivaTM4C123GH6PM\Debug\configPkg\package\cfg\empty_pm4fg.om4fg
                0x00001748                ti_sysbios_knl_Queue_Object__get(void) static
 .text.ti_sysbios_knl_Queue_construct
                0x00001750       0x2c C:\Users\Koona\Documents\MTech\EmbeddedSystems\CCSWorkspace\empty_EK_TM4C123GXL_GNU_TivaTM4C123GH6PM\Debug\configPkg\package\cfg\empty_pm4fg.om4fg
                0x00001750                ti_sysbios_knl_Queue_construct
 .text.ti_sysbios_knl_Queue_destruct
                0x0000177c       0x20 C:\Users\Koona\Documents\MTech\EmbeddedSystems\CCSWorkspace\empty_EK_TM4C123GXL_GNU_TivaTM4C123GH6PM\Debug\configPkg\package\cfg\empty_pm4fg.om4fg
                0x0000177c                ti_sysbios_knl_Queue_destruct
 .text.ti_sysbios_knl_Semaphore_construct
                0x0000179c       0x30 C:\Users\Koona\Documents\MTech\EmbeddedSystems\CCSWorkspace\empty_EK_TM4C123GXL_GNU_TivaTM4C123GH6PM\Debug\configPkg\package\cfg\empty_pm4fg.om4fg
                0x0000179c                ti_sysbios_knl_Semaphore_construct
 .text.__libc_lock_init_recursive
                0x000017cc       0x34 C:\Users\Koona\Documents\MTech\EmbeddedSystems\CCSWorkspace\empty_EK_TM4C123GXL_GNU_TivaTM4C123GH6PM\Debug\configPkg\package\cfg\empty_pm4fg.om4fg
                0x000017cc                __libc_lock_init_recursive
 .text.__libc_lock_acquire_recursive
                0x00001800       0x78 C:\Users\Koona\Documents\MTech\EmbeddedSystems\CCSWorkspace\empty_EK_TM4C123GXL_GNU_TivaTM4C123GH6PM\Debug\configPkg\package\cfg\empty_pm4fg.om4fg
                0x00001800                __libc_lock_acquire_recursive
 .text.ti_sysbios_knl_Semaphore_destruct
                0x00001878       0x24 C:\Users\Koona\Documents\MTech\EmbeddedSystems\CCSWorkspace\empty_EK_TM4C123GXL_GNU_TivaTM4C123GH6PM\Debug\configPkg\package\cfg\empty_pm4fg.om4fg
                0x00001878                ti_sysbios_knl_Semaphore_destruct
 .text.ti_sysbios_knl_Swi_Handle__label__S
                0x0000189c       0x1c C:\Users\Koona\Documents\MTech\EmbeddedSystems\CCSWorkspace\empty_EK_TM4C123GXL_GNU_TivaTM4C123GH6PM\Debug\configPkg\package\cfg\empty_pm4fg.om4fg
                0x0000189c                ti_sysbios_knl_Swi_Handle__label(void) static
 .text.ti_sysbios_knl_Swi_Object__get__S
                0x000018b8       0x1c C:\Users\Koona\Documents\MTech\EmbeddedSystems\CCSWorkspace\empty_EK_TM4C123GXL_GNU_TivaTM4C123GH6PM\Debug\configPkg\package\cfg\empty_pm4fg.om4fg
                0x000018b8                ti_sysbios_knl_Swi_Object__get(void) static
 .text.ti_sysbios_knl_Task_Handle__label__S
                0x000018d4       0x1c C:\Users\Koona\Documents\MTech\EmbeddedSystems\CCSWorkspace\empty_EK_TM4C123GXL_GNU_TivaTM4C123GH6PM\Debug\configPkg\package\cfg\empty_pm4fg.om4fg
                0x000018d4                ti_sysbios_knl_Task_Handle__label(void) static
 .text.ti_sysbios_knl_Task_Object__get__S
                0x000018f0       0x18 C:\Users\Koona\Documents\MTech\EmbeddedSystems\CCSWorkspace\empty_EK_TM4C123GXL_GNU_TivaTM4C123GH6PM\Debug\configPkg\package\cfg\empty_pm4fg.om4fg
                0x000018f0                ti_sysbios_knl_Task_Object__get(void) static
 .text.ti_uia_loggers_LoggerStopMode_Object__get__S
                0x00001908       0x18 C:\Users\Koona\Documents\MTech\EmbeddedSystems\CCSWorkspace\empty_EK_TM4C123GXL_GNU_TivaTM4C123GH6PM\Debug\configPkg\package\cfg\empty_pm4fg.om4fg
                0x00001908                ti_uia_loggers_LoggerStopMode_Object__get(void) static
 .text.ti_uia_loggers_LoggerStopMode_flush__E
                0x00001920       0x3c C:\ti\tirtos_tivac_2_14_04_31\products\uia_2_00_02_39\packages\ti\uia\loggers\lib\release\ti.uia.loggers.am4fg(LoggerStopMode.om4fg)
                0x00001920                ti_uia_loggers_LoggerStopMode_flush__E
 .text.ti_uia_loggers_LoggerStopMode_disable__E
                0x0000195c       0x18 C:\ti\tirtos_tivac_2_14_04_31\products\uia_2_00_02_39\packages\ti\uia\loggers\lib\release\ti.uia.loggers.am4fg(LoggerStopMode.om4fg)
                0x0000195c                ti_uia_loggers_LoggerStopMode_disable__E
 .text.ti_uia_loggers_LoggerStopMode_enable__E
                0x00001974       0x18 C:\ti\tirtos_tivac_2_14_04_31\products\uia_2_00_02_39\packages\ti\uia\loggers\lib\release\ti.uia.loggers.am4fg(LoggerStopMode.om4fg)
                0x00001974                ti_uia_loggers_LoggerStopMode_enable__E
 .text.ti_uia_loggers_LoggerStopMode_getInstanceId__E
                0x0000198c        0x4 C:\ti\tirtos_tivac_2_14_04_31\products\uia_2_00_02_39\packages\ti\uia\loggers\lib\release\ti.uia.loggers.am4fg(LoggerStopMode.om4fg)
                0x0000198c                ti_uia_loggers_LoggerStopMode_getInstanceId__E
 .text.ti_uia_loggers_LoggerStopMode_getPriority__E
                0x00001990        0x4 C:\ti\tirtos_tivac_2_14_04_31\products\uia_2_00_02_39\packages\ti\uia\loggers\lib\release\ti.uia.loggers.am4fg(LoggerStopMode.om4fg)
                0x00001990                ti_uia_loggers_LoggerStopMode_getPriority__E
 .text.ti_uia_loggers_LoggerStopMode_setPriority__E
                0x00001994        0x4 C:\ti\tirtos_tivac_2_14_04_31\products\uia_2_00_02_39\packages\ti\uia\loggers\lib\release\ti.uia.loggers.am4fg(LoggerStopMode.om4fg)
                0x00001994                ti_uia_loggers_LoggerStopMode_setPriority__E
 .text.ti_uia_loggers_LoggerStopMode_getMaxLength__E
                0x00001998        0x4 C:\ti\tirtos_tivac_2_14_04_31\products\uia_2_00_02_39\packages\ti\uia\loggers\lib\release\ti.uia.loggers.am4fg(LoggerStopMode.om4fg)
                0x00001998                ti_uia_loggers_LoggerStopMode_getMaxLength__E
 .text.ti_uia_loggers_LoggerStopMode_reset__E
                0x0000199c       0x44 C:\ti\tirtos_tivac_2_14_04_31\products\uia_2_00_02_39\packages\ti\uia\loggers\lib\release\ti.uia.loggers.am4fg(LoggerStopMode.om4fg)
                0x0000199c                ti_uia_loggers_LoggerStopMode_reset__E
 .text.ti_uia_loggers_LoggerStopMode_getTransferType__E
                0x000019e0        0x4 C:\ti\tirtos_tivac_2_14_04_31\products\uia_2_00_02_39\packages\ti\uia\loggers\lib\release\ti.uia.loggers.am4fg(LoggerStopMode.om4fg)
                0x000019e0                ti_uia_loggers_LoggerStopMode_getTransferType__E
 .text.ti_uia_loggers_LoggerStopMode_initBuffer__I
                0x000019e4       0x40 C:\ti\tirtos_tivac_2_14_04_31\products\uia_2_00_02_39\packages\ti\uia\loggers\lib\release\ti.uia.loggers.am4fg(LoggerStopMode.om4fg)
                0x000019e4                ti_uia_loggers_LoggerStopMode_initBuffer(int0_t)
 .text.ti_uia_loggers_LoggerStopMode_Instance_init__E
                0x00001a24       0x50 C:\ti\tirtos_tivac_2_14_04_31\products\uia_2_00_02_39\packages\ti\uia\loggers\lib\release\ti.uia.loggers.am4fg(LoggerStopMode.om4fg)
                0x00001a24                ti_uia_loggers_LoggerStopMode_Instance_init__E
 .text.ti_uia_loggers_LoggerStopMode_initQueueDescriptor__E
                0x00001a74       0x90 C:\ti\tirtos_tivac_2_14_04_31\products\uia_2_00_02_39\packages\ti\uia\loggers\lib\release\ti.uia.loggers.am4fg(LoggerStopMode.om4fg)
                0x00001a74                ti_uia_loggers_LoggerStopMode_initQueueDescriptor__E
 .text.ti_uia_loggers_LoggerStopMode_Module_startup__E
                0x00001b04       0x8c C:\ti\tirtos_tivac_2_14_04_31\products\uia_2_00_02_39\packages\ti\uia\loggers\lib\release\ti.uia.loggers.am4fg(LoggerStopMode.om4fg)
                0x00001b04                ti_uia_loggers_LoggerStopMode_Module_startup__E
 .text.ti_uia_loggers_LoggerStopMode_getContents__E
                0x00001b90        0x4 C:\ti\tirtos_tivac_2_14_04_31\products\uia_2_00_02_39\packages\ti\uia\loggers\lib\release\ti.uia.loggers.am4fg(LoggerStopMode.om4fg)
                0x00001b90                ti_uia_loggers_LoggerStopMode_getContents__E
 .text.ti_uia_loggers_LoggerStopMode_isEmpty__E
                0x00001b94       0x10 C:\ti\tirtos_tivac_2_14_04_31\products\uia_2_00_02_39\packages\ti\uia\loggers\lib\release\ti.uia.loggers.am4fg(LoggerStopMode.om4fg)
                0x00001b94                ti_uia_loggers_LoggerStopMode_isEmpty__E
 .text.ti_sysbios_BIOS_getThreadType__E
                0x00001ba4        0xc C:\Users\Koona\Documents\MTech\EmbeddedSystems\CCSWorkspace\empty_EK_TM4C123GXL_GNU_TivaTM4C123GH6PM\src\sysbios\sysbios.am4fg(_BIOS.o)
                0x00001ba4                ti_sysbios_BIOS_getThreadType__E
 .text.ti_sysbios_BIOS_setThreadType__E
                0x00001bb0       0x10 C:\Users\Koona\Documents\MTech\EmbeddedSystems\CCSWorkspace\empty_EK_TM4C123GXL_GNU_TivaTM4C123GH6PM\src\sysbios\sysbios.am4fg(_BIOS.o)
                0x00001bb0                ti_sysbios_BIOS_setThreadType__E
 .text.ti_sysbios_BIOS_getCpuFreq__E
                0x00001bc0       0x10 C:\Users\Koona\Documents\MTech\EmbeddedSystems\CCSWorkspace\empty_EK_TM4C123GXL_GNU_TivaTM4C123GH6PM\src\sysbios\sysbios.am4fg(_BIOS.o)
                0x00001bc0                ti_sysbios_BIOS_getCpuFreq__E
 .text.ti_sysbios_BIOS_start__E
                0x00001bd0       0x10 C:\Users\Koona\Documents\MTech\EmbeddedSystems\CCSWorkspace\empty_EK_TM4C123GXL_GNU_TivaTM4C123GH6PM\src\sysbios\sysbios.am4fg(_BIOS.o)
                0x00001bd0                ti_sysbios_BIOS_start__E
 .text.ti_sysbios_BIOS_exit__E
                0x00001be0       0x10 C:\Users\Koona\Documents\MTech\EmbeddedSystems\CCSWorkspace\empty_EK_TM4C123GXL_GNU_TivaTM4C123GH6PM\src\sysbios\sysbios.am4fg(_BIOS.o)
                0x00001be0                ti_sysbios_BIOS_exit__E
 .text.ti_sysbios_knl_Clock_Module_startup__E
                0x00001bf0       0x24 C:\Users\Koona\Documents\MTech\EmbeddedSystems\CCSWorkspace\empty_EK_TM4C123GXL_GNU_TivaTM4C123GH6PM\src\sysbios\sysbios.am4fg(knl_Clock.o)
                0x00001bf0                ti_sysbios_knl_Clock_Module_startup__E
 .text.ti_sysbios_knl_Clock_getCompletedTicks__E
                0x00001c14        0xc C:\Users\Koona\Documents\MTech\EmbeddedSystems\CCSWorkspace\empty_EK_TM4C123GXL_GNU_TivaTM4C123GH6PM\src\sysbios\sysbios.am4fg(knl_Clock.o)
                0x00001c14                ti_sysbios_knl_Clock_getCompletedTicks__E
 .text.ti_sysbios_knl_Clock_getTickPeriod__E
                0x00001c20        0xc C:\Users\Koona\Documents\MTech\EmbeddedSystems\CCSWorkspace\empty_EK_TM4C123GXL_GNU_TivaTM4C123GH6PM\src\sysbios\sysbios.am4fg(knl_Clock.o)
                0x00001c20                ti_sysbios_knl_Clock_getTickPeriod__E
 .text.ti_sysbios_knl_Clock_workFunc__E
                0x00001c2c      0x158 C:\Users\Koona\Documents\MTech\EmbeddedSystems\CCSWorkspace\empty_EK_TM4C123GXL_GNU_TivaTM4C123GH6PM\src\sysbios\sysbios.am4fg(knl_Clock.o)
                0x00001c2c                ti_sysbios_knl_Clock_workFunc__E
 .text.ti_sysbios_knl_Clock_addI__E
                0x00001d84       0x28 C:\Users\Koona\Documents\MTech\EmbeddedSystems\CCSWorkspace\empty_EK_TM4C123GXL_GNU_TivaTM4C123GH6PM\src\sysbios\sysbios.am4fg(knl_Clock.o)
                0x00001d84                ti_sysbios_knl_Clock_addI__E
 .text.ti_sysbios_knl_Clock_removeI__E
                0x00001dac        0x4 C:\Users\Koona\Documents\MTech\EmbeddedSystems\CCSWorkspace\empty_EK_TM4C123GXL_GNU_TivaTM4C123GH6PM\src\sysbios\sysbios.am4fg(knl_Clock.o)
                0x00001dac                ti_sysbios_knl_Clock_removeI__E
 .text.ti_sysbios_knl_Clock_startI__E
                0x00001db0       0x14 C:\Users\Koona\Documents\MTech\EmbeddedSystems\CCSWorkspace\empty_EK_TM4C123GXL_GNU_TivaTM4C123GH6PM\src\sysbios\sysbios.am4fg(knl_Clock.o)
                0x00001db0                ti_sysbios_knl_Clock_startI__E
 .text.ti_sysbios_knl_Clock_stop__E
                0x00001dc4        0x8 C:\Users\Koona\Documents\MTech\EmbeddedSystems\CCSWorkspace\empty_EK_TM4C123GXL_GNU_TivaTM4C123GH6PM\src\sysbios\sysbios.am4fg(knl_Clock.o)
                0x00001dc4                ti_sysbios_knl_Clock_stop__E
 .text.ti_sysbios_knl_Clock_logTick__E
                0x00001dcc       0x60 C:\Users\Koona\Documents\MTech\EmbeddedSystems\CCSWorkspace\empty_EK_TM4C123GXL_GNU_TivaTM4C123GH6PM\src\sysbios\sysbios.am4fg(knl_Clock.o)
                0x00001dcc                ti_sysbios_knl_Clock_logTick__E
 .text.ti_sysbios_knl_Idle_loop__E
                0x00001e2c       0x20 C:\Users\Koona\Documents\MTech\EmbeddedSystems\CCSWorkspace\empty_EK_TM4C123GXL_GNU_TivaTM4C123GH6PM\src\sysbios\sysbios.am4fg(knl_Idle.o)
                0x00001e2c                ti_sysbios_knl_Idle_loop__E
 .text.ti_sysbios_knl_Idle_run__E
                0x00001e4c       0x24 C:\Users\Koona\Documents\MTech\EmbeddedSystems\CCSWorkspace\empty_EK_TM4C123GXL_GNU_TivaTM4C123GH6PM\src\sysbios\sysbios.am4fg(knl_Idle.o)
                0x00001e4c                ti_sysbios_knl_Idle_run__E
 .text.ti_sysbios_knl_Queue_Instance_init__E
                0x00001e70        0x8 C:\Users\Koona\Documents\MTech\EmbeddedSystems\CCSWorkspace\empty_EK_TM4C123GXL_GNU_TivaTM4C123GH6PM\src\sysbios\sysbios.am4fg(knl_Queue.o)
                0x00001e70                ti_sysbios_knl_Queue_Instance_init__E
 .text.ti_sysbios_knl_Queue_dequeue__E
                0x00001e78        0xc C:\Users\Koona\Documents\MTech\EmbeddedSystems\CCSWorkspace\empty_EK_TM4C123GXL_GNU_TivaTM4C123GH6PM\src\sysbios\sysbios.am4fg(knl_Queue.o)
                0x00001e78                ti_sysbios_knl_Queue_dequeue__E
 .text.ti_sysbios_knl_Queue_empty__E
                0x00001e84        0xc C:\Users\Koona\Documents\MTech\EmbeddedSystems\CCSWorkspace\empty_EK_TM4C123GXL_GNU_TivaTM4C123GH6PM\src\sysbios\sysbios.am4fg(knl_Queue.o)
                0x00001e84                ti_sysbios_knl_Queue_empty__E
 .text.ti_sysbios_knl_Queue_enqueue__E
                0x00001e90        0xc C:\Users\Koona\Documents\MTech\EmbeddedSystems\CCSWorkspace\empty_EK_TM4C123GXL_GNU_TivaTM4C123GH6PM\src\sysbios\sysbios.am4fg(knl_Queue.o)
                0x00001e90                ti_sysbios_knl_Queue_enqueue__E
 .text.ti_sysbios_knl_Queue_head__E
                0x00001e9c        0x4 C:\Users\Koona\Documents\MTech\EmbeddedSystems\CCSWorkspace\empty_EK_TM4C123GXL_GNU_TivaTM4C123GH6PM\src\sysbios\sysbios.am4fg(knl_Queue.o)
                0x00001e9c                ti_sysbios_knl_Queue_head__E
 .text.ti_sysbios_knl_Queue_elemClear__E
                0x00001ea0        0x8 C:\Users\Koona\Documents\MTech\EmbeddedSystems\CCSWorkspace\empty_EK_TM4C123GXL_GNU_TivaTM4C123GH6PM\src\sysbios\sysbios.am4fg(knl_Queue.o)
                0x00001ea0                ti_sysbios_knl_Queue_elemClear__E
 .text.ti_sysbios_knl_Queue_insert__E
                0x00001ea8        0xc C:\Users\Koona\Documents\MTech\EmbeddedSystems\CCSWorkspace\empty_EK_TM4C123GXL_GNU_TivaTM4C123GH6PM\src\sysbios\sysbios.am4fg(knl_Queue.o)
                0x00001ea8                ti_sysbios_knl_Queue_insert__E
 .text.ti_sysbios_knl_Queue_next__E
                0x00001eb4        0x4 C:\Users\Koona\Documents\MTech\EmbeddedSystems\CCSWorkspace\empty_EK_TM4C123GXL_GNU_TivaTM4C123GH6PM\src\sysbios\sysbios.am4fg(knl_Queue.o)
                0x00001eb4                ti_sysbios_knl_Queue_next__E
 .text.ti_sysbios_knl_Queue_put__E
                0x00001eb8       0x1c C:\Users\Koona\Documents\MTech\EmbeddedSystems\CCSWorkspace\empty_EK_TM4C123GXL_GNU_TivaTM4C123GH6PM\src\sysbios\sysbios.am4fg(knl_Queue.o)
                0x00001eb8                ti_sysbios_knl_Queue_put__E
 .text.ti_sysbios_knl_Queue_remove__E
                0x00001ed4       0x10 C:\Users\Koona\Documents\MTech\EmbeddedSystems\CCSWorkspace\empty_EK_TM4C123GXL_GNU_TivaTM4C123GH6PM\src\sysbios\sysbios.am4fg(knl_Queue.o)
                0x00001ed4                ti_sysbios_knl_Queue_remove__E
 .text.ti_sysbios_knl_Semaphore_pendTimeout__I
                0x00001ee4       0x30 C:\Users\Koona\Documents\MTech\EmbeddedSystems\CCSWorkspace\empty_EK_TM4C123GXL_GNU_TivaTM4C123GH6PM\src\sysbios\sysbios.am4fg(knl_Semaphore.o)
                0x00001ee4                ti_sysbios_knl_Semaphore_pendTimeout(int0_t)
 .text.ti_sysbios_knl_Semaphore_Instance_init__E
                0x00001f14       0x9c C:\Users\Koona\Documents\MTech\EmbeddedSystems\CCSWorkspace\empty_EK_TM4C123GXL_GNU_TivaTM4C123GH6PM\src\sysbios\sysbios.am4fg(knl_Semaphore.o)
                0x00001f14                ti_sysbios_knl_Semaphore_Instance_init__E
 .text.ti_sysbios_knl_Semaphore_Instance_finalize__E
                0x00001fb0       0x10 C:\Users\Koona\Documents\MTech\EmbeddedSystems\CCSWorkspace\empty_EK_TM4C123GXL_GNU_TivaTM4C123GH6PM\src\sysbios\sysbios.am4fg(knl_Semaphore.o)
                0x00001fb0                ti_sysbios_knl_Semaphore_Instance_finalize__E
 .text.ti_sysbios_knl_Semaphore_pend__E
                0x00001fc0      0x31c C:\Users\Koona\Documents\MTech\EmbeddedSystems\CCSWorkspace\empty_EK_TM4C123GXL_GNU_TivaTM4C123GH6PM\src\sysbios\sysbios.am4fg(knl_Semaphore.o)
                0x00001fc0                ti_sysbios_knl_Semaphore_pend__E
 .text.ti_sysbios_knl_Semaphore_post__E
                0x000022dc      0x13c C:\Users\Koona\Documents\MTech\EmbeddedSystems\CCSWorkspace\empty_EK_TM4C123GXL_GNU_TivaTM4C123GH6PM\src\sysbios\sysbios.am4fg(knl_Semaphore.o)
                0x000022dc                ti_sysbios_knl_Semaphore_post__E
 .text.ti_sysbios_knl_Swi_runLoop__I
                0x00002418      0x170 C:\Users\Koona\Documents\MTech\EmbeddedSystems\CCSWorkspace\empty_EK_TM4C123GXL_GNU_TivaTM4C123GH6PM\src\sysbios\sysbios.am4fg(knl_Swi.o)
                0x00002418                ti_sysbios_knl_Swi_runLoop(int0_t)
 .text.ti_sysbios_knl_Swi_Module_startup__E
                0x00002588       0x24 C:\Users\Koona\Documents\MTech\EmbeddedSystems\CCSWorkspace\empty_EK_TM4C123GXL_GNU_TivaTM4C123GH6PM\src\sysbios\sysbios.am4fg(knl_Swi.o)
                0x00002588                ti_sysbios_knl_Swi_Module_startup__E
 .text.ti_sysbios_knl_Swi_startup__E
                0x000025ac       0x88 C:\Users\Koona\Documents\MTech\EmbeddedSystems\CCSWorkspace\empty_EK_TM4C123GXL_GNU_TivaTM4C123GH6PM\src\sysbios\sysbios.am4fg(knl_Swi.o)
                0x000025ac                ti_sysbios_knl_Swi_startup__E
 .text.ti_sysbios_knl_Swi_enabled__E
                0x00002634       0x14 C:\Users\Koona\Documents\MTech\EmbeddedSystems\CCSWorkspace\empty_EK_TM4C123GXL_GNU_TivaTM4C123GH6PM\src\sysbios\sysbios.am4fg(knl_Swi.o)
                0x00002634                ti_sysbios_knl_Swi_enabled__E
 .text.ti_sysbios_knl_Swi_disable__E
                0x00002648       0x14 C:\Users\Koona\Documents\MTech\EmbeddedSystems\CCSWorkspace\empty_EK_TM4C123GXL_GNU_TivaTM4C123GH6PM\src\sysbios\sysbios.am4fg(knl_Swi.o)
                0x00002648                ti_sysbios_knl_Swi_disable__E
 .text.ti_sysbios_knl_Swi_restoreHwi__E
                0x0000265c      0x19c C:\Users\Koona\Documents\MTech\EmbeddedSystems\CCSWorkspace\empty_EK_TM4C123GXL_GNU_TivaTM4C123GH6PM\src\sysbios\sysbios.am4fg(knl_Swi.o)
                0x0000265c                ti_sysbios_knl_Swi_restoreHwi__E
 .text.ti_sysbios_knl_Swi_self__E
                0x000027f8        0xc C:\Users\Koona\Documents\MTech\EmbeddedSystems\CCSWorkspace\empty_EK_TM4C123GXL_GNU_TivaTM4C123GH6PM\src\sysbios\sysbios.am4fg(knl_Swi.o)
                0x000027f8                ti_sysbios_knl_Swi_self__E
 .text.ti_sysbios_knl_Swi_post__E
                0x00002804       0xf4 C:\Users\Koona\Documents\MTech\EmbeddedSystems\CCSWorkspace\empty_EK_TM4C123GXL_GNU_TivaTM4C123GH6PM\src\sysbios\sysbios.am4fg(knl_Swi.o)
                0x00002804                ti_sysbios_knl_Swi_post__E
 .text.ti_sysbios_knl_Task_schedule__I
                0x000028f8      0x234 C:\Users\Koona\Documents\MTech\EmbeddedSystems\CCSWorkspace\empty_EK_TM4C123GXL_GNU_TivaTM4C123GH6PM\src\sysbios\sysbios.am4fg(knl_Task.o)
                0x000028f8                ti_sysbios_knl_Task_schedule(int0_t)
 .text.ti_sysbios_knl_Task_enter__I
                0x00002b2c       0x24 C:\Users\Koona\Documents\MTech\EmbeddedSystems\CCSWorkspace\empty_EK_TM4C123GXL_GNU_TivaTM4C123GH6PM\src\sysbios\sysbios.am4fg(knl_Task.o)
                0x00002b2c                ti_sysbios_knl_Task_enter(int0_t)
 .text.ti_sysbios_knl_Task_startCore__E
                0x00002b50      0x148 C:\Users\Koona\Documents\MTech\EmbeddedSystems\CCSWorkspace\empty_EK_TM4C123GXL_GNU_TivaTM4C123GH6PM\src\sysbios\sysbios.am4fg(knl_Task.o)
                0x00002b50                ti_sysbios_knl_Task_startCore__E
 .text.ti_sysbios_knl_Task_startup__E
                0x00002c98        0x8 C:\Users\Koona\Documents\MTech\EmbeddedSystems\CCSWorkspace\empty_EK_TM4C123GXL_GNU_TivaTM4C123GH6PM\src\sysbios\sysbios.am4fg(knl_Task.o)
                0x00002c98                ti_sysbios_knl_Task_startup__E
 .text.ti_sysbios_knl_Task_enabled__E
                0x00002ca0       0x20 C:\Users\Koona\Documents\MTech\EmbeddedSystems\CCSWorkspace\empty_EK_TM4C123GXL_GNU_TivaTM4C123GH6PM\src\sysbios\sysbios.am4fg(knl_Task.o)
                0x00002ca0                ti_sysbios_knl_Task_enabled__E
 .text.ti_sysbios_knl_Task_disable__E
                0x00002cc0       0x14 C:\Users\Koona\Documents\MTech\EmbeddedSystems\CCSWorkspace\empty_EK_TM4C123GXL_GNU_TivaTM4C123GH6PM\src\sysbios\sysbios.am4fg(knl_Task.o)
                0x00002cc0                ti_sysbios_knl_Task_disable__E
 .text.ti_sysbios_knl_Task_restore__E
                0x00002cd4       0x3c C:\Users\Koona\Documents\MTech\EmbeddedSystems\CCSWorkspace\empty_EK_TM4C123GXL_GNU_TivaTM4C123GH6PM\src\sysbios\sysbios.am4fg(knl_Task.o)
                0x00002cd4                ti_sysbios_knl_Task_restore__E
 .text.ti_sysbios_knl_Task_restoreHwi__E
                0x00002d10       0x24 C:\Users\Koona\Documents\MTech\EmbeddedSystems\CCSWorkspace\empty_EK_TM4C123GXL_GNU_TivaTM4C123GH6PM\src\sysbios\sysbios.am4fg(knl_Task.o)
                0x00002d10                ti_sysbios_knl_Task_restoreHwi__E
 .text.ti_sysbios_knl_Task_self__E
                0x00002d34        0xc C:\Users\Koona\Documents\MTech\EmbeddedSystems\CCSWorkspace\empty_EK_TM4C123GXL_GNU_TivaTM4C123GH6PM\src\sysbios\sysbios.am4fg(knl_Task.o)
                0x00002d34                ti_sysbios_knl_Task_self__E
 .text.ti_sysbios_knl_Task_getHookContext__E
                0x00002d40        0x8 C:\Users\Koona\Documents\MTech\EmbeddedSystems\CCSWorkspace\empty_EK_TM4C123GXL_GNU_TivaTM4C123GH6PM\src\sysbios\sysbios.am4fg(knl_Task.o)
                0x00002d40                ti_sysbios_knl_Task_getHookContext__E
 .text.ti_sysbios_knl_Task_setHookContext__E
                0x00002d48        0x8 C:\Users\Koona\Documents\MTech\EmbeddedSystems\CCSWorkspace\empty_EK_TM4C123GXL_GNU_TivaTM4C123GH6PM\src\sysbios\sysbios.am4fg(knl_Task.o)
                0x00002d48                ti_sysbios_knl_Task_setHookContext__E
 .text.ti_sysbios_knl_Task_getPri__E
                0x00002d50        0x4 C:\Users\Koona\Documents\MTech\EmbeddedSystems\CCSWorkspace\empty_EK_TM4C123GXL_GNU_TivaTM4C123GH6PM\src\sysbios\sysbios.am4fg(knl_Task.o)
                0x00002d50                ti_sysbios_knl_Task_getPri__E
 .text.ti_sysbios_knl_Task_blockI__E
                0x00002d54       0xb0 C:\Users\Koona\Documents\MTech\EmbeddedSystems\CCSWorkspace\empty_EK_TM4C123GXL_GNU_TivaTM4C123GH6PM\src\sysbios\sysbios.am4fg(knl_Task.o)
                0x00002d54                ti_sysbios_knl_Task_blockI__E
 .text.ti_sysbios_knl_Task_exit__E
                0x00002e04      0x12c C:\Users\Koona\Documents\MTech\EmbeddedSystems\CCSWorkspace\empty_EK_TM4C123GXL_GNU_TivaTM4C123GH6PM\src\sysbios\sysbios.am4fg(knl_Task.o)
                0x00002e04                ti_sysbios_knl_Task_exit__E
 .text.ti_sysbios_knl_Task_unblockI__E
                0x00002f30       0xc0 C:\Users\Koona\Documents\MTech\EmbeddedSystems\CCSWorkspace\empty_EK_TM4C123GXL_GNU_TivaTM4C123GH6PM\src\sysbios\sysbios.am4fg(knl_Task.o)
                0x00002f30                ti_sysbios_knl_Task_unblockI__E
 .text.ti_sysbios_knl_Task_postInit__I.part.4
                0x00002ff0       0xec C:\Users\Koona\Documents\MTech\EmbeddedSystems\CCSWorkspace\empty_EK_TM4C123GXL_GNU_TivaTM4C123GH6PM\src\sysbios\sysbios.am4fg(knl_Task.o)
 .text.ti_sysbios_knl_Task_Module_startup__E
                0x000030dc       0xb8 C:\Users\Koona\Documents\MTech\EmbeddedSystems\CCSWorkspace\empty_EK_TM4C123GXL_GNU_TivaTM4C123GH6PM\src\sysbios\sysbios.am4fg(knl_Task.o)
                0x000030dc                ti_sysbios_knl_Task_Module_startup__E
 .text.ti_sysbios_hal_Hwi_Module_startup__E
                0x00003194       0x10 C:\Users\Koona\Documents\MTech\EmbeddedSystems\CCSWorkspace\empty_EK_TM4C123GXL_GNU_TivaTM4C123GH6PM\src\sysbios\sysbios.am4fg(hal_Hwi.o)
                0x00003194                ti_sysbios_hal_Hwi_Module_startup__E
 .text.ti_sysbios_hal_Hwi_getStackInfo__E
                0x000031a4        0x4 C:\Users\Koona\Documents\MTech\EmbeddedSystems\CCSWorkspace\empty_EK_TM4C123GXL_GNU_TivaTM4C123GH6PM\src\sysbios\sysbios.am4fg(hal_Hwi.o)
                0x000031a4                ti_sysbios_hal_Hwi_getStackInfo__E
 .text.ti_sysbios_hal_Hwi_switchFromBootStack__E
                0x000031a8        0x4 C:\Users\Koona\Documents\MTech\EmbeddedSystems\CCSWorkspace\empty_EK_TM4C123GXL_GNU_TivaTM4C123GH6PM\src\sysbios\sysbios.am4fg(hal_Hwi.o)
                0x000031a8                ti_sysbios_hal_Hwi_switchFromBootStack__E
 .text.ti_sysbios_hal_Hwi_initStack
                0x000031ac       0x24 C:\Users\Koona\Documents\MTech\EmbeddedSystems\CCSWorkspace\empty_EK_TM4C123GXL_GNU_TivaTM4C123GH6PM\src\sysbios\sysbios.am4fg(hal_Hwi_stack.o)
                0x000031ac                ti_sysbios_hal_Hwi_initStack
 .text.ti_sysbios_hal_Hwi_checkStack
                0x000031d0       0x38 C:\Users\Koona\Documents\MTech\EmbeddedSystems\CCSWorkspace\empty_EK_TM4C123GXL_GNU_TivaTM4C123GH6PM\src\sysbios\sysbios.am4fg(hal_Hwi_stack.o)
                0x000031d0                ti_sysbios_hal_Hwi_checkStack
 .text.ti_sysbios_hal_Hwi_startup__E
                0x00003208        0x4 C:\Users\Koona\Documents\MTech\EmbeddedSystems\CCSWorkspace\empty_EK_TM4C123GXL_GNU_TivaTM4C123GH6PM\src\sysbios\sysbios.am4fg(hal_Hwi_startup.o)
                0x00003208                ti_sysbios_hal_Hwi_startup__E
 .text.ti_sysbios_heaps_HeapMem_init__I
                0x0000320c       0x38 C:\Users\Koona\Documents\MTech\EmbeddedSystems\CCSWorkspace\empty_EK_TM4C123GXL_GNU_TivaTM4C123GH6PM\src\sysbios\sysbios.am4fg(heaps_HeapMem.o)
                0x0000320c                ti_sysbios_heaps_HeapMem_init(int0_t)
 .text.ti_sysbios_heaps_HeapMem_Instance_init__E
                0x00003244      0x144 C:\Users\Koona\Documents\MTech\EmbeddedSystems\CCSWorkspace\empty_EK_TM4C123GXL_GNU_TivaTM4C123GH6PM\src\sysbios\sysbios.am4fg(heaps_HeapMem.o)
                0x00003244                ti_sysbios_heaps_HeapMem_Instance_init__E
 .text.ti_sysbios_heaps_HeapMem_alloc__E
                0x00003388      0x390 C:\Users\Koona\Documents\MTech\EmbeddedSystems\CCSWorkspace\empty_EK_TM4C123GXL_GNU_TivaTM4C123GH6PM\src\sysbios\sysbios.am4fg(heaps_HeapMem.o)
                0x00003388                ti_sysbios_heaps_HeapMem_alloc__E
 .text.ti_sysbios_heaps_HeapMem_free__E
                0x00003718      0x3a8 C:\Users\Koona\Documents\MTech\EmbeddedSystems\CCSWorkspace\empty_EK_TM4C123GXL_GNU_TivaTM4C123GH6PM\src\sysbios\sysbios.am4fg(heaps_HeapMem.o)
                0x00003718                ti_sysbios_heaps_HeapMem_free__E
 .text.ti_sysbios_heaps_HeapMem_isBlocking__E
                0x00003ac0        0x8 C:\Users\Koona\Documents\MTech\EmbeddedSystems\CCSWorkspace\empty_EK_TM4C123GXL_GNU_TivaTM4C123GH6PM\src\sysbios\sysbios.am4fg(heaps_HeapMem.o)
                0x00003ac0                ti_sysbios_heaps_HeapMem_isBlocking__E
 .text.ti_sysbios_heaps_HeapMem_getStats__E
                0x00003ac8       0x48 C:\Users\Koona\Documents\MTech\EmbeddedSystems\CCSWorkspace\empty_EK_TM4C123GXL_GNU_TivaTM4C123GH6PM\src\sysbios\sysbios.am4fg(heaps_HeapMem.o)
                0x00003ac8                ti_sysbios_heaps_HeapMem_getStats__E
 .text.ti_sysbios_rts_gnu_ReentSupport_Module_startup__E
                0x00003b10       0x24 C:\Users\Koona\Documents\MTech\EmbeddedSystems\CCSWorkspace\empty_EK_TM4C123GXL_GNU_TivaTM4C123GH6PM\src\sysbios\sysbios.am4fg(gnu_ReentSupport.o)
                0x00003b10                ti_sysbios_rts_gnu_ReentSupport_Module_startup__E
 .text.ti_sysbios_rts_gnu_ReentSupport_taskRegHook__I
                0x00003b34        0xc C:\Users\Koona\Documents\MTech\EmbeddedSystems\CCSWorkspace\empty_EK_TM4C123GXL_GNU_TivaTM4C123GH6PM\src\sysbios\sysbios.am4fg(gnu_ReentSupport.o)
                0x00003b34                ti_sysbios_rts_gnu_ReentSupport_taskRegHook(int0_t)
 .text.ti_sysbios_rts_gnu_ReentSupport_taskDeleteHook__I
                0x00003b40       0x30 C:\Users\Koona\Documents\MTech\EmbeddedSystems\CCSWorkspace\empty_EK_TM4C123GXL_GNU_TivaTM4C123GH6PM\src\sysbios\sysbios.am4fg(gnu_ReentSupport.o)
                0x00003b40                ti_sysbios_rts_gnu_ReentSupport_taskDeleteHook(int0_t)
 .text.ti_sysbios_rts_gnu_ReentSupport_getReent__I
                0x00003b70      0x208 C:\Users\Koona\Documents\MTech\EmbeddedSystems\CCSWorkspace\empty_EK_TM4C123GXL_GNU_TivaTM4C123GH6PM\src\sysbios\sysbios.am4fg(gnu_ReentSupport.o)
                0x00003b70                ti_sysbios_rts_gnu_ReentSupport_getReent(int0_t)
 .text.ti_sysbios_rts_gnu_SemiHostSupport_startup__I
                0x00003d78        0x4 C:\Users\Koona\Documents\MTech\EmbeddedSystems\CCSWorkspace\empty_EK_TM4C123GXL_GNU_TivaTM4C123GH6PM\src\sysbios\sysbios.am4fg(gnu_SemiHostSupport.o)
                0x00003d78                ti_sysbios_rts_gnu_SemiHostSupport_startup(int0_t)
 .text.ti_sysbios_family_arm_m3_Hwi_Module_startup__E
                0x00003d7c      0x114 C:\Users\Koona\Documents\MTech\EmbeddedSystems\CCSWorkspace\empty_EK_TM4C123GXL_GNU_TivaTM4C123GH6PM\src\sysbios\sysbios.am4fg(m3_Hwi.o)
                0x00003d7c                ti_sysbios_family_arm_m3_Hwi_Module_startup__E
 .text.ti_sysbios_family_arm_m3_Hwi_initNVIC__E
                0x00003e90       0x94 C:\Users\Koona\Documents\MTech\EmbeddedSystems\CCSWorkspace\empty_EK_TM4C123GXL_GNU_TivaTM4C123GH6PM\src\sysbios\sysbios.am4fg(m3_Hwi.o)
                0x00003e90                ti_sysbios_family_arm_m3_Hwi_initNVIC__E
 .text.ti_sysbios_family_arm_m3_Hwi_startup__E
                0x00003f24       0x10 C:\Users\Koona\Documents\MTech\EmbeddedSystems\CCSWorkspace\empty_EK_TM4C123GXL_GNU_TivaTM4C123GH6PM\src\sysbios\sysbios.am4fg(m3_Hwi.o)
                0x00003f24                ti_sysbios_family_arm_m3_Hwi_startup__E
 .text.ti_sysbios_family_arm_m3_Hwi_disableFxn__E
                0x00003f34        0xc C:\Users\Koona\Documents\MTech\EmbeddedSystems\CCSWorkspace\empty_EK_TM4C123GXL_GNU_TivaTM4C123GH6PM\src\sysbios\sysbios.am4fg(m3_Hwi.o)
                0x00003f34                ti_sysbios_family_arm_m3_Hwi_disableFxn__E
 .text.ti_sysbios_family_arm_m3_Hwi_restoreFxn__E
                0x00003f40        0x8 C:\Users\Koona\Documents\MTech\EmbeddedSystems\CCSWorkspace\empty_EK_TM4C123GXL_GNU_TivaTM4C123GH6PM\src\sysbios\sysbios.am4fg(m3_Hwi.o)
                0x00003f40                ti_sysbios_family_arm_m3_Hwi_restoreFxn__E
 .text.ti_sysbios_family_arm_m3_Hwi_disableInterrupt__E
                0x00003f48       0x58 C:\Users\Koona\Documents\MTech\EmbeddedSystems\CCSWorkspace\empty_EK_TM4C123GXL_GNU_TivaTM4C123GH6PM\src\sysbios\sysbios.am4fg(m3_Hwi.o)
                0x00003f48                ti_sysbios_family_arm_m3_Hwi_disableInterrupt__E
 .text.ti_sysbios_family_arm_m3_Hwi_enableInterrupt__E
                0x00003fa0       0x54 C:\Users\Koona\Documents\MTech\EmbeddedSystems\CCSWorkspace\empty_EK_TM4C123GXL_GNU_TivaTM4C123GH6PM\src\sysbios\sysbios.am4fg(m3_Hwi.o)
                0x00003fa0                ti_sysbios_family_arm_m3_Hwi_enableInterrupt__E
 .text.ti_sysbios_family_arm_m3_Hwi_clearInterrupt__E
                0x00003ff4       0x20 C:\Users\Koona\Documents\MTech\EmbeddedSystems\CCSWorkspace\empty_EK_TM4C123GXL_GNU_TivaTM4C123GH6PM\src\sysbios\sysbios.am4fg(m3_Hwi.o)
                0x00003ff4                ti_sysbios_family_arm_m3_Hwi_clearInterrupt__E
 .text.ti_sysbios_family_arm_m3_Hwi_switchFromBootStack__E
                0x00004014       0x1c C:\Users\Koona\Documents\MTech\EmbeddedSystems\CCSWorkspace\empty_EK_TM4C123GXL_GNU_TivaTM4C123GH6PM\src\sysbios\sysbios.am4fg(m3_Hwi.o)
                0x00004014                ti_sysbios_family_arm_m3_Hwi_switchFromBootStack__E
 .text.ti_sysbios_family_arm_m3_Hwi_getStackInfo__E
                0x00004030       0x40 C:\Users\Koona\Documents\MTech\EmbeddedSystems\CCSWorkspace\empty_EK_TM4C123GXL_GNU_TivaTM4C123GH6PM\src\sysbios\sysbios.am4fg(m3_Hwi.o)
                0x00004030                ti_sysbios_family_arm_m3_Hwi_getStackInfo__E
 .text.ti_sysbios_family_arm_m3_Hwi_excHandler__I
                0x00004070       0x20 C:\Users\Koona\Documents\MTech\EmbeddedSystems\CCSWorkspace\empty_EK_TM4C123GXL_GNU_TivaTM4C123GH6PM\src\sysbios\sysbios.am4fg(m3_Hwi.o)
                0x00004070                ti_sysbios_family_arm_m3_Hwi_excHandler(int0_t)
 .text.ti_sysbios_family_arm_m3_Hwi_excFillContext__I
                0x00004090      0x1cc C:\Users\Koona\Documents\MTech\EmbeddedSystems\CCSWorkspace\empty_EK_TM4C123GXL_GNU_TivaTM4C123GH6PM\src\sysbios\sysbios.am4fg(m3_Hwi.o)
                0x00004090                ti_sysbios_family_arm_m3_Hwi_excFillContext(int0_t)
 .text.ti_sysbios_family_arm_m3_Hwi_excHardFault__I
                0x0000425c      0x2c0 C:\Users\Koona\Documents\MTech\EmbeddedSystems\CCSWorkspace\empty_EK_TM4C123GXL_GNU_TivaTM4C123GH6PM\src\sysbios\sysbios.am4fg(m3_Hwi.o)
                0x0000425c                ti_sysbios_family_arm_m3_Hwi_excHardFault(int0_t)
 .text.ti_sysbios_family_arm_m3_Hwi_excDumpRegs__I
                0x0000451c      0x1e8 C:\Users\Koona\Documents\MTech\EmbeddedSystems\CCSWorkspace\empty_EK_TM4C123GXL_GNU_TivaTM4C123GH6PM\src\sysbios\sysbios.am4fg(m3_Hwi.o)
                0x0000451c                ti_sysbios_family_arm_m3_Hwi_excDumpRegs(int0_t)
 .text.ti_sysbios_family_arm_m3_Hwi_excHandlerMax__I
                0x00004704      0x3a4 C:\Users\Koona\Documents\MTech\EmbeddedSystems\CCSWorkspace\empty_EK_TM4C123GXL_GNU_TivaTM4C123GH6PM\src\sysbios\sysbios.am4fg(m3_Hwi.o)
                0x00004704                ti_sysbios_family_arm_m3_Hwi_excHandlerMax(int0_t)
 .text.ti_sysbios_family_arm_m3_Hwi_dispatchC__I
                0x00004aa8      0x114 C:\Users\Koona\Documents\MTech\EmbeddedSystems\CCSWorkspace\empty_EK_TM4C123GXL_GNU_TivaTM4C123GH6PM\src\sysbios\sysbios.am4fg(m3_Hwi.o)
                0x00004aa8                ti_sysbios_family_arm_m3_Hwi_dispatchC(int0_t)
 .text.ti_sysbios_family_arm_m3_Hwi_doSwiRestore__I
                0x00004bbc        0x8 C:\Users\Koona\Documents\MTech\EmbeddedSystems\CCSWorkspace\empty_EK_TM4C123GXL_GNU_TivaTM4C123GH6PM\src\sysbios\sysbios.am4fg(m3_Hwi.o)
                0x00004bbc                ti_sysbios_family_arm_m3_Hwi_doSwiRestore(int0_t)
 .text.ti_sysbios_family_arm_m3_Hwi_doTaskRestore__I
                0x00004bc4        0x8 C:\Users\Koona\Documents\MTech\EmbeddedSystems\CCSWorkspace\empty_EK_TM4C123GXL_GNU_TivaTM4C123GH6PM\src\sysbios\sysbios.am4fg(m3_Hwi.o)
                0x00004bc4                ti_sysbios_family_arm_m3_Hwi_doTaskRestore(int0_t)
 .text.ti_sysbios_family_arm_m3_TaskSupport_start__E
                0x00004bcc       0x44 C:\Users\Koona\Documents\MTech\EmbeddedSystems\CCSWorkspace\empty_EK_TM4C123GXL_GNU_TivaTM4C123GH6PM\src\sysbios\sysbios.am4fg(m3_TaskSupport.o)
                0x00004bcc                ti_sysbios_family_arm_m3_TaskSupport_start__E
 .text.ti_sysbios_family_arm_m3_TaskSupport_checkStack__E
                0x00004c10        0xc C:\Users\Koona\Documents\MTech\EmbeddedSystems\CCSWorkspace\empty_EK_TM4C123GXL_GNU_TivaTM4C123GH6PM\src\sysbios\sysbios.am4fg(m3_TaskSupport.o)
                0x00004c10                ti_sysbios_family_arm_m3_TaskSupport_checkStack__E
 .text.ti_sysbios_family_arm_lm4_TimestampProvider_Module_startup__E
                0x00004c1c        0x8 C:\Users\Koona\Documents\MTech\EmbeddedSystems\CCSWorkspace\empty_EK_TM4C123GXL_GNU_TivaTM4C123GH6PM\src\sysbios\sysbios.am4fg(lm4_TimestampProvider.o)
                0x00004c1c                ti_sysbios_family_arm_lm4_TimestampProvider_Module_startup__E
 .text.ti_sysbios_family_arm_lm4_TimestampProvider_startTimer__E
                0x00004c24        0xc C:\Users\Koona\Documents\MTech\EmbeddedSystems\CCSWorkspace\empty_EK_TM4C123GXL_GNU_TivaTM4C123GH6PM\src\sysbios\sysbios.am4fg(lm4_TimestampProvider.o)
                0x00004c24                ti_sysbios_family_arm_lm4_TimestampProvider_startTimer__E
 .text.ti_sysbios_family_arm_lm4_TimestampProvider_rolloverFunc__E
                0x00004c30       0x10 C:\Users\Koona\Documents\MTech\EmbeddedSystems\CCSWorkspace\empty_EK_TM4C123GXL_GNU_TivaTM4C123GH6PM\src\sysbios\sysbios.am4fg(lm4_TimestampProvider.o)
                0x00004c30                ti_sysbios_family_arm_lm4_TimestampProvider_rolloverFunc__E
 .text.ti_sysbios_family_arm_lm4_TimestampProvider_get32__E
                0x00004c40       0x44 C:\Users\Koona\Documents\MTech\EmbeddedSystems\CCSWorkspace\empty_EK_TM4C123GXL_GNU_TivaTM4C123GH6PM\src\sysbios\sysbios.am4fg(lm4_TimestampProvider.o)
                0x00004c40                ti_sysbios_family_arm_lm4_TimestampProvider_get32__E
 .text.ti_sysbios_family_arm_lm4_TimestampProvider_get64__E
                0x00004c84       0x64 C:\Users\Koona\Documents\MTech\EmbeddedSystems\CCSWorkspace\empty_EK_TM4C123GXL_GNU_TivaTM4C123GH6PM\src\sysbios\sysbios.am4fg(lm4_TimestampProvider.o)
                0x00004c84                ti_sysbios_family_arm_lm4_TimestampProvider_get64__E
 .text.ti_sysbios_family_arm_lm4_TimestampProvider_getFreq__E
                0x00004ce8        0x4 C:\Users\Koona\Documents\MTech\EmbeddedSystems\CCSWorkspace\empty_EK_TM4C123GXL_GNU_TivaTM4C123GH6PM\src\sysbios\sysbios.am4fg(lm4_TimestampProvider.o)
                0x00004ce8                ti_sysbios_family_arm_lm4_TimestampProvider_getFreq__E
 .text.ti_sysbios_family_arm_lm4_Timer_getMaxTicks__E
                0x00004cec        0xc C:\Users\Koona\Documents\MTech\EmbeddedSystems\CCSWorkspace\empty_EK_TM4C123GXL_GNU_TivaTM4C123GH6PM\src\sysbios\sysbios.am4fg(lm4_Timer.o)
                0x00004cec                ti_sysbios_family_arm_lm4_Timer_getMaxTicks__E
 .text.ti_sysbios_family_arm_lm4_Timer_getPeriod__E
                0x00004cf8        0x4 C:\Users\Koona\Documents\MTech\EmbeddedSystems\CCSWorkspace\empty_EK_TM4C123GXL_GNU_TivaTM4C123GH6PM\src\sysbios\sysbios.am4fg(lm4_Timer.o)
                0x00004cf8                ti_sysbios_family_arm_lm4_Timer_getPeriod__E
 .text.ti_sysbios_family_arm_lm4_Timer_getCount__E
                0x00004cfc       0x14 C:\Users\Koona\Documents\MTech\EmbeddedSystems\CCSWorkspace\empty_EK_TM4C123GXL_GNU_TivaTM4C123GH6PM\src\sysbios\sysbios.am4fg(lm4_Timer.o)
                0x00004cfc                ti_sysbios_family_arm_lm4_Timer_getCount__E
 .text.ti_sysbios_family_arm_lm4_Timer_getExpiredCounts64__E
                0x00004d10       0x94 C:\Users\Koona\Documents\MTech\EmbeddedSystems\CCSWorkspace\empty_EK_TM4C123GXL_GNU_TivaTM4C123GH6PM\src\sysbios\sysbios.am4fg(lm4_Timer.o)
                0x00004d10                ti_sysbios_family_arm_lm4_Timer_getExpiredCounts64__E
 .text.ti_sysbios_family_arm_lm4_Timer_getExpiredCounts__E
                0x00004da4       0x70 C:\Users\Koona\Documents\MTech\EmbeddedSystems\CCSWorkspace\empty_EK_TM4C123GXL_GNU_TivaTM4C123GH6PM\src\sysbios\sysbios.am4fg(lm4_Timer.o)
                0x00004da4                ti_sysbios_family_arm_lm4_Timer_getExpiredCounts__E
 .text.ti_sysbios_family_arm_lm4_Timer_masterDisable__I
                0x00004e14        0x8 C:\Users\Koona\Documents\MTech\EmbeddedSystems\CCSWorkspace\empty_EK_TM4C123GXL_GNU_TivaTM4C123GH6PM\src\sysbios\sysbios.am4fg(lm4_Timer.o)
                0x00004e14                ti_sysbios_family_arm_lm4_Timer_masterDisable(int0_t)
 .text.ti_sysbios_family_arm_lm4_Timer_masterEnable__I
                0x00004e1c        0x4 C:\Users\Koona\Documents\MTech\EmbeddedSystems\CCSWorkspace\empty_EK_TM4C123GXL_GNU_TivaTM4C123GH6PM\src\sysbios\sysbios.am4fg(lm4_Timer.o)
                0x00004e1c                ti_sysbios_family_arm_lm4_Timer_masterEnable(int0_t)
 .text.ti_sysbios_family_arm_lm4_Timer_isrStub__E
                0x00004e20       0x64 C:\Users\Koona\Documents\MTech\EmbeddedSystems\CCSWorkspace\empty_EK_TM4C123GXL_GNU_TivaTM4C123GH6PM\src\sysbios\sysbios.am4fg(lm4_Timer.o)
                0x00004e20                ti_sysbios_family_arm_lm4_Timer_isrStub__E
 .text.ti_sysbios_family_arm_lm4_Timer_enableTimers__I
                0x00004e84       0x9c C:\Users\Koona\Documents\MTech\EmbeddedSystems\CCSWorkspace\empty_EK_TM4C123GXL_GNU_TivaTM4C123GH6PM\src\sysbios\sysbios.am4fg(lm4_Timer.o)
                0x00004e84                ti_sysbios_family_arm_lm4_Timer_enableTimers(int0_t)
 .text.ti_sysbios_family_arm_lm4_Timer_Module_startup__E
                0x00004f20       0xb0 C:\Users\Koona\Documents\MTech\EmbeddedSystems\CCSWorkspace\empty_EK_TM4C123GXL_GNU_TivaTM4C123GH6PM\src\sysbios\sysbios.am4fg(lm4_Timer.o)
                0x00004f20                ti_sysbios_family_arm_lm4_Timer_Module_startup__E
 .text.ti_sysbios_family_arm_lm4_Timer_start__E
                0x00004fd0      0x230 C:\Users\Koona\Documents\MTech\EmbeddedSystems\CCSWorkspace\empty_EK_TM4C123GXL_GNU_TivaTM4C123GH6PM\src\sysbios\sysbios.am4fg(lm4_Timer.o)
                0x00004fd0                ti_sysbios_family_arm_lm4_Timer_start__E
 .text.ti_sysbios_family_arm_lm4_Timer_startup__E
                0x00005200       0x48 C:\Users\Koona\Documents\MTech\EmbeddedSystems\CCSWorkspace\empty_EK_TM4C123GXL_GNU_TivaTM4C123GH6PM\src\sysbios\sysbios.am4fg(lm4_Timer.o)
                0x00005200                ti_sysbios_family_arm_lm4_Timer_startup__E
 .text.ti_sysbios_family_arm_lm4_Timer_enableTiva__I
                0x00005248       0x90 C:\Users\Koona\Documents\MTech\EmbeddedSystems\CCSWorkspace\empty_EK_TM4C123GXL_GNU_TivaTM4C123GH6PM\src\sysbios\sysbios.am4fg(lm4_Timer.o)
                0x00005248                ti_sysbios_family_arm_lm4_Timer_enableTiva(int0_t)
 .text.ti_sysbios_gates_GateHwi_Instance_init__E
                0x000052d8        0x4 C:\Users\Koona\Documents\MTech\EmbeddedSystems\CCSWorkspace\empty_EK_TM4C123GXL_GNU_TivaTM4C123GH6PM\src\sysbios\sysbios.am4fg(gates_GateHwi.o)
                0x000052d8                ti_sysbios_gates_GateHwi_Instance_init__E
 .text.ti_sysbios_gates_GateHwi_enter__E
                0x000052dc        0xc C:\Users\Koona\Documents\MTech\EmbeddedSystems\CCSWorkspace\empty_EK_TM4C123GXL_GNU_TivaTM4C123GH6PM\src\sysbios\sysbios.am4fg(gates_GateHwi.o)
                0x000052dc                ti_sysbios_gates_GateHwi_enter__E
 .text.ti_sysbios_gates_GateHwi_leave__E
                0x000052e8        0x8 C:\Users\Koona\Documents\MTech\EmbeddedSystems\CCSWorkspace\empty_EK_TM4C123GXL_GNU_TivaTM4C123GH6PM\src\sysbios\sysbios.am4fg(gates_GateHwi.o)
                0x000052e8                ti_sysbios_gates_GateHwi_leave__E
 .text.ti_sysbios_gates_GateHwi_query__E
                0x000052f0        0x4 C:\Users\Koona\Documents\MTech\EmbeddedSystems\CCSWorkspace\empty_EK_TM4C123GXL_GNU_TivaTM4C123GH6PM\src\sysbios\sysbios.am4fg(gates_GateHwi.o)
                0x000052f0                ti_sysbios_gates_GateHwi_query__E
 .text.ti_sysbios_gates_GateMutex_Instance_init__E
                0x000052f4       0x1c C:\Users\Koona\Documents\MTech\EmbeddedSystems\CCSWorkspace\empty_EK_TM4C123GXL_GNU_TivaTM4C123GH6PM\src\sysbios\sysbios.am4fg(gates_GateMutex.o)
                0x000052f4                ti_sysbios_gates_GateMutex_Instance_init__E
 .text.ti_sysbios_gates_GateMutex_Instance_finalize__E
                0x00005310       0x10 C:\Users\Koona\Documents\MTech\EmbeddedSystems\CCSWorkspace\empty_EK_TM4C123GXL_GNU_TivaTM4C123GH6PM\src\sysbios\sysbios.am4fg(gates_GateMutex.o)
                0x00005310                ti_sysbios_gates_GateMutex_Instance_finalize__E
 .text.ti_sysbios_gates_GateMutex_enter__E
                0x00005320       0xc0 C:\Users\Koona\Documents\MTech\EmbeddedSystems\CCSWorkspace\empty_EK_TM4C123GXL_GNU_TivaTM4C123GH6PM\src\sysbios\sysbios.am4fg(gates_GateMutex.o)
                0x00005320                ti_sysbios_gates_GateMutex_enter__E
 .text.ti_sysbios_gates_GateMutex_leave__E
                0x000053e0       0x14 C:\Users\Koona\Documents\MTech\EmbeddedSystems\CCSWorkspace\empty_EK_TM4C123GXL_GNU_TivaTM4C123GH6PM\src\sysbios\sysbios.am4fg(gates_GateMutex.o)
                0x000053e0                ti_sysbios_gates_GateMutex_leave__E
 .text.ti_sysbios_gates_GateMutex_query__E
                0x000053f4        0x4 C:\Users\Koona\Documents\MTech\EmbeddedSystems\CCSWorkspace\empty_EK_TM4C123GXL_GNU_TivaTM4C123GH6PM\src\sysbios\sysbios.am4fg(gates_GateMutex.o)
                0x000053f4                ti_sysbios_gates_GateMutex_query__E
 .text.ti_sysbios_utils_Load_idleFxn__E
                0x000053f8       0xcc C:\Users\Koona\Documents\MTech\EmbeddedSystems\CCSWorkspace\empty_EK_TM4C123GXL_GNU_TivaTM4C123GH6PM\src\sysbios\sysbios.am4fg(utils_Load.o)
                0x000053f8                ti_sysbios_utils_Load_idleFxn__E
 .text.ti_sysbios_utils_Load_getCPULoad__E
                0x000054c4        0xc C:\Users\Koona\Documents\MTech\EmbeddedSystems\CCSWorkspace\empty_EK_TM4C123GXL_GNU_TivaTM4C123GH6PM\src\sysbios\sysbios.am4fg(utils_Load.o)
                0x000054c4                ti_sysbios_utils_Load_getCPULoad__E
 .text.ti_sysbios_utils_Load_updateLoads__E
                0x000054d0      0x108 C:\Users\Koona\Documents\MTech\EmbeddedSystems\CCSWorkspace\empty_EK_TM4C123GXL_GNU_TivaTM4C123GH6PM\src\sysbios\sysbios.am4fg(utils_Load.o)
                0x000054d0                ti_sysbios_utils_Load_updateLoads__E
 .text.ti_sysbios_utils_Load_logCPULoad__I
                0x000055d8       0x64 C:\Users\Koona\Documents\MTech\EmbeddedSystems\CCSWorkspace\empty_EK_TM4C123GXL_GNU_TivaTM4C123GH6PM\src\sysbios\sysbios.am4fg(utils_Load_CPU.o)
                0x000055d8                ti_sysbios_utils_Load_logCPULoad(int0_t)
 .text.ti_catalog_arm_cortexm4_tiva_ce_Boot_sysCtlClockSet__E
                0x0000563c       0x98 C:\ti\tirtos_tivac_2_14_04_31\products\bios_6_42_03_35\packages\ti\catalog\arm\cortexm4\tiva\ce\lib\Boot.am4fg(Boot.om4fg)
                0x0000563c                ti_catalog_arm_cortexm4_tiva_ce_Boot_sysCtlClockSet__E
 .text.ti_catalog_arm_cortexm4_tiva_ce_Boot_sysCtlDelayI__I
                0x000056d4        0x8 C:\ti\tirtos_tivac_2_14_04_31\products\bios_6_42_03_35\packages\ti\catalog\arm\cortexm4\tiva\ce\lib\Boot.am4fg(Boot_sysctl.om4fg)
                0x000056d4                ti_catalog_arm_cortexm4_tiva_ce_Boot_sysCtlDelayI(int0_t)
 .text.ti_catalog_arm_cortexm4_tiva_ce_Boot_sysCtlClockSetI__I
                0x000056dc      0x12c C:\ti\tirtos_tivac_2_14_04_31\products\bios_6_42_03_35\packages\ti\catalog\arm\cortexm4\tiva\ce\lib\Boot.am4fg(Boot_sysctl.om4fg)
                0x000056dc                ti_catalog_arm_cortexm4_tiva_ce_Boot_sysCtlClockSetI(int0_t)
 .text.ti_uia_runtime_QueueDescriptor_addToList__E
                0x00005808       0x94 C:\ti\tirtos_tivac_2_14_04_31\products\uia_2_00_02_39\packages\ti\uia\runtime\lib\release\ti.uia.runtime.am4fg(QueueDescriptor.om4fg)
                0x00005808                ti_uia_runtime_QueueDescriptor_addToList__E
 .text.xdc_runtime_Assert_raise__I
                0x0000589c       0x54 C:\ti\tirtos_tivac_2_14_04_31\products\bios_6_42_03_35\packages\gnu\targets\arm\rtsv7M\lib\gnu.targets.arm.rtsv7M.am4fg(Assert.om4fg)
                0x0000589c                xdc_runtime_Assert_raise(int0_t)
 .text.xdc_runtime_Core_createObject__I
                0x000058f0       0xf0 C:\ti\tirtos_tivac_2_14_04_31\products\bios_6_42_03_35\packages\gnu\targets\arm\rtsv7M\lib\gnu.targets.arm.rtsv7M.am4fg(Core-mem.om4fg)
                0x000058f0                xdc_runtime_Core_createObject(int0_t)
 .text.xdc_runtime_Core_deleteObject__I
                0x000059e0       0x60 C:\ti\tirtos_tivac_2_14_04_31\products\bios_6_42_03_35\packages\gnu\targets\arm\rtsv7M\lib\gnu.targets.arm.rtsv7M.am4fg(Core-mem.om4fg)
                0x000059e0                xdc_runtime_Core_deleteObject(int0_t)
 .text.xdc_runtime_Core_constructObject__I
                0x00005a40       0xbc C:\ti\tirtos_tivac_2_14_04_31\products\bios_6_42_03_35\packages\gnu\targets\arm\rtsv7M\lib\gnu.targets.arm.rtsv7M.am4fg(Core-smem.om4fg)
                0x00005a40                xdc_runtime_Core_constructObject(int0_t)
 .text.xdc_runtime_Core_assignLabel__I
                0x00005afc       0x3c C:\ti\tirtos_tivac_2_14_04_31\products\bios_6_42_03_35\packages\gnu\targets\arm\rtsv7M\lib\gnu.targets.arm.rtsv7M.am4fg(Core-label.om4fg)
                0x00005afc                xdc_runtime_Core_assignLabel(int0_t)
 .text.xdc_runtime_Core_assignParams__I
                0x00005b38       0x40 C:\ti\tirtos_tivac_2_14_04_31\products\bios_6_42_03_35\packages\gnu\targets\arm\rtsv7M\lib\gnu.targets.arm.rtsv7M.am4fg(Core-params.om4fg)
                0x00005b38                xdc_runtime_Core_assignParams(int0_t)
 .text.xdc_runtime_Error_init__E
                0x00005b78        0xc C:\ti\tirtos_tivac_2_14_04_31\products\bios_6_42_03_35\packages\gnu\targets\arm\rtsv7M\lib\gnu.targets.arm.rtsv7M.am4fg(Error.om4fg)
                0x00005b78                xdc_runtime_Error_init__E
 .text.xdc_runtime_Error_check__E
                0x00005b84       0x20 C:\ti\tirtos_tivac_2_14_04_31\products\bios_6_42_03_35\packages\gnu\targets\arm\rtsv7M\lib\gnu.targets.arm.rtsv7M.am4fg(Error.om4fg)
                0x00005b84                xdc_runtime_Error_check__E
 .text.xdc_runtime_Error_print__E
                0x00005ba4       0x54 C:\ti\tirtos_tivac_2_14_04_31\products\bios_6_42_03_35\packages\gnu\targets\arm\rtsv7M\lib\gnu.targets.arm.rtsv7M.am4fg(Error.om4fg)
                0x00005ba4                xdc_runtime_Error_print__E
 .text.xdc_runtime_Error_raiseX__E
                0x00005bf8       0x20 C:\ti\tirtos_tivac_2_14_04_31\products\bios_6_42_03_35\packages\gnu\targets\arm\rtsv7M\lib\gnu.targets.arm.rtsv7M.am4fg(Error.om4fg)
                0x00005bf8                xdc_runtime_Error_raiseX__E
 .text.xdc_runtime_Error_setX__E
                0x00005c18       0x48 C:\ti\tirtos_tivac_2_14_04_31\products\bios_6_42_03_35\packages\gnu\targets\arm\rtsv7M\lib\gnu.targets.arm.rtsv7M.am4fg(Error.om4fg)
                0x00005c18                xdc_runtime_Error_setX__E
 .text.xdc_runtime_Error_policyDefault__E
                0x00005c60      0x100 C:\ti\tirtos_tivac_2_14_04_31\products\bios_6_42_03_35\packages\gnu\targets\arm\rtsv7M\lib\gnu.targets.arm.rtsv7M.am4fg(Error.om4fg)
                0x00005c60                xdc_runtime_Error_policyDefault__E
 .text.xdc_runtime_Gate_enterSystem__E
                0x00005d60        0xc C:\ti\tirtos_tivac_2_14_04_31\products\bios_6_42_03_35\packages\gnu\targets\arm\rtsv7M\lib\gnu.targets.arm.rtsv7M.am4fg(Gate.om4fg)
                0x00005d60                xdc_runtime_Gate_enterSystem__E
 .text.xdc_runtime_Gate_leaveSystem__E
                0x00005d6c       0x10 C:\ti\tirtos_tivac_2_14_04_31\products\bios_6_42_03_35\packages\gnu\targets\arm\rtsv7M\lib\gnu.targets.arm.rtsv7M.am4fg(Gate.om4fg)
                0x00005d6c                xdc_runtime_Gate_leaveSystem__E
 .text.xdc_runtime_Memory_alloc__E
                0x00005d7c       0x80 C:\ti\tirtos_tivac_2_14_04_31\products\bios_6_42_03_35\packages\gnu\targets\arm\rtsv7M\lib\gnu.targets.arm.rtsv7M.am4fg(Memory.om4fg)
                0x00005d7c                xdc_runtime_Memory_alloc__E
 .text.xdc_runtime_Memory_free__E
                0x00005dfc       0x14 C:\ti\tirtos_tivac_2_14_04_31\products\bios_6_42_03_35\packages\gnu\targets\arm\rtsv7M\lib\gnu.targets.arm.rtsv7M.am4fg(Memory.om4fg)
                0x00005dfc                xdc_runtime_Memory_free__E
 .text.xdc_runtime_Memory_valloc__E
                0x00005e10       0x1c C:\ti\tirtos_tivac_2_14_04_31\products\bios_6_42_03_35\packages\gnu\targets\arm\rtsv7M\lib\gnu.targets.arm.rtsv7M.am4fg(Memory.om4fg)
                0x00005e10                xdc_runtime_Memory_valloc__E
 .text.xdc_runtime_Memory_calloc__E
                0x00005e2c       0x14 C:\ti\tirtos_tivac_2_14_04_31\products\bios_6_42_03_35\packages\gnu\targets\arm\rtsv7M\lib\gnu.targets.arm.rtsv7M.am4fg(Memory.om4fg)
                0x00005e2c                xdc_runtime_Memory_calloc__E
 .text.xdc_runtime_Startup_exec__E
                0x00005e40       0x5c C:\ti\tirtos_tivac_2_14_04_31\products\bios_6_42_03_35\packages\gnu\targets\arm\rtsv7M\lib\gnu.targets.arm.rtsv7M.am4fg(Startup.om4fg)
                0x00005e40                xdc_runtime_Startup_exec__E
 .text.xdc_runtime_Startup_startMods__I
                0x00005e9c       0xe8 C:\ti\tirtos_tivac_2_14_04_31\products\bios_6_42_03_35\packages\gnu\targets\arm\rtsv7M\lib\gnu.targets.arm.rtsv7M.am4fg(Startup.om4fg)
                0x00005e9c                xdc_runtime_Startup_startMods(int0_t)
 .text.xdc_runtime_System_Module_startup__E
                0x00005f84        0x8 C:\ti\tirtos_tivac_2_14_04_31\products\bios_6_42_03_35\packages\gnu\targets\arm\rtsv7M\lib\gnu.targets.arm.rtsv7M.am4fg(System.om4fg)
                0x00005f84                xdc_runtime_System_Module_startup__E
 .text.xdc_runtime_System_abort__E
                0x00005f8c       0x1c C:\ti\tirtos_tivac_2_14_04_31\products\bios_6_42_03_35\packages\gnu\targets\arm\rtsv7M\lib\gnu.targets.arm.rtsv7M.am4fg(System.om4fg)
                0x00005f8c                xdc_runtime_System_abort__E
 .text.xdc_runtime_System_atexit__E
                0x00005fa8       0x3c C:\ti\tirtos_tivac_2_14_04_31\products\bios_6_42_03_35\packages\gnu\targets\arm\rtsv7M\lib\gnu.targets.arm.rtsv7M.am4fg(System.om4fg)
                0x00005fa8                xdc_runtime_System_atexit__E
 .text.xdc_runtime_System_abortStd__E
                0x00005fe4        0x8 C:\ti\tirtos_tivac_2_14_04_31\products\bios_6_42_03_35\packages\gnu\targets\arm\rtsv7M\lib\gnu.targets.arm.rtsv7M.am4fg(System.om4fg)
                0x00005fe4                xdc_runtime_System_abortStd__E
 .text.xdc_runtime_System_exitStd__E
                0x00005fec        0x8 C:\ti\tirtos_tivac_2_14_04_31\products\bios_6_42_03_35\packages\gnu\targets\arm\rtsv7M\lib\gnu.targets.arm.rtsv7M.am4fg(System.om4fg)
                0x00005fec                xdc_runtime_System_exitStd__E
 .text.xdc_runtime_System_processAtExit__E
                0x00005ff4       0x38 C:\ti\tirtos_tivac_2_14_04_31\products\bios_6_42_03_35\packages\gnu\targets\arm\rtsv7M\lib\gnu.targets.arm.rtsv7M.am4fg(System.om4fg)
                0x00005ff4                xdc_runtime_System_processAtExit__E
 .text.xdc_runtime_System_exit__E
                0x0000602c       0x18 C:\ti\tirtos_tivac_2_14_04_31\products\bios_6_42_03_35\packages\gnu\targets\arm\rtsv7M\lib\gnu.targets.arm.rtsv7M.am4fg(System.om4fg)
                0x0000602c                xdc_runtime_System_exit__E
 .text.xdc_runtime_System_formatNum__I
                0x00006044       0x68 C:\ti\tirtos_tivac_2_14_04_31\products\bios_6_42_03_35\packages\gnu\targets\arm\rtsv7M\lib\gnu.targets.arm.rtsv7M.am4fg(System.om4fg)
                0x00006044                xdc_runtime_System_formatNum(int0_t)
 .text.xdc_runtime_System_putchar__I
                0x000060ac       0x34 C:\ti\tirtos_tivac_2_14_04_31\products\bios_6_42_03_35\packages\gnu\targets\arm\rtsv7M\lib\gnu.targets.arm.rtsv7M.am4fg(System.om4fg)
                0x000060ac                xdc_runtime_System_putchar(int0_t)
 .text.xdc_runtime_System_doPrint__I
                0x000060e0      0x338 C:\ti\tirtos_tivac_2_14_04_31\products\bios_6_42_03_35\packages\gnu\targets\arm\rtsv7M\lib\gnu.targets.arm.rtsv7M.am4fg(System.om4fg)
                0x000060e0                xdc_runtime_System_doPrint(int0_t)
 .text.xdc_runtime_System_avprintf__E
                0x00006418       0x2c C:\ti\tirtos_tivac_2_14_04_31\products\bios_6_42_03_35\packages\gnu\targets\arm\rtsv7M\lib\gnu.targets.arm.rtsv7M.am4fg(System.om4fg)
                0x00006418                xdc_runtime_System_avprintf__E
 .text.xdc_runtime_System_aprintf_va__F
                0x00006444        0x4 C:\ti\tirtos_tivac_2_14_04_31\products\bios_6_42_03_35\packages\gnu\targets\arm\rtsv7M\lib\gnu.targets.arm.rtsv7M.am4fg(System.om4fg)
                0x00006444                xdc_runtime_System_aprintf_va(void)
 .text.xdc_runtime_System_vprintf__E
                0x00006448       0x28 C:\ti\tirtos_tivac_2_14_04_31\products\bios_6_42_03_35\packages\gnu\targets\arm\rtsv7M\lib\gnu.targets.arm.rtsv7M.am4fg(System.om4fg)
                0x00006448                xdc_runtime_System_vprintf__E
 .text.xdc_runtime_System_printf_va__F
                0x00006470        0x4 C:\ti\tirtos_tivac_2_14_04_31\products\bios_6_42_03_35\packages\gnu\targets\arm\rtsv7M\lib\gnu.targets.arm.rtsv7M.am4fg(System.om4fg)
                0x00006470                xdc_runtime_System_printf_va(void)
 .text.xdc_runtime_System_vsnprintf__E
                0x00006474       0x18 C:\ti\tirtos_tivac_2_14_04_31\products\bios_6_42_03_35\packages\gnu\targets\arm\rtsv7M\lib\gnu.targets.arm.rtsv7M.am4fg(System.om4fg)
                0x00006474                xdc_runtime_System_vsnprintf__E
 .text.xdc_runtime_SysMin_Module_startup__E
                0x0000648c       0x20 C:\ti\tirtos_tivac_2_14_04_31\products\bios_6_42_03_35\packages\gnu\targets\arm\rtsv7M\lib\gnu.targets.arm.rtsv7M.am4fg(SysMin.om4fg)
                0x0000648c                xdc_runtime_SysMin_Module_startup__E
 .text.xdc_runtime_SysMin_putch__E
                0x000064ac       0x4c C:\ti\tirtos_tivac_2_14_04_31\products\bios_6_42_03_35\packages\gnu\targets\arm\rtsv7M\lib\gnu.targets.arm.rtsv7M.am4fg(SysMin.om4fg)
                0x000064ac                xdc_runtime_SysMin_putch__E
 .text.xdc_runtime_SysMin_ready__E
                0x000064f8       0x10 C:\ti\tirtos_tivac_2_14_04_31\products\bios_6_42_03_35\packages\gnu\targets\arm\rtsv7M\lib\gnu.targets.arm.rtsv7M.am4fg(SysMin.om4fg)
                0x000064f8                xdc_runtime_SysMin_ready__E
 .text.xdc_runtime_SysMin_flush__E
                0x00006508       0x54 C:\ti\tirtos_tivac_2_14_04_31\products\bios_6_42_03_35\packages\gnu\targets\arm\rtsv7M\lib\gnu.targets.arm.rtsv7M.am4fg(SysMin.om4fg)
                0x00006508                xdc_runtime_SysMin_flush__E
 .text.xdc_runtime_SysMin_abort__E
                0x0000655c       0x34 C:\ti\tirtos_tivac_2_14_04_31\products\bios_6_42_03_35\packages\gnu\targets\arm\rtsv7M\lib\gnu.targets.arm.rtsv7M.am4fg(SysMin.om4fg)
                0x0000655c                xdc_runtime_SysMin_abort__E
 .text.xdc_runtime_SysMin_exit__E
                0x00006590       0x1c C:\ti\tirtos_tivac_2_14_04_31\products\bios_6_42_03_35\packages\gnu\targets\arm\rtsv7M\lib\gnu.targets.arm.rtsv7M.am4fg(SysMin.om4fg)
                0x00006590                xdc_runtime_SysMin_exit__E
 .text.xdc_runtime_Text_cordText__E
                0x000065ac       0x2c C:\ti\tirtos_tivac_2_14_04_31\products\bios_6_42_03_35\packages\gnu\targets\arm\rtsv7M\lib\gnu.targets.arm.rtsv7M.am4fg(Text.om4fg)
                0x000065ac                xdc_runtime_Text_cordText__E
 .text.xdc_runtime_Text_ropeText__E
                0x000065d8       0x14 C:\ti\tirtos_tivac_2_14_04_31\products\bios_6_42_03_35\packages\gnu\targets\arm\rtsv7M\lib\gnu.targets.arm.rtsv7M.am4fg(Text.om4fg)
                0x000065d8                xdc_runtime_Text_ropeText__E
 .text.xdc_runtime_Text_visitRope2__I
                0x000065ec       0x6c C:\ti\tirtos_tivac_2_14_04_31\products\bios_6_42_03_35\packages\gnu\targets\arm\rtsv7M\lib\gnu.targets.arm.rtsv7M.am4fg(Text.om4fg)
                0x000065ec                xdc_runtime_Text_visitRope2(int0_t)
 .text.xdc_runtime_Text_xprintf__I
                0x00006658       0x40 C:\ti\tirtos_tivac_2_14_04_31\products\bios_6_42_03_35\packages\gnu\targets\arm\rtsv7M\lib\gnu.targets.arm.rtsv7M.am4fg(Text.om4fg)
                0x00006658                xdc_runtime_Text_xprintf(int0_t)
 .text.xdc_runtime_Text_printVisFxn__I
                0x00006698       0x34 C:\ti\tirtos_tivac_2_14_04_31\products\bios_6_42_03_35\packages\gnu\targets\arm\rtsv7M\lib\gnu.targets.arm.rtsv7M.am4fg(Text.om4fg)
                0x00006698                xdc_runtime_Text_printVisFxn(int0_t)
 .text.xdc_runtime_Text_putMod__E
                0x000066cc       0x94 C:\ti\tirtos_tivac_2_14_04_31\products\bios_6_42_03_35\packages\gnu\targets\arm\rtsv7M\lib\gnu.targets.arm.rtsv7M.am4fg(Text.om4fg)
                0x000066cc                xdc_runtime_Text_putMod__E
 .text.xdc_runtime_Text_putLab__E
                0x00006760       0x80 C:\ti\tirtos_tivac_2_14_04_31\products\bios_6_42_03_35\packages\gnu\targets\arm\rtsv7M\lib\gnu.targets.arm.rtsv7M.am4fg(Text.om4fg)
                0x00006760                xdc_runtime_Text_putLab__E
 .text.xdc_runtime_Text_putSite__E
                0x000067e0       0x9c C:\ti\tirtos_tivac_2_14_04_31\products\bios_6_42_03_35\packages\gnu\targets\arm\rtsv7M\lib\gnu.targets.arm.rtsv7M.am4fg(Text.om4fg)
                0x000067e0                xdc_runtime_Text_putSite__E
 .text.xdc_runtime_Timestamp_get32__E
                0x0000687c        0x4 C:\ti\tirtos_tivac_2_14_04_31\products\bios_6_42_03_35\packages\gnu\targets\arm\rtsv7M\lib\gnu.targets.arm.rtsv7M.am4fg(Timestamp.om4fg)
                0x0000687c                xdc_runtime_Timestamp_get32__E
 .text.xdc_runtime_Timestamp_get64__E
                0x00006880        0x4 C:\ti\tirtos_tivac_2_14_04_31\products\bios_6_42_03_35\packages\gnu\targets\arm\rtsv7M\lib\gnu.targets.arm.rtsv7M.am4fg(Timestamp.om4fg)
                0x00006880                xdc_runtime_Timestamp_get64__E
 .text.xdc_runtime_Timestamp_getFreq__E
                0x00006884        0x4 C:\ti\tirtos_tivac_2_14_04_31\products\bios_6_42_03_35\packages\gnu\targets\arm\rtsv7M\lib\gnu.targets.arm.rtsv7M.am4fg(Timestamp.om4fg)
                0x00006884                xdc_runtime_Timestamp_getFreq__E
 .text.xdc_runtime_Registry_findById__E
                0x00006888       0x1c C:\ti\tirtos_tivac_2_14_04_31\products\bios_6_42_03_35\packages\gnu\targets\arm\rtsv7M\lib\gnu.targets.arm.rtsv7M.am4fg(Registry.om4fg)
                0x00006888                xdc_runtime_Registry_findById__E
 .text.startupC
                0x000068a4       0x98 C:\ti\tirtos_tivac_2_14_04_31\products\bios_6_42_03_35\packages\gnu\targets\arm\rtsv7M\lib\boot.am4fg(startup.om4fg)
                0x000068a4                startupC
 .text._fini    0x0000693c        0x4 C:\ti\tirtos_tivac_2_14_04_31\products\bios_6_42_03_35\packages\gnu\targets\arm\rtsv7M\lib\boot.am4fg(startup.om4fg)
                0x0000693c                _fini
 .text._exit    0x00006940        0x4 C:\ti\tirtos_tivac_2_14_04_31\products\bios_6_42_03_35\packages\gnu\targets\arm\rtsv7M\lib\syscalls.am4fg(syscalls.om4fg)
                0x00006940                _exit
                0x00006940                C$$EXIT
 .text.ADCIntStatus
                0x00006944       0x74 C:/ti/tirtos_tivac_2_14_04_31/products/TivaWare_C_Series-2.1.1.71b/driverlib/gcc\libdriver.a(adc.o)
                0x00006944                ADCIntStatus
 .text.ADCIntClear
                0x000069b8       0x24 C:/ti/tirtos_tivac_2_14_04_31/products/TivaWare_C_Series-2.1.1.71b/driverlib/gcc\libdriver.a(adc.o)
                0x000069b8                ADCIntClear
 .text.ADCSequenceEnable
                0x000069dc       0x28 C:/ti/tirtos_tivac_2_14_04_31/products/TivaWare_C_Series-2.1.1.71b/driverlib/gcc\libdriver.a(adc.o)
                0x000069dc                ADCSequenceEnable
 .text.ADCSequenceConfigure
                0x00006a04       0x98 C:/ti/tirtos_tivac_2_14_04_31/products/TivaWare_C_Series-2.1.1.71b/driverlib/gcc\libdriver.a(adc.o)
                0x00006a04                ADCSequenceConfigure
 .text.ADCSequenceStepConfigure
                0x00006a9c      0x134 C:/ti/tirtos_tivac_2_14_04_31/products/TivaWare_C_Series-2.1.1.71b/driverlib/gcc\libdriver.a(adc.o)
                0x00006a9c                ADCSequenceStepConfigure
 .text.ADCSequenceDataGet
                0x00006bd0       0x54 C:/ti/tirtos_tivac_2_14_04_31/products/TivaWare_C_Series-2.1.1.71b/driverlib/gcc\libdriver.a(adc.o)
                0x00006bd0                ADCSequenceDataGet
 .text.ADCProcessorTrigger
                0x00006c24       0x38 C:/ti/tirtos_tivac_2_14_04_31/products/TivaWare_C_Series-2.1.1.71b/driverlib/gcc\libdriver.a(adc.o)
                0x00006c24                ADCProcessorTrigger
 .text.GPIODirModeSet
                0x00006c5c       0x78 C:/ti/tirtos_tivac_2_14_04_31/products/TivaWare_C_Series-2.1.1.71b/driverlib/gcc\libdriver.a(gpio.o)
                0x00006c5c                GPIODirModeSet
 .text.GPIOPadConfigSet
                0x00006cd4      0x2b8 C:/ti/tirtos_tivac_2_14_04_31/products/TivaWare_C_Series-2.1.1.71b/driverlib/gcc\libdriver.a(gpio.o)
                0x00006cd4                GPIOPadConfigSet
 .text.GPIOPinRead
                0x00006f8c       0x24 C:/ti/tirtos_tivac_2_14_04_31/products/TivaWare_C_Series-2.1.1.71b/driverlib/gcc\libdriver.a(gpio.o)
                0x00006f8c                GPIOPinRead
 .text.GPIOPinWrite
                0x00006fb0       0x28 C:/ti/tirtos_tivac_2_14_04_31/products/TivaWare_C_Series-2.1.1.71b/driverlib/gcc\libdriver.a(gpio.o)
                0x00006fb0                GPIOPinWrite
 .text.GPIOPinTypeADC
                0x00006fd8       0x2c C:/ti/tirtos_tivac_2_14_04_31/products/TivaWare_C_Series-2.1.1.71b/driverlib/gcc\libdriver.a(gpio.o)
                0x00006fd8                GPIOPinTypeADC
 .text.GPIOPinTypeGPIOInput
                0x00007004       0x2c C:/ti/tirtos_tivac_2_14_04_31/products/TivaWare_C_Series-2.1.1.71b/driverlib/gcc\libdriver.a(gpio.o)
                0x00007004                GPIOPinTypeGPIOInput
 .text.GPIOPinTypeGPIOOutput
                0x00007030       0x2c C:/ti/tirtos_tivac_2_14_04_31/products/TivaWare_C_Series-2.1.1.71b/driverlib/gcc\libdriver.a(gpio.o)
                0x00007030                GPIOPinTypeGPIOOutput
 .text.SysCtlPeripheralEnable
                0x0000705c       0x4c C:/ti/tirtos_tivac_2_14_04_31/products/TivaWare_C_Series-2.1.1.71b/driverlib/gcc\libdriver.a(sysctl.o)
                0x0000705c                SysCtlPeripheralEnable
 .text.SysCtlDelay
                0x000070a8        0x8 C:/ti/tirtos_tivac_2_14_04_31/products/TivaWare_C_Series-2.1.1.71b/driverlib/gcc\libdriver.a(sysctl.o)
                0x000070a8                SysCtlDelay
 .text.SysCtlClockSet
                0x000070b0      0x1f4 C:/ti/tirtos_tivac_2_14_04_31/products/TivaWare_C_Series-2.1.1.71b/driverlib/gcc\libdriver.a(sysctl.o)
                0x000070b0                SysCtlClockSet
 .text.SysCtlClockGet
                0x000072a4      0x204 C:/ti/tirtos_tivac_2_14_04_31/products/TivaWare_C_Series-2.1.1.71b/driverlib/gcc\libdriver.a(sysctl.o)
                0x000072a4                SysCtlClockGet
 .text.TimerEnable
                0x000074a8       0x2c C:/ti/tirtos_tivac_2_14_04_31/products/TivaWare_C_Series-2.1.1.71b/driverlib/gcc\libdriver.a(timer.o)
                0x000074a8                TimerEnable
 .text.TimerConfigure
                0x000074d4       0xa0 C:/ti/tirtos_tivac_2_14_04_31/products/TivaWare_C_Series-2.1.1.71b/driverlib/gcc\libdriver.a(timer.o)
                0x000074d4                TimerConfigure
 .text.TimerLoadSet
                0x00007574       0x38 C:/ti/tirtos_tivac_2_14_04_31/products/TivaWare_C_Series-2.1.1.71b/driverlib/gcc\libdriver.a(timer.o)
                0x00007574                TimerLoadSet
 .text.TimerIntEnable
                0x000075ac       0x24 C:/ti/tirtos_tivac_2_14_04_31/products/TivaWare_C_Series-2.1.1.71b/driverlib/gcc\libdriver.a(timer.o)
                0x000075ac                TimerIntEnable
 .text.TimerIntClear
                0x000075d0       0x1c C:/ti/tirtos_tivac_2_14_04_31/products/TivaWare_C_Series-2.1.1.71b/driverlib/gcc\libdriver.a(timer.o)
                0x000075d0                TimerIntClear
 .text.error    0x000075ec       0x1c C:/ti/tirtos_tivac_2_14_04_31/products/bios_6_42_03_35/packages/gnu/targets/arm/libs/install-native/arm-none-eabi/lib/armv7e-m/fpu\librdimon.a(rdimon-syscalls.o)
 .text.findslot
                0x00007608       0x3c C:/ti/tirtos_tivac_2_14_04_31/products/bios_6_42_03_35/packages/gnu/targets/arm/libs/install-native/arm-none-eabi/lib/armv7e-m/fpu\librdimon.a(rdimon-syscalls.o)
 .text.checkerror
                0x00007644        0xc C:/ti/tirtos_tivac_2_14_04_31/products/bios_6_42_03_35/packages/gnu/targets/arm/libs/install-native/arm-none-eabi/lib/armv7e-m/fpu\librdimon.a(rdimon-syscalls.o)
 .text.initialise_monitor_handles