******************************************************************************
                  TI ARM Linker PC v5.2.5                      
******************************************************************************
>> Linked Tue Aug 23 18:18:52 2016

OUTPUT FILE NAME:   <lab-3.out>
ENTRY POINT SYMBOL: "_c_int00"  address: 00000d19


MEMORY CONFIGURATION

         name            origin    length      used     unused   attr    fill
----------------------  --------  ---------  --------  --------  ----  --------
  FLASH                 00000000   00040000  0000108a  0003ef76  R  X
  SRAM                  20000000   00008000  00000238  00007dc8  RW X


SEGMENT ALLOCATION MAP

run origin  load origin   length   init length attrs members
----------  ----------- ---------- ----------- ----- -------
00000000    00000000    00001090   00001090    r-x
  00000000    00000000    0000026c   0000026c    r-- .intvecs
  0000026c    0000026c    00000d12   00000d12    r-x .text
  00000f80    00000f80    000000dc   000000dc    r-- .const
  00001060    00001060    00000030   00000030    r-- .cinit
20000000    20000000    00000238   00000000    rw-
  20000000    20000000    00000200   00000000    rw- .stack
  20000200    20000200    00000038   00000000    rw- .data


SECTION ALLOCATION MAP

 output                                  attributes/
section   page    origin      length       input sections
--------  ----  ----------  ----------   ----------------
.intvecs   0    00000000    0000026c     
                  00000000    0000026c     tm4c123gh6pm_startup_ccs.obj (.intvecs)

.text      0    0000026c    00000d12     
                  0000026c    000004bc     main.obj (.text)
                  00000728    00000132     driverlib.lib : gpio.obj (.text:GPIOPadConfigSet)
                  0000085a    00000002     --HOLE-- [fill = 0]
                  0000085c    00000110                   : sysctl.obj (.text:SysCtlClockGet)
                  0000096c    000000f4                   : sysctl.obj (.text:SysCtlClockSet)
                  00000a60    0000009c     rtsv7M4_T_le_v4SPD16_eabi.lib : memcpy_t2.obj (.text)
                  00000afc    0000007a                                   : memset_t2.obj (.text)
                  00000b76    00000002     --HOLE-- [fill = 0]
                  00000b78    0000006c                                   : autoinit.obj (.text)
                  00000be4    0000006a                                   : copy_decompress_rle.obj (.text)
                  00000c4e    00000002     --HOLE-- [fill = 0]
                  00000c50    00000068     driverlib.lib : interrupt.obj (.text:IntEnable)
                  00000cb8    00000060                   : timer.obj (.text:TimerConfigure)
                  00000d18    00000050     rtsv7M4_T_le_v4SPD16_eabi.lib : boot.obj (.text)
                  00000d68    0000004c                                   : cpy_tbl.obj (.text)
                  00000db4    00000044                                   : exit.obj (.text)
                  00000df8    00000034     driverlib.lib : sysctl.obj (.text:SysCtlPeripheralEnable)
                  00000e2c    0000002a                   : gpio.obj (.text:GPIODirModeSet)
                  00000e56    00000022                   : pwm.obj (.text:PWMGenConfigure)
                  00000e78    0000001e                   : pwm.obj (.text:PWMPulseWidthSet)
                  00000e96    00000002     --HOLE-- [fill = 0]
                  00000e98    00000018     rtsv7M4_T_le_v4SPD16_eabi.lib : args_main.obj (.text)
                  00000eb0    00000014     driverlib.lib : sysctl.obj (.text:SysCtlPWMClockSet)
                  00000ec4    00000014     rtsv7M4_T_le_v4SPD16_eabi.lib : _lock.obj (.text)
                  00000ed8    00000012     driverlib.lib : pwm.obj (.text:PWMOutputState)
                  00000eea    00000012                   : timer.obj (.text:TimerLoadSet)
                  00000efc    00000010                   : interrupt.obj (.text:IntMasterEnable)
                  00000f0c    00000010                   : pwm.obj (.text:PWMGenPeriodSet)
                  00000f1c    0000000e                   : timer.obj (.text:TimerEnable)
                  00000f2a    0000000e     rtsv7M4_T_le_v4SPD16_eabi.lib : copy_decompress_none.obj (.text:decompress:none)
                  00000f38    0000000c     driverlib.lib : cpu.obj (.text:CPUcpsie)
                  00000f44    0000000c                   : pwm.obj (.text:PWMGenEnable)
                  00000f50    0000000c     tm4c123gh6pm_startup_ccs.obj (.text)
                  00000f5c    00000008     driverlib.lib : timer.obj (.text:TimerIntEnable)
                  00000f64    00000006                   : gpio.obj (.text:GPIOPinRead)
                  00000f6a    00000006                   : sysctl.obj (.text:SysCtlDelay)
                  00000f70    00000006     rtsv7M4_T_le_v4SPD16_eabi.lib : copy_decompress_rle.obj (.text:decompress:rle24)
                  00000f76    00000004     driverlib.lib : timer.obj (.text:TimerIntClear)
                  00000f7a    00000004     rtsv7M4_T_le_v4SPD16_eabi.lib : pre_init.obj (.text)

.const     0    00000f80    000000dc     
                  00000f80    00000070     driverlib.lib : interrupt.obj (.const)
                  00000ff0    0000006c                   : sysctl.obj (.const:g_pui32Xtals)

.cinit     0    00001060    00000030     
                  00001060    00000020     (.cinit..data.load) [load image, compression = rle]
                  00001080    00000008     (__TI_handler_table)
                  00001088    00000008     (__TI_cinit_table)

.init_array 
*          0    00000000    00000000     UNINITIALIZED

.stack     0    20000000    00000200     UNINITIALIZED
                  20000000    00000200     --HOLE--

.data      0    20000200    00000038     UNINITIALIZED
                  20000200    00000022     main.obj (.data)
                  20000222    00000002     --HOLE--
                  20000224    00000008     rtsv7M4_T_le_v4SPD16_eabi.lib : _lock.obj (.data)
                  2000022c    00000008                                   : exit.obj (.data)
                  20000234    00000004                                   : stkdepth_vars.obj (.data)

.TI.persistent 
*          0    20000200    00000000     UNINITIALIZED


LINKER GENERATED COPY TABLES

__TI_cinit_table @ 00001088 records: 1, size/record: 8, table size: 8
	.data: load addr=00001060, load size=00000020 bytes, run addr=20000200, run size=00000038 bytes, compression=rle


LINKER GENERATED HANDLER TABLE

__TI_handler_table @ 00001080 records: 2, size/record: 4, table size: 8
	index: 0, handler: __TI_decompress_rle24
	index: 1, handler: __TI_decompress_none


GLOBAL SYMBOLS: SORTED ALPHABETICALLY BY Name 

address   name                    
-------   ----                    
00000db5  C$$EXIT                 
00000f39  CPUcpsie                
00000645  DetectSW1               
00000535  DetectSW2               
00000e2d  GPIODirModeSet          
00000729  GPIOPadConfigSet        
00000f65  GPIOPinRead             
00000c51  IntEnable               
00000efd  IntMasterEnable         
20000200  LONG_COUNT_TIMEOUT      
00000e57  PWMGenConfigure         
00000f45  PWMGenEnable            
00000f0d  PWMGenPeriodSet         
00000ed9  PWMOutputState          
00000e79  PWMPulseWidthSet        
20000204  PWM_FREQUENCY           
00000f51  ResetISR                
UNDEFED   SHT$$INIT_ARRAY$$Base   
UNDEFED   SHT$$INIT_ARRAY$$Limit  
0000085d  SysCtlClockGet          
0000096d  SysCtlClockSet          
00000f6b  SysCtlDelay             
00000eb1  SysCtlPWMClockSet       
00000df9  SysCtlPeripheralEnable  
0000026d  Timer0IntHandler        
00000cb9  TimerConfigure          
00000f1d  TimerEnable             
00000f77  TimerIntClear           
00000f5d  TimerIntEnable          
00000eeb  TimerLoadSet            
20000200  __STACK_END             
00000200  __STACK_SIZE            
20000200  __STACK_TOP             
00001088  __TI_CINIT_Base         
00001090  __TI_CINIT_Limit        
00001080  __TI_Handler_Table_Base 
00001088  __TI_Handler_Table_Limit
00000b79  __TI_auto_init          
2000022c  __TI_cleanup_ptr        
00000f2b  __TI_decompress_none    
00000f71  __TI_decompress_rle24   
20000230  __TI_dtors_ptr          
00000000  __TI_static_base__      
00000afd  __aeabi_memclr          
00000afd  __aeabi_memclr4         
00000afd  __aeabi_memclr8         
00000a61  __aeabi_memcpy          
00000a61  __aeabi_memcpy4         
00000a61  __aeabi_memcpy8         
00000aff  __aeabi_memset          
00000aff  __aeabi_memset4         
00000aff  __aeabi_memset8         
ffffffff  __binit__               
ffffffff  __c_args__              
20000000  __stack                 
00000e99  _args_main              
00000d19  _c_int00                
20000224  _lock                   
00000ed3  _nop                    
00000ecb  _register_lock          
00000ec5  _register_unlock        
00000f7b  _system_pre_init        
20000228  _unlock                 
00000db9  abort                   
20000218  angle                   
ffffffff  binit                   
20000214  blue                    
00000491  changeColor             
00000d69  copy_in                 
00000dc1  exit                    
00000000  g_pfnVectors            
20000210  green                   
2000021c  incAngle                
20000208  longCountSW1            
20000209  longCountSW2            
000002cd  main                    
20000234  main_func_sp            
00000a61  memcpy                  
00000b05  memset                  
2000020a  mode                    
2000020c  red                     
20000220  state1                  
20000221  state2                  


GLOBAL SYMBOLS: SORTED BY Symbol Address 

address   name                    
-------   ----                    
00000000  __TI_static_base__      
00000000  g_pfnVectors            
00000200  __STACK_SIZE            
0000026d  Timer0IntHandler        
000002cd  main                    
00000491  changeColor             
00000535  DetectSW2               
00000645  DetectSW1               
00000729  GPIOPadConfigSet        
0000085d  SysCtlClockGet          
0000096d  SysCtlClockSet          
00000a61  __aeabi_memcpy          
00000a61  __aeabi_memcpy4         
00000a61  __aeabi_memcpy8         
00000a61  memcpy                  
00000afd  __aeabi_memclr          
00000afd  __aeabi_memclr4         
00000afd  __aeabi_memclr8         
00000aff  __aeabi_memset          
00000aff  __aeabi_memset4         
00000aff  __aeabi_memset8         
00000b05  memset                  
00000b79  __TI_auto_init          
00000c51  IntEnable               
00000cb9  TimerConfigure          
00000d19  _c_int00                
00000d69  copy_in                 
00000db5  C$$EXIT                 
00000db9  abort                   
00000dc1  exit                    
00000df9  SysCtlPeripheralEnable  
00000e2d  GPIODirModeSet          
00000e57  PWMGenConfigure         
00000e79  PWMPulseWidthSet        
00000e99  _args_main              
00000eb1  SysCtlPWMClockSet       
00000ec5  _register_unlock        
00000ecb  _register_lock          
00000ed3  _nop                    
00000ed9  PWMOutputState          
00000eeb  TimerLoadSet            
00000efd  IntMasterEnable         
00000f0d  PWMGenPeriodSet         
00000f1d  TimerEnable             
00000f2b  __TI_decompress_none    
00000f39  CPUcpsie                
00000f45  PWMGenEnable            
00000f51  ResetISR                
00000f5d  TimerIntEnable          
00000f65  GPIOPinRead             
00000f6b  SysCtlDelay             
00000f71  __TI_decompress_rle24   
00000f77  TimerIntClear           
00000f7b  _system_pre_init        
00001080  __TI_Handler_Table_Base 
00001088  __TI_CINIT_Base         
00001088  __TI_Handler_Table_Limit
00001090  __TI_CINIT_Limit        
20000000  __stack                 
20000200  LONG_COUNT_TIMEOUT      
20000200  __STACK_END             
20000200  __STACK_TOP             
20000204  PWM_FREQUENCY           
20000208  longCountSW1            
20000209  longCountSW2            
2000020a  mode                    
2000020c  red                     
20000210  green                   
20000214  blue                    
20000218  angle                   
2000021c  incAngle                
20000220  state1                  
20000221  state2                  
20000224  _lock                   
20000228  _unlock                 
2000022c  __TI_cleanup_ptr        
20000230  __TI_dtors_ptr          
20000234  main_func_sp            
ffffffff  __binit__               
ffffffff  __c_args__              
ffffffff  binit                   
UNDEFED   SHT$$INIT_ARRAY$$Base   
UNDEFED   SHT$$INIT_ARRAY$$Limit  

[83 symbols]
