******************************************************************************
                  TI ARM Linker PC v5.2.5                      
******************************************************************************
>> Linked Sat Sep 17 10:02:03 2016

OUTPUT FILE NAME:   <lab-3.out>
ENTRY POINT SYMBOL: "_c_int00"  address: 00000d21


MEMORY CONFIGURATION

         name            origin    length      used     unused   attr    fill
----------------------  --------  ---------  --------  --------  ----  --------
  FLASH                 00000000   00040000  00001092  0003ef6e  R  X
  SRAM                  20000000   00008000  00000238  00007dc8  RW X


SEGMENT ALLOCATION MAP

run origin  load origin   length   init length attrs members
----------  ----------- ---------- ----------- ----- -------
00000000    00000000    00001098   00001098    r-x
  00000000    00000000    0000026c   0000026c    r-- .intvecs
  0000026c    0000026c    00000d1a   00000d1a    r-x .text
  00000f88    00000f88    000000dc   000000dc    r-- .const
  00001068    00001068    00000030   00000030    r-- .cinit
20000000    20000000    00000238   00000000    rw-
  20000000    20000000    00000200   00000000    rw- .stack
  20000200    20000200    00000038   00000000    rw- .data


SECTION ALLOCATION MAP

 output                                  attributes/
section   page    origin      length       input sections
--------  ----  ----------  ----------   ----------------
.intvecs   0    00000000    0000026c     
                  00000000    0000026c     tm4c123gh6pm_startup_ccs.obj (.intvecs)

.text      0    0000026c    00000d1a     
                  0000026c    000004c4     main.obj (.text)
                  00000730    00000132     driverlib.lib : gpio.obj (.text:GPIOPadConfigSet)
                  00000862    00000002     --HOLE-- [fill = 0]
                  00000864    00000110                   : sysctl.obj (.text:SysCtlClockGet)
                  00000974    000000f4                   : sysctl.obj (.text:SysCtlClockSet)
                  00000a68    0000009c     rtsv7M4_T_le_v4SPD16_eabi.lib : memcpy_t2.obj (.text)
                  00000b04    0000007a                                   : memset_t2.obj (.text)
                  00000b7e    00000002     --HOLE-- [fill = 0]
                  00000b80    0000006c                                   : autoinit.obj (.text)
                  00000bec    0000006a                                   : copy_decompress_rle.obj (.text)
                  00000c56    00000002     --HOLE-- [fill = 0]
                  00000c58    00000068     driverlib.lib : interrupt.obj (.text:IntEnable)
                  00000cc0    00000060                   : timer.obj (.text:TimerConfigure)
                  00000d20    00000050     rtsv7M4_T_le_v4SPD16_eabi.lib : boot.obj (.text)
                  00000d70    0000004c                                   : cpy_tbl.obj (.text)
                  00000dbc    00000044                                   : exit.obj (.text)
                  00000e00    00000034     driverlib.lib : sysctl.obj (.text:SysCtlPeripheralEnable)
                  00000e34    0000002a                   : gpio.obj (.text:GPIODirModeSet)
                  00000e5e    00000022                   : pwm.obj (.text:PWMGenConfigure)
                  00000e80    0000001e                   : pwm.obj (.text:PWMPulseWidthSet)
                  00000e9e    00000002     --HOLE-- [fill = 0]
                  00000ea0    00000018     rtsv7M4_T_le_v4SPD16_eabi.lib : args_main.obj (.text)
                  00000eb8    00000014     driverlib.lib : sysctl.obj (.text:SysCtlPWMClockSet)
                  00000ecc    00000014     rtsv7M4_T_le_v4SPD16_eabi.lib : _lock.obj (.text)
                  00000ee0    00000012     driverlib.lib : pwm.obj (.text:PWMOutputState)
                  00000ef2    00000012                   : timer.obj (.text:TimerLoadSet)
                  00000f04    00000010                   : interrupt.obj (.text:IntMasterEnable)
                  00000f14    00000010                   : pwm.obj (.text:PWMGenPeriodSet)
                  00000f24    0000000e                   : timer.obj (.text:TimerEnable)
                  00000f32    0000000e     rtsv7M4_T_le_v4SPD16_eabi.lib : copy_decompress_none.obj (.text:decompress:none)
                  00000f40    0000000c     driverlib.lib : cpu.obj (.text:CPUcpsie)
                  00000f4c    0000000c                   : pwm.obj (.text:PWMGenEnable)
                  00000f58    0000000c     tm4c123gh6pm_startup_ccs.obj (.text)
                  00000f64    00000008     driverlib.lib : timer.obj (.text:TimerIntEnable)
                  00000f6c    00000006                   : gpio.obj (.text:GPIOPinRead)
                  00000f72    00000006                   : sysctl.obj (.text:SysCtlDelay)
                  00000f78    00000006     rtsv7M4_T_le_v4SPD16_eabi.lib : copy_decompress_rle.obj (.text:decompress:rle24)
                  00000f7e    00000004     driverlib.lib : timer.obj (.text:TimerIntClear)
                  00000f82    00000004     rtsv7M4_T_le_v4SPD16_eabi.lib : pre_init.obj (.text)

.const     0    00000f88    000000dc     
                  00000f88    00000070     driverlib.lib : interrupt.obj (.const)
                  00000ff8    0000006c                   : sysctl.obj (.const:g_pui32Xtals)

.cinit     0    00001068    00000030     
                  00001068    00000020     (.cinit..data.load) [load image, compression = rle]
                  00001088    00000008     (__TI_handler_table)
                  00001090    00000008     (__TI_cinit_table)

.init_array 
*          0    00000000    00000000     UNINITIALIZED

.stack     0    20000000    00000200     UNINITIALIZED
                  20000000    00000200     --HOLE--

.data      0    20000200    00000038     UNINITIALIZED
                  20000200    00000022     main.obj (.data)
                  20000222    00000002     --HOLE--
                  20000224    00000008     rtsv7M4_T_le_v4SPD16_eabi.lib : _lock.obj (.data)
                  2000022c    00000008                                   : exit.obj (.data)
                  20000234    00000004                                   : stkdepth_vars.obj (.data)

.TI.persistent 
*          0    20000200    00000000     UNINITIALIZED


LINKER GENERATED COPY TABLES

__TI_cinit_table @ 00001090 records: 1, size/record: 8, table size: 8
	.data: load addr=00001068, load size=00000020 bytes, run addr=20000200, run size=00000038 bytes, compression=rle


LINKER GENERATED HANDLER TABLE

__TI_handler_table @ 00001088 records: 2, size/record: 4, table size: 8
	index: 0, handler: __TI_decompress_rle24
	index: 1, handler: __TI_decompress_none


GLOBAL SYMBOLS: SORTED ALPHABETICALLY BY Name 

address   name                    
-------   ----                    
00000dbd  C$$EXIT                 
00000f41  CPUcpsie                
0000064d  DetectSW1               
00000545  DetectSW2               
00000e35  GPIODirModeSet          
00000731  GPIOPadConfigSet        
00000f6d  GPIOPinRead             
00000c59  IntEnable               
00000f05  IntMasterEnable         
20000200  LONG_COUNT_TIMEOUT      
00000e5f  PWMGenConfigure         
00000f4d  PWMGenEnable            
00000f15  PWMGenPeriodSet         
00000ee1  PWMOutputState          
00000e81  PWMPulseWidthSet        
20000204  PWM_FREQUENCY           
00000f59  ResetISR                
UNDEFED   SHT$$INIT_ARRAY$$Base   
UNDEFED   SHT$$INIT_ARRAY$$Limit  
00000865  SysCtlClockGet          
00000975  SysCtlClockSet          
00000f73  SysCtlDelay             
00000eb9  SysCtlPWMClockSet       
00000e01  SysCtlPeripheralEnable  
0000026d  Timer0IntHandler        
00000cc1  TimerConfigure          
00000f25  TimerEnable             
00000f7f  TimerIntClear           
00000f65  TimerIntEnable          
00000ef3  TimerLoadSet            
20000200  __STACK_END             
00000200  __STACK_SIZE            
20000200  __STACK_TOP             
00001090  __TI_CINIT_Base         
00001098  __TI_CINIT_Limit        
00001088  __TI_Handler_Table_Base 
00001090  __TI_Handler_Table_Limit
00000b81  __TI_auto_init          
2000022c  __TI_cleanup_ptr        
00000f33  __TI_decompress_none    
00000f79  __TI_decompress_rle24   
20000230  __TI_dtors_ptr          
00000000  __TI_static_base__      
00000b05  __aeabi_memclr          
00000b05  __aeabi_memclr4         
00000b05  __aeabi_memclr8         
00000a69  __aeabi_memcpy          
00000a69  __aeabi_memcpy4         
00000a69  __aeabi_memcpy8         
00000b07  __aeabi_memset          
00000b07  __aeabi_memset4         
00000b07  __aeabi_memset8         
ffffffff  __binit__               
ffffffff  __c_args__              
20000000  __stack                 
00000ea1  _args_main              
00000d21  _c_int00                
20000224  _lock                   
00000edb  _nop                    
00000ed3  _register_lock          
00000ecd  _register_unlock        
00000f83  _system_pre_init        
20000228  _unlock                 
00000dc1  abort                   
20000218  angle                   
ffffffff  binit                   
20000214  blue                    
00000499  changeColor             
00000d71  copy_in                 
00000dc9  exit                    
00000000  g_pfnVectors            
20000210  green                   
2000021c  incAngle                
20000208  longCountSW1            
20000209  longCountSW2            
000002cd  main                    
20000234  main_func_sp            
00000a69  memcpy                  
00000b0d  memset                  
2000020a  mode                    
2000020c  red                     
20000220  state1                  
20000221  state2                  


GLOBAL SYMBOLS: SORTED BY Symbol Address 

address   name                    
-------   ----                    
00000000  __TI_static_base__      
00000000  g_pfnVectors            
00000200  __STACK_SIZE            
0000026d  Timer0IntHandler        
000002cd  main                    
00000499  changeColor             
00000545  DetectSW2               
0000064d  DetectSW1               
00000731  GPIOPadConfigSet        
00000865  SysCtlClockGet          
00000975  SysCtlClockSet          
00000a69  __aeabi_memcpy          
00000a69  __aeabi_memcpy4         
00000a69  __aeabi_memcpy8         
00000a69  memcpy                  
00000b05  __aeabi_memclr          
00000b05  __aeabi_memclr4         
00000b05  __aeabi_memclr8         
00000b07  __aeabi_memset          
00000b07  __aeabi_memset4         
00000b07  __aeabi_memset8         
00000b0d  memset                  
00000b81  __TI_auto_init          
00000c59  IntEnable               
00000cc1  TimerConfigure          
00000d21  _c_int00                
00000d71  copy_in                 
00000dbd  C$$EXIT                 
00000dc1  abort                   
00000dc9  exit                    
00000e01  SysCtlPeripheralEnable  
00000e35  GPIODirModeSet          
00000e5f  PWMGenConfigure         
00000e81  PWMPulseWidthSet        
00000ea1  _args_main              
00000eb9  SysCtlPWMClockSet       
00000ecd  _register_unlock        
00000ed3  _register_lock          
00000edb  _nop                    
00000ee1  PWMOutputState          
00000ef3  TimerLoadSet            
00000f05  IntMasterEnable         
00000f15  PWMGenPeriodSet         
00000f25  TimerEnable             
00000f33  __TI_decompress_none    
00000f41  CPUcpsie                
00000f4d  PWMGenEnable            
00000f59  ResetISR                
00000f65  TimerIntEnable          
00000f6d  GPIOPinRead             
00000f73  SysCtlDelay             
00000f79  __TI_decompress_rle24   
00000f7f  TimerIntClear           
00000f83  _system_pre_init        
00001088  __TI_Handler_Table_Base 
00001090  __TI_CINIT_Base         
00001090  __TI_Handler_Table_Limit
00001098  __TI_CINIT_Limit        
20000000  __stack                 
20000200  LONG_COUNT_TIMEOUT      
20000200  __STACK_END             
20000200  __STACK_TOP             
20000204  PWM_FREQUENCY           
20000208  longCountSW1            
20000209  longCountSW2            
2000020a  mode                    
2000020c  red                     
20000210  green                   
20000214  blue                    
20000218  angle                   
2000021c  incAngle                
20000220  state1                  
20000221  state2                  
20000224  _lock                   
20000228  _unlock                 
2000022c  __TI_cleanup_ptr        
20000230  __TI_dtors_ptr          
20000234  main_func_sp            
ffffffff  __binit__               
ffffffff  __c_args__              
ffffffff  binit                   
UNDEFED   SHT$$INIT_ARRAY$$Base   
UNDEFED   SHT$$INIT_ARRAY$$Limit  

[83 symbols]
