******************************************************************************
                  TI ARM Linker PC v5.2.5                      
******************************************************************************
>> Linked Tue Aug 16 18:51:47 2016

OUTPUT FILE NAME:   <lab-2.out>
ENTRY POINT SYMBOL: "_c_int00"  address: 00000955


MEMORY CONFIGURATION

         name            origin    length      used     unused   attr    fill
----------------------  --------  ---------  --------  --------  ----  --------
  FLASH                 00000000   00040000  00000c6a  0003f396  R  X
  SRAM                  20000000   00008000  00000228  00007dd8  RW X


SEGMENT ALLOCATION MAP

run origin  load origin   length   init length attrs members
----------  ----------- ---------- ----------- ----- -------
00000000    00000000    00000c6c   00000c6c    r-x
  00000000    00000000    0000026c   0000026c    r-- .intvecs
  0000026c    0000026c    000008f6   000008f6    r-x .text
  00000b64    00000b64    000000dc   000000dc    r-- .const
  00000c40    00000c40    0000002c   0000002c    r-- .cinit
20000000    20000000    00000228   00000000    rw-
  20000000    20000000    00000200   00000000    rw- .stack
  20000200    20000200    00000028   00000000    rw- .data


SECTION ALLOCATION MAP

 output                                  attributes/
section   page    origin      length       input sections
--------  ----  ----------  ----------   ----------------
.intvecs   0    00000000    0000026c     
                  00000000    0000026c     tm4c123gh6pm_startup_ccs.obj (.intvecs)

.text      0    0000026c    000008f6     
                  0000026c    00000132     driverlib.lib : gpio.obj (.text:GPIOPadConfigSet)
                  0000039e    00000002     --HOLE-- [fill = 0]
                  000003a0    00000110                   : sysctl.obj (.text:SysCtlClockGet)
                  000004b0    000000f8     main.obj (.text)
                  000005a8    000000f4     driverlib.lib : sysctl.obj (.text:SysCtlClockSet)
                  0000069c    0000009c     rtsv7M4_T_le_v4SPD16_eabi.lib : memcpy_t2.obj (.text)
                  00000738    0000007a                                   : memset_t2.obj (.text)
                  000007b2    00000002     --HOLE-- [fill = 0]
                  000007b4    0000006c                                   : autoinit.obj (.text)
                  00000820    0000006a                                   : copy_decompress_rle.obj (.text)
                  0000088a    00000002     --HOLE-- [fill = 0]
                  0000088c    00000068     driverlib.lib : interrupt.obj (.text:IntEnable)
                  000008f4    00000060                   : timer.obj (.text:TimerConfigure)
                  00000954    00000050     rtsv7M4_T_le_v4SPD16_eabi.lib : boot.obj (.text)
                  000009a4    0000004c                                   : cpy_tbl.obj (.text)
                  000009f0    00000044                                   : exit.obj (.text)
                  00000a34    00000034     driverlib.lib : sysctl.obj (.text:SysCtlPeripheralEnable)
                  00000a68    0000002a                   : gpio.obj (.text:GPIODirModeSet)
                  00000a92    00000018                   : gpio.obj (.text:GPIOPinTypeGPIOOutput)
                  00000aaa    00000002     --HOLE-- [fill = 0]
                  00000aac    00000018     rtsv7M4_T_le_v4SPD16_eabi.lib : args_main.obj (.text)
                  00000ac4    00000014                                   : _lock.obj (.text)
                  00000ad8    00000012     driverlib.lib : gpio.obj (.text:GPIOPinTypeGPIOInput)
                  00000aea    00000012                   : timer.obj (.text:TimerLoadSet)
                  00000afc    00000010                   : interrupt.obj (.text:IntMasterEnable)
                  00000b0c    0000000e                   : timer.obj (.text:TimerEnable)
                  00000b1a    0000000e     rtsv7M4_T_le_v4SPD16_eabi.lib : copy_decompress_none.obj (.text:decompress:none)
                  00000b28    0000000c     driverlib.lib : cpu.obj (.text:CPUcpsie)
                  00000b34    0000000c     tm4c123gh6pm_startup_ccs.obj (.text)
                  00000b40    00000008     driverlib.lib : timer.obj (.text:TimerIntEnable)
                  00000b48    00000006                   : gpio.obj (.text:GPIOPinRead)
                  00000b4e    00000006                   : sysctl.obj (.text:SysCtlDelay)
                  00000b54    00000006     rtsv7M4_T_le_v4SPD16_eabi.lib : copy_decompress_rle.obj (.text:decompress:rle24)
                  00000b5a    00000004     driverlib.lib : timer.obj (.text:TimerIntClear)
                  00000b5e    00000004     rtsv7M4_T_le_v4SPD16_eabi.lib : pre_init.obj (.text)

.const     0    00000b64    000000dc     
                  00000b64    00000070     driverlib.lib : interrupt.obj (.const)
                  00000bd4    0000006c                   : sysctl.obj (.const:g_pui32Xtals)

.cinit     0    00000c40    0000002c     
                  00000c40    0000001a     (.cinit..data.load) [load image, compression = rle]
                  00000c5a    00000002     --HOLE-- [fill = 0]
                  00000c5c    00000008     (__TI_handler_table)
                  00000c64    00000008     (__TI_cinit_table)

.init_array 
*          0    00000000    00000000     UNINITIALIZED

.stack     0    20000000    00000200     UNINITIALIZED
                  20000000    00000200     --HOLE--

.data      0    20000200    00000028     UNINITIALIZED
                  20000200    00000014     main.obj (.data)
                  20000214    00000008     rtsv7M4_T_le_v4SPD16_eabi.lib : _lock.obj (.data)
                  2000021c    00000008                                   : exit.obj (.data)
                  20000224    00000004                                   : stkdepth_vars.obj (.data)

.TI.persistent 
*          0    20000200    00000000     UNINITIALIZED


LINKER GENERATED COPY TABLES

__TI_cinit_table @ 00000c64 records: 1, size/record: 8, table size: 8
	.data: load addr=00000c40, load size=0000001a bytes, run addr=20000200, run size=00000028 bytes, compression=rle


LINKER GENERATED HANDLER TABLE

__TI_handler_table @ 00000c5c records: 2, size/record: 4, table size: 8
	index: 0, handler: __TI_decompress_rle24
	index: 1, handler: __TI_decompress_none


GLOBAL SYMBOLS: SORTED ALPHABETICALLY BY Name 

address   name                    
-------   ----                    
000009f1  C$$EXIT                 
00000b29  CPUcpsie                
00000a69  GPIODirModeSet          
0000026d  GPIOPadConfigSet        
00000b49  GPIOPinRead             
00000ad9  GPIOPinTypeGPIOInput    
00000a93  GPIOPinTypeGPIOOutput   
0000088d  IntEnable               
00000afd  IntMasterEnable         
00000b35  ResetISR                
UNDEFED   SHT$$INIT_ARRAY$$Base   
UNDEFED   SHT$$INIT_ARRAY$$Limit  
000003a1  SysCtlClockGet          
000005a9  SysCtlClockSet          
00000b4f  SysCtlDelay             
00000a35  SysCtlPeripheralEnable  
0000053d  Timer0IntHandler        
000008f5  TimerConfigure          
00000b0d  TimerEnable             
00000b5b  TimerIntClear           
00000b41  TimerIntEnable          
00000aeb  TimerLoadSet            
20000200  __STACK_END             
00000200  __STACK_SIZE            
20000200  __STACK_TOP             
00000c64  __TI_CINIT_Base         
00000c6c  __TI_CINIT_Limit        
00000c5c  __TI_Handler_Table_Base 
00000c64  __TI_Handler_Table_Limit
000007b5  __TI_auto_init          
2000021c  __TI_cleanup_ptr        
00000b1b  __TI_decompress_none    
00000b55  __TI_decompress_rle24   
20000220  __TI_dtors_ptr          
00000000  __TI_static_base__      
00000739  __aeabi_memclr          
00000739  __aeabi_memclr4         
00000739  __aeabi_memclr8         
0000069d  __aeabi_memcpy          
0000069d  __aeabi_memcpy4         
0000069d  __aeabi_memcpy8         
0000073b  __aeabi_memset          
0000073b  __aeabi_memset4         
0000073b  __aeabi_memset8         
ffffffff  __binit__               
ffffffff  __c_args__              
20000000  __stack                 
00000aad  _args_main              
00000955  _c_int00                
20000214  _lock                   
00000ad3  _nop                    
00000acb  _register_lock          
00000ac5  _register_unlock        
00000b5f  _system_pre_init        
20000218  _unlock                 
000009f5  abort                   
ffffffff  binit                   
000009a5  copy_in                 
20000200  count                   
20000204  count1                  
000009fd  exit                    
00000000  g_pfnVectors            
000004b1  main                    
20000224  main_func_sp            
0000069d  memcpy                  
00000741  memset                  
20000210  sw1presscount           
2000020c  sw1value                
20000208  ui8PinData              


GLOBAL SYMBOLS: SORTED BY Symbol Address 

address   name                    
-------   ----                    
00000000  __TI_static_base__      
00000000  g_pfnVectors            
00000200  __STACK_SIZE            
0000026d  GPIOPadConfigSet        
000003a1  SysCtlClockGet          
000004b1  main                    
0000053d  Timer0IntHandler        
000005a9  SysCtlClockSet          
0000069d  __aeabi_memcpy          
0000069d  __aeabi_memcpy4         
0000069d  __aeabi_memcpy8         
0000069d  memcpy                  
00000739  __aeabi_memclr          
00000739  __aeabi_memclr4         
00000739  __aeabi_memclr8         
0000073b  __aeabi_memset          
0000073b  __aeabi_memset4         
0000073b  __aeabi_memset8         
00000741  memset                  
000007b5  __TI_auto_init          
0000088d  IntEnable               
000008f5  TimerConfigure          
00000955  _c_int00                
000009a5  copy_in                 
000009f1  C$$EXIT                 
000009f5  abort                   
000009fd  exit                    
00000a35  SysCtlPeripheralEnable  
00000a69  GPIODirModeSet          
00000a93  GPIOPinTypeGPIOOutput   
00000aad  _args_main              
00000ac5  _register_unlock        
00000acb  _register_lock          
00000ad3  _nop                    
00000ad9  GPIOPinTypeGPIOInput    
00000aeb  TimerLoadSet            
00000afd  IntMasterEnable         
00000b0d  TimerEnable             
00000b1b  __TI_decompress_none    
00000b29  CPUcpsie                
00000b35  ResetISR                
00000b41  TimerIntEnable          
00000b49  GPIOPinRead             
00000b4f  SysCtlDelay             
00000b55  __TI_decompress_rle24   
00000b5b  TimerIntClear           
00000b5f  _system_pre_init        
00000c5c  __TI_Handler_Table_Base 
00000c64  __TI_CINIT_Base         
00000c64  __TI_Handler_Table_Limit
00000c6c  __TI_CINIT_Limit        
20000000  __stack                 
20000200  __STACK_END             
20000200  __STACK_TOP             
20000200  count                   
20000204  count1                  
20000208  ui8PinData              
2000020c  sw1value                
20000210  sw1presscount           
20000214  _lock                   
20000218  _unlock                 
2000021c  __TI_cleanup_ptr        
20000220  __TI_dtors_ptr          
20000224  main_func_sp            
ffffffff  __binit__               
ffffffff  __c_args__              
ffffffff  binit                   
UNDEFED   SHT$$INIT_ARRAY$$Base   
UNDEFED   SHT$$INIT_ARRAY$$Limit  

[69 symbols]
