******************************************************************************
                  TI ARM Linker PC v5.2.5                      
******************************************************************************
>> Linked Sat Sep 17 10:02:07 2016

OUTPUT FILE NAME:   <lab4ADC.out>
ENTRY POINT SYMBOL: "_c_int00"  address: 00000585


MEMORY CONFIGURATION

         name            origin    length      used     unused   attr    fill
----------------------  --------  ---------  --------  --------  ----  --------
  FLASH                 00000000   00040000  000006d4  0003f92c  R  X
  SRAM                  20000000   00008000  00000214  00007dec  RW X


SEGMENT ALLOCATION MAP

run origin  load origin   length   init length attrs members
----------  ----------- ---------- ----------- ----- -------
00000000    00000000    000006d8   000006d8    r-x
  00000000    00000000    0000026c   0000026c    r-- .intvecs
  0000026c    0000026c    00000448   00000448    r-x .text
  000006b8    000006b8    00000020   00000020    r-- .cinit
20000000    20000000    00000214   00000000    rw-
  20000000    20000000    00000200   00000000    rw- .stack
  20000200    20000200    00000014   00000000    rw- .data


SECTION ALLOCATION MAP

 output                                  attributes/
section   page    origin      length       input sections
--------  ----  ----------  ----------   ----------------
.intvecs   0    00000000    0000026c     
                  00000000    0000026c     tm4c123gh6pm_startup_ccs.obj (.intvecs)

.text      0    0000026c    00000448     
                  0000026c    00000128     main.obj (.text)
                  00000394    0000009c     rtsv7M4_T_le_v4SPD16_eabi.lib : memcpy_t2.obj (.text)
                  00000430    0000007a                                   : memset_t2.obj (.text)
                  000004aa    00000002     --HOLE-- [fill = 0]
                  000004ac    0000006c                                   : autoinit.obj (.text)
                  00000518    0000006a                                   : copy_decompress_rle.obj (.text)
                  00000582    00000002     --HOLE-- [fill = 0]
                  00000584    00000050                                   : boot.obj (.text)
                  000005d4    0000004c                                   : cpy_tbl.obj (.text)
                  00000620    00000044                                   : exit.obj (.text)
                  00000664    00000018                                   : args_main.obj (.text)
                  0000067c    00000014                                   : _lock.obj (.text)
                  00000690    0000000e                                   : copy_decompress_none.obj (.text:decompress:none)
                  0000069e    0000000c     tm4c123gh6pm_startup_ccs.obj (.text)
                  000006aa    00000006     rtsv7M4_T_le_v4SPD16_eabi.lib : copy_decompress_rle.obj (.text:decompress:rle24)
                  000006b0    00000004                                   : pre_init.obj (.text)

.cinit     0    000006b8    00000020     
                  000006b8    0000000f     (.cinit..data.load) [load image, compression = rle]
                  000006c7    00000001     --HOLE-- [fill = 0]
                  000006c8    00000008     (__TI_handler_table)
                  000006d0    00000008     (__TI_cinit_table)

.init_array 
*          0    00000000    00000000     UNINITIALIZED

.stack     0    20000000    00000200     UNINITIALIZED
                  20000000    00000200     --HOLE--

.data      0    20000200    00000014     UNINITIALIZED
                  20000200    00000008     rtsv7M4_T_le_v4SPD16_eabi.lib : _lock.obj (.data)
                  20000208    00000008                                   : exit.obj (.data)
                  20000210    00000004                                   : stkdepth_vars.obj (.data)

.TI.persistent 
*          0    20000200    00000000     UNINITIALIZED


LINKER GENERATED COPY TABLES

__TI_cinit_table @ 000006d0 records: 1, size/record: 8, table size: 8
	.data: load addr=000006b8, load size=0000000f bytes, run addr=20000200, run size=00000014 bytes, compression=rle


LINKER GENERATED HANDLER TABLE

__TI_handler_table @ 000006c8 records: 2, size/record: 4, table size: 8
	index: 0, handler: __TI_decompress_rle24
	index: 1, handler: __TI_decompress_none


GLOBAL SYMBOLS: SORTED ALPHABETICALLY BY Name 

address   name                    
-------   ----                    
00000621  C$$EXIT                 
0000069f  ResetISR                
UNDEFED   SHT$$INIT_ARRAY$$Base   
UNDEFED   SHT$$INIT_ARRAY$$Limit  
20000200  __STACK_END             
00000200  __STACK_SIZE            
20000200  __STACK_TOP             
000006d0  __TI_CINIT_Base         
000006d8  __TI_CINIT_Limit        
000006c8  __TI_Handler_Table_Base 
000006d0  __TI_Handler_Table_Limit
000004ad  __TI_auto_init          
20000208  __TI_cleanup_ptr        
00000691  __TI_decompress_none    
000006ab  __TI_decompress_rle24   
2000020c  __TI_dtors_ptr          
00000000  __TI_static_base__      
00000431  __aeabi_memclr          
00000431  __aeabi_memclr4         
00000431  __aeabi_memclr8         
00000395  __aeabi_memcpy          
00000395  __aeabi_memcpy4         
00000395  __aeabi_memcpy8         
00000433  __aeabi_memset          
00000433  __aeabi_memset4         
00000433  __aeabi_memset8         
ffffffff  __binit__               
ffffffff  __c_args__              
20000000  __stack                 
00000665  _args_main              
00000585  _c_int00                
20000200  _lock                   
0000068b  _nop                    
00000683  _register_lock          
0000067d  _register_unlock        
000006b1  _system_pre_init        
20000204  _unlock                 
00000625  abort                   
ffffffff  binit                   
000005d5  copy_in                 
0000062d  exit                    
00000000  g_pfnVectors            
0000026d  main                    
20000210  main_func_sp            
00000395  memcpy                  
00000439  memset                  


GLOBAL SYMBOLS: SORTED BY Symbol Address 

address   name                    
-------   ----                    
00000000  __TI_static_base__      
00000000  g_pfnVectors            
00000200  __STACK_SIZE            
0000026d  main                    
00000395  __aeabi_memcpy          
00000395  __aeabi_memcpy4         
00000395  __aeabi_memcpy8         
00000395  memcpy                  
00000431  __aeabi_memclr          
00000431  __aeabi_memclr4         
00000431  __aeabi_memclr8         
00000433  __aeabi_memset          
00000433  __aeabi_memset4         
00000433  __aeabi_memset8         
00000439  memset                  
000004ad  __TI_auto_init          
00000585  _c_int00                
000005d5  copy_in                 
00000621  C$$EXIT                 
00000625  abort                   
0000062d  exit                    
00000665  _args_main              
0000067d  _register_unlock        
00000683  _register_lock          
0000068b  _nop                    
00000691  __TI_decompress_none    
0000069f  ResetISR                
000006ab  __TI_decompress_rle24   
000006b1  _system_pre_init        
000006c8  __TI_Handler_Table_Base 
000006d0  __TI_CINIT_Base         
000006d0  __TI_Handler_Table_Limit
000006d8  __TI_CINIT_Limit        
20000000  __stack                 
20000200  __STACK_END             
20000200  __STACK_TOP             
20000200  _lock                   
20000204  _unlock                 
20000208  __TI_cleanup_ptr        
2000020c  __TI_dtors_ptr          
20000210  main_func_sp            
ffffffff  __binit__               
ffffffff  __c_args__              
ffffffff  binit                   
UNDEFED   SHT$$INIT_ARRAY$$Base   
UNDEFED   SHT$$INIT_ARRAY$$Limit  

[46 symbols]
