******************************************************************************
                  TI ARM Linker PC v5.2.5                      
******************************************************************************
>> Linked Tue Sep 20 17:45:42 2016

OUTPUT FILE NAME:   <lab5.out>
ENTRY POINT SYMBOL: "_c_int00"  address: 00000c29


MEMORY CONFIGURATION

         name            origin    length      used     unused   attr    fill
----------------------  --------  ---------  --------  --------  ----  --------
  FLASH                 00000000   00040000  00001bfa  0003e406  R  X
  SRAM                  20000000   00008000  00002618  000059e8  RW X


SEGMENT ALLOCATION MAP

run origin  load origin   length   init length attrs members
----------  ----------- ---------- ----------- ----- -------
00000000    00000000    00001c00   00001c00    r-x
  00000000    00000000    0000026c   0000026c    r-- .intvecs
  0000026c    0000026c    00000c46   00000c46    r-x .text
  00000eb8    00000eb8    00000d48   00000d48    r-- .cinit
20000000    20000000    00002618   00000000    rw-
  20000000    20000000    00002414   00000000    rw- .data
  20002414    20002414    00000200   00000000    rw- .stack
  20002614    20002614    00000004   00000000    rw- .bss


SECTION ALLOCATION MAP

 output                                  attributes/
section   page    origin      length       input sections
--------  ----  ----------  ----------   ----------------
.intvecs   0    00000000    0000026c     
                  00000000    0000026c     tm4c123gh6pm_startup_ccs.obj (.intvecs)

.text      0    0000026c    00000c46     
                  0000026c    0000052c     main1.obj (.text)
                  00000798    00000132     driverlib.lib : gpio.obj (.text:GPIOPadConfigSet)
                  000008ca    00000002     --HOLE-- [fill = 0]
                  000008cc    000000f4                   : sysctl.obj (.text:SysCtlClockSet)
                  000009c0    0000009c     rtsv7M4_T_le_v4SPD16_eabi.lib : memcpy_t2.obj (.text)
                  00000a5c    0000007a     driverlib.lib : adc.obj (.text:ADCSequenceStepConfigure)
                  00000ad6    0000007a     rtsv7M4_T_le_v4SPD16_eabi.lib : memset_t2.obj (.text)
                  00000b50    0000006c                                   : autoinit.obj (.text)
                  00000bbc    0000006a                                   : copy_decompress_rle.obj (.text)
                  00000c26    00000002     --HOLE-- [fill = 0]
                  00000c28    00000050                                   : boot.obj (.text)
                  00000c78    0000004c                                   : cpy_tbl.obj (.text)
                  00000cc4    00000044                                   : exit.obj (.text)
                  00000d08    0000003e     driverlib.lib : adc.obj (.text:ADCSequenceConfigure)
                  00000d46    00000002     --HOLE-- [fill = 0]
                  00000d48    00000034                   : sysctl.obj (.text:SysCtlPeripheralEnable)
                  00000d7c    0000002e                   : adc.obj (.text:ADCIntStatus)
                  00000daa    0000002a                   : gpio.obj (.text:GPIODirModeSet)
                  00000dd4    0000001e                   : adc.obj (.text:ADCSequenceDataGet)
                  00000df2    00000018                   : adc.obj (.text:ADCProcessorTrigger)
                  00000e0a    00000018                   : gpio.obj (.text:GPIOPinTypeGPIOOutput)
                  00000e22    00000002     --HOLE-- [fill = 0]
                  00000e24    00000018     rtsv7M4_T_le_v4SPD16_eabi.lib : args_main.obj (.text)
                  00000e3c    00000014                                   : _lock.obj (.text)
                  00000e50    0000000e     driverlib.lib : adc.obj (.text:ADCHardwareOversampleConfigure)
                  00000e5e    0000000e                   : adc.obj (.text:ADCSequenceEnable)
                  00000e6c    0000000e     rtsv7M4_T_le_v4SPD16_eabi.lib : copy_decompress_none.obj (.text:decompress:none)
                  00000e7a    0000000c                                   : copy_zero_init.obj (.text:decompress:ZI)
                  00000e86    0000000c     tm4c123gh6pm_startup_ccs.obj (.text)
                  00000e92    0000000a     driverlib.lib : adc.obj (.text:ADCIntClear)
                  00000e9c    00000006                   : gpio.obj (.text:GPIOPinWrite)
                  00000ea2    00000006                   : sysctl.obj (.text:SysCtlDelay)
                  00000ea8    00000006     rtsv7M4_T_le_v4SPD16_eabi.lib : copy_decompress_rle.obj (.text:decompress:rle24)
                  00000eae    00000004                                   : pre_init.obj (.text)

.cinit     0    00000eb8    00000d48     
                  00000eb8    00000d20     (.cinit..data.load) [load image, compression = rle]
                  00001bd8    0000000c     (__TI_handler_table)
                  00001be4    00000004     --HOLE-- [fill = 0]
                  00001be8    00000008     (.cinit..bss.load) [load image, compression = zero_init]
                  00001bf0    00000010     (__TI_cinit_table)

.init_array 
*          0    00000000    00000000     UNINITIALIZED

.data      0    20000000    00002414     UNINITIALIZED
                  20000000    00000400     main1.obj (.data:a)
                  20000400    00000400     main1.obj (.data:eight)
                  20000800    00000400     main1.obj (.data:five)
                  20000c00    00000400     main1.obj (.data:four)
                  20001000    00000400     main1.obj (.data:one)
                  20001400    00000400     main1.obj (.data:seven)
                  20001800    00000400     main1.obj (.data:six)
                  20001c00    00000400     main1.obj (.data:three)
                  20002000    00000400     main1.obj (.data:two)
                  20002400    00000008     rtsv7M4_T_le_v4SPD16_eabi.lib : _lock.obj (.data)
                  20002408    00000008                                   : exit.obj (.data)
                  20002410    00000004                                   : stkdepth_vars.obj (.data)

.TI.persistent 
*          0    20000000    00000000     UNINITIALIZED

.stack     0    20002414    00000200     UNINITIALIZED
                  20002414    00000200     --HOLE--

.bss       0    20002614    00000004     UNINITIALIZED
                  20002614    00000004     (.common:delay)

.TI.noinit 
*          0    20002614    00000000     UNINITIALIZED


LINKER GENERATED COPY TABLES

__TI_cinit_table @ 00001bf0 records: 2, size/record: 8, table size: 16
	.data: load addr=00000eb8, load size=00000d20 bytes, run addr=20000000, run size=00002414 bytes, compression=rle
	.bss: load addr=00001be8, load size=00000008 bytes, run addr=20002614, run size=00000004 bytes, compression=zero_init


LINKER GENERATED HANDLER TABLE

__TI_handler_table @ 00001bd8 records: 3, size/record: 4, table size: 12
	index: 0, handler: __TI_decompress_rle24
	index: 1, handler: __TI_decompress_none
	index: 2, handler: __TI_zero_init


GLOBAL SYMBOLS: SORTED ALPHABETICALLY BY Name 

address   name                          
-------   ----                          
00000e51  ADCHardwareOversampleConfigure
00000e93  ADCIntClear                   
00000d7d  ADCIntStatus                  
00000df3  ADCProcessorTrigger           
00000d09  ADCSequenceConfigure          
00000dd5  ADCSequenceDataGet            
00000e5f  ADCSequenceEnable             
00000a5d  ADCSequenceStepConfigure      
00000cc5  C$$EXIT                       
00000dab  GPIODirModeSet                
00000799  GPIOPadConfigSet              
00000e0b  GPIOPinTypeGPIOOutput         
00000e9d  GPIOPinWrite                  
00000e87  ResetISR                      
UNDEFED   SHT$$INIT_ARRAY$$Base         
UNDEFED   SHT$$INIT_ARRAY$$Limit        
000008cd  SysCtlClockSet                
00000ea3  SysCtlDelay                   
00000d49  SysCtlPeripheralEnable        
20002614  __STACK_END                   
00000200  __STACK_SIZE                  
20002614  __STACK_TOP                   
00001bf0  __TI_CINIT_Base               
00001c00  __TI_CINIT_Limit              
00001bd8  __TI_Handler_Table_Base       
00001be4  __TI_Handler_Table_Limit      
00000b51  __TI_auto_init                
20002408  __TI_cleanup_ptr              
00000e6d  __TI_decompress_none          
00000ea9  __TI_decompress_rle24         
2000240c  __TI_dtors_ptr                
00000000  __TI_static_base__            
00000e7b  __TI_zero_init                
00000ad7  __aeabi_memclr                
00000ad7  __aeabi_memclr4               
00000ad7  __aeabi_memclr8               
000009c1  __aeabi_memcpy                
000009c1  __aeabi_memcpy4               
000009c1  __aeabi_memcpy8               
00000ad9  __aeabi_memset                
00000ad9  __aeabi_memset4               
00000ad9  __aeabi_memset8               
ffffffff  __binit__                     
ffffffff  __c_args__                    
20002414  __stack                       
00000e25  _args_main                    
00000c29  _c_int00                      
20002400  _lock                         
00000e4b  _nop                          
00000e43  _register_lock                
00000e3d  _register_unlock              
00000eaf  _system_pre_init              
20002404  _unlock                       
20000000  a                             
00000cc9  abort                         
ffffffff  binit                         
00000c79  copy_in                       
20002614  delay                         
20000400  eight                         
00000cd1  exit                          
20000800  five                          
20000c00  four                          
00000000  g_pfnVectors                  
00000409  glcd_cleardisplay             
0000026d  glcd_cmd                      
000002c7  glcd_data                     
00000463  glcd_displayimage             
00000321  glcd_init                     
000003c7  glcd_setcolumn                
0000038f  glcd_setpage                  
000004d9  main                          
20002410  main_func_sp                  
000009c1  memcpy                        
00000adf  memset                        
20001000  one                           
20001400  seven                         
20001800  six                           
20001c00  three                         
20002000  two                           


GLOBAL SYMBOLS: SORTED BY Symbol Address 

address   name                          
-------   ----                          
00000000  __TI_static_base__            
00000000  g_pfnVectors                  
00000200  __STACK_SIZE                  
0000026d  glcd_cmd                      
000002c7  glcd_data                     
00000321  glcd_init                     
0000038f  glcd_setpage                  
000003c7  glcd_setcolumn                
00000409  glcd_cleardisplay             
00000463  glcd_displayimage             
000004d9  main                          
00000799  GPIOPadConfigSet              
000008cd  SysCtlClockSet                
000009c1  __aeabi_memcpy                
000009c1  __aeabi_memcpy4               
000009c1  __aeabi_memcpy8               
000009c1  memcpy                        
00000a5d  ADCSequenceStepConfigure      
00000ad7  __aeabi_memclr                
00000ad7  __aeabi_memclr4               
00000ad7  __aeabi_memclr8               
00000ad9  __aeabi_memset                
00000ad9  __aeabi_memset4               
00000ad9  __aeabi_memset8               
00000adf  memset                        
00000b51  __TI_auto_init                
00000c29  _c_int00                      
00000c79  copy_in                       
00000cc5  C$$EXIT                       
00000cc9  abort                         
00000cd1  exit                          
00000d09  ADCSequenceConfigure          
00000d49  SysCtlPeripheralEnable        
00000d7d  ADCIntStatus                  
00000dab  GPIODirModeSet                
00000dd5  ADCSequenceDataGet            
00000df3  ADCProcessorTrigger           
00000e0b  GPIOPinTypeGPIOOutput         
00000e25  _args_main                    
00000e3d  _register_unlock              
00000e43  _register_lock                
00000e4b  _nop                          
00000e51  ADCHardwareOversampleConfigure
00000e5f  ADCSequenceEnable             
00000e6d  __TI_decompress_none          
00000e7b  __TI_zero_init                
00000e87  ResetISR                      
00000e93  ADCIntClear                   
00000e9d  GPIOPinWrite                  
00000ea3  SysCtlDelay                   
00000ea9  __TI_decompress_rle24         
00000eaf  _system_pre_init              
00001bd8  __TI_Handler_Table_Base       
00001be4  __TI_Handler_Table_Limit      
00001bf0  __TI_CINIT_Base               
00001c00  __TI_CINIT_Limit              
20000000  a                             
20000400  eight                         
20000800  five                          
20000c00  four                          
20001000  one                           
20001400  seven                         
20001800  six                           
20001c00  three                         
20002000  two                           
20002400  _lock                         
20002404  _unlock                       
20002408  __TI_cleanup_ptr              
2000240c  __TI_dtors_ptr                
20002410  main_func_sp                  
20002414  __stack                       
20002614  __STACK_END                   
20002614  __STACK_TOP                   
20002614  delay                         
ffffffff  __binit__                     
ffffffff  __c_args__                    
ffffffff  binit                         
UNDEFED   SHT$$INIT_ARRAY$$Base         
UNDEFED   SHT$$INIT_ARRAY$$Limit        

[79 symbols]
