******************************************************************************
                  TI ARM Linker PC v5.2.5                      
******************************************************************************
>> Linked Tue Aug 16 16:29:37 2016

OUTPUT FILE NAME:   <lab-2.out>
ENTRY POINT SYMBOL: "_c_int00"  address: 0000096d


MEMORY CONFIGURATION

         name            origin    length      used     unused   attr    fill
----------------------  --------  ---------  --------  --------  ----  --------
  FLASH                 00000000   00040000  00000ca8  0003f358  R  X
  SRAM                  20000000   00008000  00000224  00007ddc  RW X


SEGMENT ALLOCATION MAP

run origin  load origin   length   init length attrs members
----------  ----------- ---------- ----------- ----- -------
00000000    00000000    00000ca8   00000ca8    r-x
  00000000    00000000    0000026c   0000026c    r-- .intvecs
  0000026c    0000026c    00000920   00000920    r-x .text
  00000b8c    00000b8c    000000dc   000000dc    r-- .const
  00000c68    00000c68    00000040   00000040    r-- .cinit
20000000    20000000    00000224   00000000    rw-
  20000000    20000000    00000200   00000000    rw- .stack
  20000200    20000200    00000020   00000000    rw- .data
  20000220    20000220    00000004   00000000    rw- .bss


SECTION ALLOCATION MAP

 output                                  attributes/
section   page    origin      length       input sections
--------  ----  ----------  ----------   ----------------
.intvecs   0    00000000    0000026c     
                  00000000    0000026c     tm4c123gh6pm_startup_ccs.obj (.intvecs)

.text      0    0000026c    00000920     
                  0000026c    00000132     driverlib.lib : gpio.obj (.text:GPIOPadConfigSet)
                  0000039e    00000002     --HOLE-- [fill = 0]
                  000003a0    00000110                   : sysctl.obj (.text:SysCtlClockGet)
                  000004b0    00000110     main.obj (.text)
                  000005c0    000000f4     driverlib.lib : sysctl.obj (.text:SysCtlClockSet)
                  000006b4    0000009c     rtsv7M4_T_le_v4SPD16_eabi.lib : memcpy_t2.obj (.text)
                  00000750    0000007a                                   : memset_t2.obj (.text)
                  000007ca    00000002     --HOLE-- [fill = 0]
                  000007cc    0000006c                                   : autoinit.obj (.text)
                  00000838    0000006a                                   : copy_decompress_rle.obj (.text)
                  000008a2    00000002     --HOLE-- [fill = 0]
                  000008a4    00000068     driverlib.lib : interrupt.obj (.text:IntEnable)
                  0000090c    00000060                   : timer.obj (.text:TimerConfigure)
                  0000096c    00000050     rtsv7M4_T_le_v4SPD16_eabi.lib : boot.obj (.text)
                  000009bc    0000004c                                   : cpy_tbl.obj (.text)
                  00000a08    00000044                                   : exit.obj (.text)
                  00000a4c    00000034     driverlib.lib : sysctl.obj (.text:SysCtlPeripheralEnable)
                  00000a80    0000002a                   : gpio.obj (.text:GPIODirModeSet)
                  00000aaa    00000018                   : gpio.obj (.text:GPIOPinTypeGPIOOutput)
                  00000ac2    00000002     --HOLE-- [fill = 0]
                  00000ac4    00000018     rtsv7M4_T_le_v4SPD16_eabi.lib : args_main.obj (.text)
                  00000adc    00000014                                   : _lock.obj (.text)
                  00000af0    00000012     driverlib.lib : gpio.obj (.text:GPIOPinTypeGPIOInput)
                  00000b02    00000012                   : timer.obj (.text:TimerLoadSet)
                  00000b14    00000010                   : interrupt.obj (.text:IntMasterEnable)
                  00000b24    0000000e                   : timer.obj (.text:TimerEnable)
                  00000b32    0000000e     rtsv7M4_T_le_v4SPD16_eabi.lib : copy_decompress_none.obj (.text:decompress:none)
                  00000b40    0000000c     driverlib.lib : cpu.obj (.text:CPUcpsie)
                  00000b4c    0000000c     rtsv7M4_T_le_v4SPD16_eabi.lib : copy_zero_init.obj (.text:decompress:ZI)
                  00000b58    0000000c     tm4c123gh6pm_startup_ccs.obj (.text)
                  00000b64    00000008     driverlib.lib : timer.obj (.text:TimerIntEnable)
                  00000b6c    00000006                   : gpio.obj (.text:GPIOPinRead)
                  00000b72    00000006                   : gpio.obj (.text:GPIOPinWrite)
                  00000b78    00000006                   : sysctl.obj (.text:SysCtlDelay)
                  00000b7e    00000006     rtsv7M4_T_le_v4SPD16_eabi.lib : copy_decompress_rle.obj (.text:decompress:rle24)
                  00000b84    00000004     driverlib.lib : timer.obj (.text:TimerIntClear)
                  00000b88    00000004     rtsv7M4_T_le_v4SPD16_eabi.lib : pre_init.obj (.text)

.const     0    00000b8c    000000dc     
                  00000b8c    00000070     driverlib.lib : interrupt.obj (.const)
                  00000bfc    0000006c                   : sysctl.obj (.const:g_pui32Xtals)

.cinit     0    00000c68    00000040     
                  00000c68    00000016     (.cinit..data.load) [load image, compression = rle]
                  00000c7e    00000002     --HOLE-- [fill = 0]
                  00000c80    0000000c     (__TI_handler_table)
                  00000c8c    00000004     --HOLE-- [fill = 0]
                  00000c90    00000008     (.cinit..bss.load) [load image, compression = zero_init]
                  00000c98    00000010     (__TI_cinit_table)

.init_array 
*          0    00000000    00000000     UNINITIALIZED

.stack     0    20000000    00000200     UNINITIALIZED
                  20000000    00000200     --HOLE--

.data      0    20000200    00000020     UNINITIALIZED
                  20000200    0000000c     main.obj (.data)
                  2000020c    00000008     rtsv7M4_T_le_v4SPD16_eabi.lib : _lock.obj (.data)
                  20000214    00000008                                   : exit.obj (.data)
                  2000021c    00000004                                   : stkdepth_vars.obj (.data)

.bss       0    20000220    00000004     UNINITIALIZED
                  20000220    00000004     (.common:value)

.TI.persistent 
*          0    20000200    00000000     UNINITIALIZED

.TI.noinit 
*          0    20000220    00000000     UNINITIALIZED


LINKER GENERATED COPY TABLES

__TI_cinit_table @ 00000c98 records: 2, size/record: 8, table size: 16
	.data: load addr=00000c68, load size=00000016 bytes, run addr=20000200, run size=00000020 bytes, compression=rle
	.bss: load addr=00000c90, load size=00000008 bytes, run addr=20000220, run size=00000004 bytes, compression=zero_init


LINKER GENERATED HANDLER TABLE

__TI_handler_table @ 00000c80 records: 3, size/record: 4, table size: 12
	index: 0, handler: __TI_decompress_rle24
	index: 1, handler: __TI_decompress_none
	index: 2, handler: __TI_zero_init


GLOBAL SYMBOLS: SORTED ALPHABETICALLY BY Name 

address   name                    
-------   ----                    
00000a09  C$$EXIT                 
00000b41  CPUcpsie                
00000a81  GPIODirModeSet          
0000026d  GPIOPadConfigSet        
00000b6d  GPIOPinRead             
00000af1  GPIOPinTypeGPIOInput    
00000aab  GPIOPinTypeGPIOOutput   
00000b73  GPIOPinWrite            
000008a5  IntEnable               
00000b15  IntMasterEnable         
00000b59  ResetISR                
UNDEFED   SHT$$INIT_ARRAY$$Base   
UNDEFED   SHT$$INIT_ARRAY$$Limit  
000003a1  SysCtlClockGet          
000005c1  SysCtlClockSet          
00000b79  SysCtlDelay             
00000a4d  SysCtlPeripheralEnable  
00000529  Timer0IntHandler        
0000090d  TimerConfigure          
00000b25  TimerEnable             
00000b85  TimerIntClear           
00000b65  TimerIntEnable          
00000b03  TimerLoadSet            
20000200  __STACK_END             
00000200  __STACK_SIZE            
20000200  __STACK_TOP             
00000c98  __TI_CINIT_Base         
00000ca8  __TI_CINIT_Limit        
00000c80  __TI_Handler_Table_Base 
00000c8c  __TI_Handler_Table_Limit
000007cd  __TI_auto_init          
20000214  __TI_cleanup_ptr        
00000b33  __TI_decompress_none    
00000b7f  __TI_decompress_rle24   
20000218  __TI_dtors_ptr          
00000000  __TI_static_base__      
00000b4d  __TI_zero_init          
00000751  __aeabi_memclr          
00000751  __aeabi_memclr4         
00000751  __aeabi_memclr8         
000006b5  __aeabi_memcpy          
000006b5  __aeabi_memcpy4         
000006b5  __aeabi_memcpy8         
00000753  __aeabi_memset          
00000753  __aeabi_memset4         
00000753  __aeabi_memset8         
ffffffff  __binit__               
ffffffff  __c_args__              
20000000  __stack                 
00000ac5  _args_main              
0000096d  _c_int00                
2000020c  _lock                   
00000aeb  _nop                    
00000ae3  _register_lock          
00000add  _register_unlock        
00000b89  _system_pre_init        
20000210  _unlock                 
00000a0d  abort                   
ffffffff  binit                   
000009bd  copy_in                 
20000204  count                   
00000a15  exit                    
00000000  g_pfnVectors            
000004b1  main                    
2000021c  main_func_sp            
000006b5  memcpy                  
00000759  memset                  
20000200  state                   
20000208  ui8PinData              
20000220  value                   


GLOBAL SYMBOLS: SORTED BY Symbol Address 

address   name                    
-------   ----                    
00000000  __TI_static_base__      
00000000  g_pfnVectors            
00000200  __STACK_SIZE            
0000026d  GPIOPadConfigSet        
000003a1  SysCtlClockGet          
000004b1  main                    
00000529  Timer0IntHandler        
000005c1  SysCtlClockSet          
000006b5  __aeabi_memcpy          
000006b5  __aeabi_memcpy4         
000006b5  __aeabi_memcpy8         
000006b5  memcpy                  
00000751  __aeabi_memclr          
00000751  __aeabi_memclr4         
00000751  __aeabi_memclr8         
00000753  __aeabi_memset          
00000753  __aeabi_memset4         
00000753  __aeabi_memset8         
00000759  memset                  
000007cd  __TI_auto_init          
000008a5  IntEnable               
0000090d  TimerConfigure          
0000096d  _c_int00                
000009bd  copy_in                 
00000a09  C$$EXIT                 
00000a0d  abort                   
00000a15  exit                    
00000a4d  SysCtlPeripheralEnable  
00000a81  GPIODirModeSet          
00000aab  GPIOPinTypeGPIOOutput   
00000ac5  _args_main              
00000add  _register_unlock        
00000ae3  _register_lock          
00000aeb  _nop                    
00000af1  GPIOPinTypeGPIOInput    
00000b03  TimerLoadSet            
00000b15  IntMasterEnable         
00000b25  TimerEnable             
00000b33  __TI_decompress_none    
00000b41  CPUcpsie                
00000b4d  __TI_zero_init          
00000b59  ResetISR                
00000b65  TimerIntEnable          
00000b6d  GPIOPinRead             
00000b73  GPIOPinWrite            
00000b79  SysCtlDelay             
00000b7f  __TI_decompress_rle24   
00000b85  TimerIntClear           
00000b89  _system_pre_init        
00000c80  __TI_Handler_Table_Base 
00000c8c  __TI_Handler_Table_Limit
00000c98  __TI_CINIT_Base         
00000ca8  __TI_CINIT_Limit        
20000000  __stack                 
20000200  __STACK_END             
20000200  __STACK_TOP             
20000200  state                   
20000204  count                   
20000208  ui8PinData              
2000020c  _lock                   
20000210  _unlock                 
20000214  __TI_cleanup_ptr        
20000218  __TI_dtors_ptr          
2000021c  main_func_sp            
20000220  value                   
ffffffff  __binit__               
ffffffff  __c_args__              
ffffffff  binit                   
UNDEFED   SHT$$INIT_ARRAY$$Base   
UNDEFED   SHT$$INIT_ARRAY$$Limit  

[70 symbols]
