******************************************************************************
                  TI ARM Linker PC v5.2.5                      
******************************************************************************
>> Linked Sat Sep 17 10:24:52 2016

OUTPUT FILE NAME:   <Lab4Final.out>
ENTRY POINT SYMBOL: "_c_int00"  address: 000009e9


MEMORY CONFIGURATION

         name            origin    length      used     unused   attr    fill
----------------------  --------  ---------  --------  --------  ----  --------
  FLASH                 00000000   00040000  00000e44  0003f1bc  R  X
  SRAM                  20000000   00008000  00000214  00007dec  RW X


SEGMENT ALLOCATION MAP

run origin  load origin   length   init length attrs members
----------  ----------- ---------- ----------- ----- -------
00000000    00000000    00000e48   00000e48    r-x
  00000000    00000000    0000026c   0000026c    r-- .intvecs
  0000026c    0000026c    00000abc   00000abc    r-x .text
  00000d28    00000d28    000000fc   000000fc    r-- .const
  00000e28    00000e28    00000020   00000020    r-- .cinit
20000000    20000000    00000214   00000000    rw-
  20000000    20000000    00000200   00000000    rw- .stack
  20000200    20000200    00000014   00000000    rw- .data


SECTION ALLOCATION MAP

 output                                  attributes/
section   page    origin      length       input sections
--------  ----  ----------  ----------   ----------------
.intvecs   0    00000000    0000026c     
                  00000000    0000026c     tm4c123gh6pm_startup_ccs.obj (.intvecs)

.text      0    0000026c    00000abc     
                  0000026c    000001dc     main.obj (.text)
                  00000448    00000132     driverlib.lib : gpio.obj (.text:GPIOPadConfigSet)
                  0000057a    00000002     --HOLE-- [fill = 0]
                  0000057c    00000110                   : sysctl.obj (.text:SysCtlClockGet)
                  0000068c    000000f4                   : sysctl.obj (.text:SysCtlClockSet)
                  00000780    0000009c     rtsv7M4_T_le_v4SPD16_eabi.lib : memcpy_t2.obj (.text)
                  0000081c    0000007a     driverlib.lib : adc.obj (.text:ADCSequenceStepConfigure)
                  00000896    0000007a     rtsv7M4_T_le_v4SPD16_eabi.lib : memset_t2.obj (.text)
                  00000910    0000006c                                   : autoinit.obj (.text)
                  0000097c    0000006a                                   : copy_decompress_rle.obj (.text)
                  000009e6    00000002     --HOLE-- [fill = 0]
                  000009e8    00000050                                   : boot.obj (.text)
                  00000a38    0000004c                                   : cpy_tbl.obj (.text)
                  00000a84    00000048     driverlib.lib : gpio.obj (.text:GPIOPinConfigure)
                  00000acc    00000046                   : uart.obj (.text:UARTConfigSetExpClk)
                  00000b12    00000002     --HOLE-- [fill = 0]
                  00000b14    00000044     rtsv7M4_T_le_v4SPD16_eabi.lib : exit.obj (.text)
                  00000b58    0000003e     driverlib.lib : adc.obj (.text:ADCSequenceConfigure)
                  00000b96    00000002     --HOLE-- [fill = 0]
                  00000b98    00000034                   : sysctl.obj (.text:SysCtlPeripheralEnable)
                  00000bcc    0000002e                   : adc.obj (.text:ADCIntStatus)
                  00000bfa    0000002a                   : gpio.obj (.text:GPIODirModeSet)
                  00000c24    00000020                   : uart.obj (.text:UARTDisable)
                  00000c44    0000001e                   : adc.obj (.text:ADCSequenceDataGet)
                  00000c62    00000018                   : adc.obj (.text:ADCProcessorTrigger)
                  00000c7a    00000002     --HOLE-- [fill = 0]
                  00000c7c    00000018     rtsv7M4_T_le_v4SPD16_eabi.lib : args_main.obj (.text)
                  00000c94    00000014     driverlib.lib : uart.obj (.text:UARTEnable)
                  00000ca8    00000014     rtsv7M4_T_le_v4SPD16_eabi.lib : _lock.obj (.text)
                  00000cbc    00000012     driverlib.lib : gpio.obj (.text:GPIOPinTypeUART)
                  00000cce    0000000e                   : adc.obj (.text:ADCHardwareOversampleConfigure)
                  00000cdc    0000000e                   : adc.obj (.text:ADCSequenceEnable)
                  00000cea    0000000e     rtsv7M4_T_le_v4SPD16_eabi.lib : copy_decompress_none.obj (.text:decompress:none)
                  00000cf8    0000000c     tm4c123gh6pm_startup_ccs.obj (.text)
                  00000d04    0000000a     driverlib.lib : adc.obj (.text:ADCIntClear)
                  00000d0e    0000000a                   : uart.obj (.text:UARTCharPut)
                  00000d18    00000006                   : sysctl.obj (.text:SysCtlDelay)
                  00000d1e    00000006     rtsv7M4_T_le_v4SPD16_eabi.lib : copy_decompress_rle.obj (.text:decompress:rle24)
                  00000d24    00000004                                   : pre_init.obj (.text)

.const     0    00000d28    000000fc     
                  00000d28    00000090     driverlib.lib : gpio.obj (.const:g_pui32GPIOBaseAddrs)
                  00000db8    0000006c                   : sysctl.obj (.const:g_pui32Xtals)

.cinit     0    00000e28    00000020     
                  00000e28    0000000f     (.cinit..data.load) [load image, compression = rle]
                  00000e37    00000001     --HOLE-- [fill = 0]
                  00000e38    00000008     (__TI_handler_table)
                  00000e40    00000008     (__TI_cinit_table)

.init_array 
*          0    00000000    00000000     UNINITIALIZED

.stack     0    20000000    00000200     UNINITIALIZED
                  20000000    00000200     --HOLE--

.data      0    20000200    00000014     UNINITIALIZED
                  20000200    00000008     rtsv7M4_T_le_v4SPD16_eabi.lib : _lock.obj (.data)
                  20000208    00000008                                   : exit.obj (.data)
                  20000210    00000004                                   : stkdepth_vars.obj (.data)

.TI.persistent 
*          0    20000200    00000000     UNINITIALIZED


LINKER GENERATED COPY TABLES

__TI_cinit_table @ 00000e40 records: 1, size/record: 8, table size: 8
	.data: load addr=00000e28, load size=0000000f bytes, run addr=20000200, run size=00000014 bytes, compression=rle


LINKER GENERATED HANDLER TABLE

__TI_handler_table @ 00000e38 records: 2, size/record: 4, table size: 8
	index: 0, handler: __TI_decompress_rle24
	index: 1, handler: __TI_decompress_none


GLOBAL SYMBOLS: SORTED ALPHABETICALLY BY Name 

address   name                          
-------   ----                          
00000ccf  ADCHardwareOversampleConfigure
00000d05  ADCIntClear                   
00000bcd  ADCIntStatus                  
00000c63  ADCProcessorTrigger           
00000b59  ADCSequenceConfigure          
00000c45  ADCSequenceDataGet            
00000cdd  ADCSequenceEnable             
0000081d  ADCSequenceStepConfigure      
00000b15  C$$EXIT                       
00000bfb  GPIODirModeSet                
00000449  GPIOPadConfigSet              
00000a85  GPIOPinConfigure              
00000cbd  GPIOPinTypeUART               
00000cf9  ResetISR                      
UNDEFED   SHT$$INIT_ARRAY$$Base         
UNDEFED   SHT$$INIT_ARRAY$$Limit        
0000057d  SysCtlClockGet                
0000068d  SysCtlClockSet                
00000d19  SysCtlDelay                   
00000b99  SysCtlPeripheralEnable        
00000d0f  UARTCharPut                   
00000acd  UARTConfigSetExpClk           
00000c25  UARTDisable                   
00000c95  UARTEnable                    
20000200  __STACK_END                   
00000200  __STACK_SIZE                  
20000200  __STACK_TOP                   
00000e40  __TI_CINIT_Base               
00000e48  __TI_CINIT_Limit              
00000e38  __TI_Handler_Table_Base       
00000e40  __TI_Handler_Table_Limit      
00000911  __TI_auto_init                
20000208  __TI_cleanup_ptr              
00000ceb  __TI_decompress_none          
00000d1f  __TI_decompress_rle24         
2000020c  __TI_dtors_ptr                
00000000  __TI_static_base__            
00000897  __aeabi_memclr                
00000897  __aeabi_memclr4               
00000897  __aeabi_memclr8               
00000781  __aeabi_memcpy                
00000781  __aeabi_memcpy4               
00000781  __aeabi_memcpy8               
00000899  __aeabi_memset                
00000899  __aeabi_memset4               
00000899  __aeabi_memset8               
ffffffff  __binit__                     
ffffffff  __c_args__                    
20000000  __stack                       
00000c7d  _args_main                    
000009e9  _c_int00                      
20000200  _lock                         
00000cb7  _nop                          
00000caf  _register_lock                
00000ca9  _register_unlock              
00000d25  _system_pre_init              
20000204  _unlock                       
00000b19  abort                         
ffffffff  binit                         
00000a39  copy_in                       
00000b21  exit                          
00000000  g_pfnVectors                  
0000026d  main                          
20000210  main_func_sp                  
00000781  memcpy                        
0000089f  memset                        


GLOBAL SYMBOLS: SORTED BY Symbol Address 

address   name                          
-------   ----                          
00000000  __TI_static_base__            
00000000  g_pfnVectors                  
00000200  __STACK_SIZE                  
0000026d  main                          
00000449  GPIOPadConfigSet              
0000057d  SysCtlClockGet                
0000068d  SysCtlClockSet                
00000781  __aeabi_memcpy                
00000781  __aeabi_memcpy4               
00000781  __aeabi_memcpy8               
00000781  memcpy                        
0000081d  ADCSequenceStepConfigure      
00000897  __aeabi_memclr                
00000897  __aeabi_memclr4               
00000897  __aeabi_memclr8               
00000899  __aeabi_memset                
00000899  __aeabi_memset4               
00000899  __aeabi_memset8               
0000089f  memset                        
00000911  __TI_auto_init                
000009e9  _c_int00                      
00000a39  copy_in                       
00000a85  GPIOPinConfigure              
00000acd  UARTConfigSetExpClk           
00000b15  C$$EXIT                       
00000b19  abort                         
00000b21  exit                          
00000b59  ADCSequenceConfigure          
00000b99  SysCtlPeripheralEnable        
00000bcd  ADCIntStatus                  
00000bfb  GPIODirModeSet                
00000c25  UARTDisable                   
00000c45  ADCSequenceDataGet            
00000c63  ADCProcessorTrigger           
00000c7d  _args_main                    
00000c95  UARTEnable                    
00000ca9  _register_unlock              
00000caf  _register_lock                
00000cb7  _nop                          
00000cbd  GPIOPinTypeUART               
00000ccf  ADCHardwareOversampleConfigure
00000cdd  ADCSequenceEnable             
00000ceb  __TI_decompress_none          
00000cf9  ResetISR                      
00000d05  ADCIntClear                   
00000d0f  UARTCharPut                   
00000d19  SysCtlDelay                   
00000d1f  __TI_decompress_rle24         
00000d25  _system_pre_init              
00000e38  __TI_Handler_Table_Base       
00000e40  __TI_CINIT_Base               
00000e40  __TI_Handler_Table_Limit      
00000e48  __TI_CINIT_Limit              
20000000  __stack                       
20000200  __STACK_END                   
20000200  __STACK_TOP                   
20000200  _lock                         
20000204  _unlock                       
20000208  __TI_cleanup_ptr              
2000020c  __TI_dtors_ptr                
20000210  main_func_sp                  
ffffffff  __binit__                     
ffffffff  __c_args__                    
ffffffff  binit                         
UNDEFED   SHT$$INIT_ARRAY$$Base         
UNDEFED   SHT$$INIT_ARRAY$$Limit        

[66 symbols]
