<?xml version="1.0"?>
<link_info>
   <banner>TI ARM Linker PC v5.2.5</banner>
   <copyright>Copyright (c) 1996-2015 Texas Instruments Incorporated</copyright>
   <link_time>0x57dccc9c</link_time>
   <link_errors>0x0</link_errors>
   <output_file>Lab4Final.out</output_file>
   <entry_point>
      <name>_c_int00</name>
      <address>0x9e9</address>
   </entry_point>
   <input_file_list>
      <input_file id="fl-2">
         <path>.\</path>
         <kind>object</kind>
         <file>code-adc-temperature.obj</file>
         <name>code-adc-temperature.obj</name>
      </input_file>
      <input_file id="fl-3">
         <path>.\</path>
         <kind>object</kind>
         <file>code-uart.obj</file>
         <name>code-uart.obj</name>
      </input_file>
      <input_file id="fl-4">
         <path>.\</path>
         <kind>object</kind>
         <file>main.obj</file>
         <name>main.obj</name>
      </input_file>
      <input_file id="fl-5">
         <path>.\</path>
         <kind>object</kind>
         <file>tm4c123gh6pm_startup_ccs.obj</file>
         <name>tm4c123gh6pm_startup_ccs.obj</name>
      </input_file>
      <input_file id="fl-b">
         <path>C:\TivaWare_C_Series-2.1.2.111\driverlib\ccs\Debug\</path>
         <kind>archive</kind>
         <file>driverlib.lib</file>
         <name>adc.obj</name>
      </input_file>
      <input_file id="fl-c">
         <path>C:\TivaWare_C_Series-2.1.2.111\driverlib\ccs\Debug\</path>
         <kind>archive</kind>
         <file>driverlib.lib</file>
         <name>gpio.obj</name>
      </input_file>
      <input_file id="fl-d">
         <path>C:\TivaWare_C_Series-2.1.2.111\driverlib\ccs\Debug\</path>
         <kind>archive</kind>
         <file>driverlib.lib</file>
         <name>interrupt.obj</name>
      </input_file>
      <input_file id="fl-e">
         <path>C:\TivaWare_C_Series-2.1.2.111\driverlib\ccs\Debug\</path>
         <kind>archive</kind>
         <file>driverlib.lib</file>
         <name>sysctl.obj</name>
      </input_file>
      <input_file id="fl-f">
         <path>C:\TivaWare_C_Series-2.1.2.111\driverlib\ccs\Debug\</path>
         <kind>archive</kind>
         <file>driverlib.lib</file>
         <name>uart.obj</name>
      </input_file>
      <input_file id="fl-10">
         <path>C:\TivaWare_C_Series-2.1.2.111\driverlib\ccs\Debug\</path>
         <kind>archive</kind>
         <file>driverlib.lib</file>
         <name>cpu.obj</name>
      </input_file>
      <input_file id="fl-132">
         <path>C:\ti\ccsv6\tools\compiler\ti-cgt-arm_5.2.5\lib\</path>
         <kind>archive</kind>
         <file>rtsv7M4_T_le_v4SPD16_eabi.lib</file>
         <name>boot.obj</name>
      </input_file>
      <input_file id="fl-133">
         <path>C:\ti\ccsv6\tools\compiler\ti-cgt-arm_5.2.5\lib\</path>
         <kind>archive</kind>
         <file>rtsv7M4_T_le_v4SPD16_eabi.lib</file>
         <name>copy_decompress_none.obj</name>
      </input_file>
      <input_file id="fl-134">
         <path>C:\ti\ccsv6\tools\compiler\ti-cgt-arm_5.2.5\lib\</path>
         <kind>archive</kind>
         <file>rtsv7M4_T_le_v4SPD16_eabi.lib</file>
         <name>copy_decompress_rle.obj</name>
      </input_file>
      <input_file id="fl-135">
         <path>C:\ti\ccsv6\tools\compiler\ti-cgt-arm_5.2.5\lib\</path>
         <kind>archive</kind>
         <file>rtsv7M4_T_le_v4SPD16_eabi.lib</file>
         <name>copy_zero_init.obj</name>
      </input_file>
      <input_file id="fl-136">
         <path>C:\ti\ccsv6\tools\compiler\ti-cgt-arm_5.2.5\lib\</path>
         <kind>archive</kind>
         <file>rtsv7M4_T_le_v4SPD16_eabi.lib</file>
         <name>exit.obj</name>
      </input_file>
      <input_file id="fl-137">
         <path>C:\ti\ccsv6\tools\compiler\ti-cgt-arm_5.2.5\lib\</path>
         <kind>archive</kind>
         <file>rtsv7M4_T_le_v4SPD16_eabi.lib</file>
         <name>memcpy_t2.obj</name>
      </input_file>
      <input_file id="fl-138">
         <path>C:\ti\ccsv6\tools\compiler\ti-cgt-arm_5.2.5\lib\</path>
         <kind>archive</kind>
         <file>rtsv7M4_T_le_v4SPD16_eabi.lib</file>
         <name>memset_t2.obj</name>
      </input_file>
      <input_file id="fl-139">
         <path>C:\ti\ccsv6\tools\compiler\ti-cgt-arm_5.2.5\lib\</path>
         <kind>archive</kind>
         <file>rtsv7M4_T_le_v4SPD16_eabi.lib</file>
         <name>pre_init.obj</name>
      </input_file>
      <input_file id="fl-13a">
         <path>C:\ti\ccsv6\tools\compiler\ti-cgt-arm_5.2.5\lib\</path>
         <kind>archive</kind>
         <file>rtsv7M4_T_le_v4SPD16_eabi.lib</file>
         <name>stkdepth_vars.obj</name>
      </input_file>
      <input_file id="fl-13b">
         <path>C:\ti\ccsv6\tools\compiler\ti-cgt-arm_5.2.5\lib\</path>
         <kind>archive</kind>
         <file>rtsv7M4_T_le_v4SPD16_eabi.lib</file>
         <name>_lock.obj</name>
      </input_file>
      <input_file id="fl-13c">
         <path>C:\ti\ccsv6\tools\compiler\ti-cgt-arm_5.2.5\lib\</path>
         <kind>archive</kind>
         <file>rtsv7M4_T_le_v4SPD16_eabi.lib</file>
         <name>args_main.obj</name>
      </input_file>
      <input_file id="fl-13d">
         <path>C:\ti\ccsv6\tools\compiler\ti-cgt-arm_5.2.5\lib\</path>
         <kind>archive</kind>
         <file>rtsv7M4_T_le_v4SPD16_eabi.lib</file>
         <name>autoinit.obj</name>
      </input_file>
      <input_file id="fl-13e">
         <path>C:\ti\ccsv6\tools\compiler\ti-cgt-arm_5.2.5\lib\</path>
         <kind>archive</kind>
         <file>rtsv7M4_T_le_v4SPD16_eabi.lib</file>
         <name>cpy_tbl.obj</name>
      </input_file>
   </input_file_list>
   <object_component_list>
      <object_component id="oc-f">
         <name>.intvecs</name>
         <load_address>0x0</load_address>
         <run_address>0x0</run_address>
         <size>0x26c</size>
         <input_file_ref idref="fl-5"/>
      </object_component>
      <object_component id="oc-9d">
         <name>.text</name>
         <load_address>0x26c</load_address>
         <run_address>0x26c</run_address>
         <size>0x1dc</size>
         <input_file_ref idref="fl-4"/>
      </object_component>
      <object_component id="oc-14d">
         <name>.text:GPIOPadConfigSet</name>
         <load_address>0x448</load_address>
         <run_address>0x448</run_address>
         <size>0x132</size>
         <input_file_ref idref="fl-c"/>
      </object_component>
      <object_component id="oc-e1">
         <name>.text:SysCtlClockGet</name>
         <load_address>0x57c</load_address>
         <run_address>0x57c</run_address>
         <size>0x110</size>
         <input_file_ref idref="fl-e"/>
      </object_component>
      <object_component id="oc-c3">
         <name>.text:SysCtlClockSet</name>
         <load_address>0x68c</load_address>
         <run_address>0x68c</run_address>
         <size>0xf4</size>
         <input_file_ref idref="fl-e"/>
      </object_component>
      <object_component id="oc-33">
         <name>.text</name>
         <load_address>0x780</load_address>
         <run_address>0x780</run_address>
         <size>0x9c</size>
         <input_file_ref idref="fl-137"/>
      </object_component>
      <object_component id="oc-f3">
         <name>.text:ADCSequenceStepConfigure</name>
         <load_address>0x81c</load_address>
         <run_address>0x81c</run_address>
         <size>0x7a</size>
         <input_file_ref idref="fl-b"/>
      </object_component>
      <object_component id="oc-4c">
         <name>.text</name>
         <load_address>0x896</load_address>
         <run_address>0x896</run_address>
         <size>0x7a</size>
         <input_file_ref idref="fl-138"/>
      </object_component>
      <object_component id="oc-5e">
         <name>.text</name>
         <load_address>0x910</load_address>
         <run_address>0x910</run_address>
         <size>0x6c</size>
         <input_file_ref idref="fl-13d"/>
      </object_component>
      <object_component id="oc-3f">
         <name>.text</name>
         <load_address>0x97c</load_address>
         <run_address>0x97c</run_address>
         <size>0x6a</size>
         <input_file_ref idref="fl-134"/>
      </object_component>
      <object_component id="oc-24">
         <name>.text</name>
         <load_address>0x9e8</load_address>
         <run_address>0x9e8</run_address>
         <size>0x50</size>
         <input_file_ref idref="fl-132"/>
      </object_component>
      <object_component id="oc-95">
         <name>.text</name>
         <load_address>0xa38</load_address>
         <run_address>0xa38</run_address>
         <size>0x4c</size>
         <input_file_ref idref="fl-13e"/>
      </object_component>
      <object_component id="oc-d5">
         <name>.text:GPIOPinConfigure</name>
         <load_address>0xa84</load_address>
         <run_address>0xa84</run_address>
         <size>0x48</size>
         <input_file_ref idref="fl-c"/>
      </object_component>
      <object_component id="oc-e7">
         <name>.text:UARTConfigSetExpClk</name>
         <load_address>0xacc</load_address>
         <run_address>0xacc</run_address>
         <size>0x46</size>
         <input_file_ref idref="fl-f"/>
      </object_component>
      <object_component id="oc-6a">
         <name>.text</name>
         <load_address>0xb14</load_address>
         <run_address>0xb14</run_address>
         <size>0x44</size>
         <input_file_ref idref="fl-136"/>
      </object_component>
      <object_component id="oc-ed">
         <name>.text:ADCSequenceConfigure</name>
         <load_address>0xb58</load_address>
         <run_address>0xb58</run_address>
         <size>0x3e</size>
         <input_file_ref idref="fl-b"/>
      </object_component>
      <object_component id="oc-c9">
         <name>.text:SysCtlPeripheralEnable</name>
         <load_address>0xb98</load_address>
         <run_address>0xb98</run_address>
         <size>0x34</size>
         <input_file_ref idref="fl-e"/>
      </object_component>
      <object_component id="oc-111">
         <name>.text:ADCIntStatus</name>
         <load_address>0xbcc</load_address>
         <run_address>0xbcc</run_address>
         <size>0x2e</size>
         <input_file_ref idref="fl-b"/>
      </object_component>
      <object_component id="oc-147">
         <name>.text:GPIODirModeSet</name>
         <load_address>0xbfa</load_address>
         <run_address>0xbfa</run_address>
         <size>0x2a</size>
         <input_file_ref idref="fl-c"/>
      </object_component>
      <object_component id="oc-158">
         <name>.text:UARTDisable</name>
         <load_address>0xc24</load_address>
         <run_address>0xc24</run_address>
         <size>0x20</size>
         <input_file_ref idref="fl-f"/>
      </object_component>
      <object_component id="oc-117">
         <name>.text:ADCSequenceDataGet</name>
         <load_address>0xc44</load_address>
         <run_address>0xc44</run_address>
         <size>0x1e</size>
         <input_file_ref idref="fl-b"/>
      </object_component>
      <object_component id="oc-10b">
         <name>.text:ADCProcessorTrigger</name>
         <load_address>0xc62</load_address>
         <run_address>0xc62</run_address>
         <size>0x18</size>
         <input_file_ref idref="fl-b"/>
      </object_component>
      <object_component id="oc-64">
         <name>.text</name>
         <load_address>0xc7c</load_address>
         <run_address>0xc7c</run_address>
         <size>0x18</size>
         <input_file_ref idref="fl-13c"/>
      </object_component>
      <object_component id="oc-15e">
         <name>.text:UARTEnable</name>
         <load_address>0xc94</load_address>
         <run_address>0xc94</run_address>
         <size>0x14</size>
         <input_file_ref idref="fl-f"/>
      </object_component>
      <object_component id="oc-127">
         <name>.text</name>
         <load_address>0xca8</load_address>
         <run_address>0xca8</run_address>
         <size>0x14</size>
         <input_file_ref idref="fl-13b"/>
      </object_component>
      <object_component id="oc-db">
         <name>.text:GPIOPinTypeUART</name>
         <load_address>0xcbc</load_address>
         <run_address>0xcbc</run_address>
         <size>0x12</size>
         <input_file_ref idref="fl-c"/>
      </object_component>
      <object_component id="oc-cf">
         <name>.text:ADCHardwareOversampleConfigure</name>
         <load_address>0xcce</load_address>
         <run_address>0xcce</run_address>
         <size>0xe</size>
         <input_file_ref idref="fl-b"/>
      </object_component>
      <object_component id="oc-f9">
         <name>.text:ADCSequenceEnable</name>
         <load_address>0xcdc</load_address>
         <run_address>0xcdc</run_address>
         <size>0xe</size>
         <input_file_ref idref="fl-b"/>
      </object_component>
      <object_component id="oc-12">
         <name>.text:decompress:none</name>
         <load_address>0xcea</load_address>
         <run_address>0xcea</run_address>
         <size>0xe</size>
         <input_file_ref idref="fl-133"/>
      </object_component>
      <object_component id="oc-2a">
         <name>.text</name>
         <load_address>0xcf8</load_address>
         <run_address>0xcf8</run_address>
         <size>0xc</size>
         <input_file_ref idref="fl-5"/>
      </object_component>
      <object_component id="oc-105">
         <name>.text:ADCIntClear</name>
         <load_address>0xd04</load_address>
         <run_address>0xd04</run_address>
         <size>0xa</size>
         <input_file_ref idref="fl-b"/>
      </object_component>
      <object_component id="oc-ff">
         <name>.text:UARTCharPut</name>
         <load_address>0xd0e</load_address>
         <run_address>0xd0e</run_address>
         <size>0xa</size>
         <input_file_ref idref="fl-f"/>
      </object_component>
      <object_component id="oc-11d">
         <name>.text:SysCtlDelay</name>
         <load_address>0xd18</load_address>
         <run_address>0xd18</run_address>
         <size>0x6</size>
         <input_file_ref idref="fl-e"/>
      </object_component>
      <object_component id="oc-18">
         <name>.text:decompress:rle24</name>
         <load_address>0xd1e</load_address>
         <run_address>0xd1e</run_address>
         <size>0x6</size>
         <input_file_ref idref="fl-134"/>
      </object_component>
      <object_component id="oc-58">
         <name>.text</name>
         <load_address>0xd24</load_address>
         <run_address>0xd24</run_address>
         <size>0x4</size>
         <input_file_ref idref="fl-139"/>
      </object_component>
      <object_component id="oc-142">
         <name>.const:g_pui32GPIOBaseAddrs</name>
         <load_address>0xd28</load_address>
         <run_address>0xd28</run_address>
         <size>0x90</size>
         <input_file_ref idref="fl-c"/>
      </object_component>
      <object_component id="oc-154">
         <name>.const:g_pui32Xtals</name>
         <load_address>0xdb8</load_address>
         <run_address>0xdb8</run_address>
         <size>0x6c</size>
         <input_file_ref idref="fl-e"/>
      </object_component>
      <object_component id="oc-1ab">
         <name>.cinit..data.load</name>
         <load_address>0xe28</load_address>
         <run_address>0xe28</run_address>
         <size>0xf</size>
      </object_component>
      <object_component id="oc-1a9">
         <name>__TI_handler_table</name>
         <load_address>0xe38</load_address>
         <run_address>0xe38</run_address>
         <size>0x8</size>
      </object_component>
      <object_component id="oc-1aa">
         <name>__TI_cinit_table</name>
         <load_address>0xe40</load_address>
         <run_address>0xe40</run_address>
         <size>0x8</size>
      </object_component>
      <object_component id="oc-29">
         <name>.stack</name>
         <uninitialized>true</uninitialized>
         <run_address>0x20000000</run_address>
         <size>0x0</size>
         <input_file_ref idref="fl-132"/>
      </object_component>
      <object_component id="oc-1ac">
         <name>.stack</name>
         <uninitialized>true</uninitialized>
         <run_address>0x20000000</run_address>
         <size>0x0</size>
      </object_component>
      <object_component id="oc-a8">
         <name>.data</name>
         <load_address>0x20000208</load_address>
         <run_address>0x20000208</run_address>
         <size>0x8</size>
         <input_file_ref idref="fl-136"/>
      </object_component>
      <object_component id="oc-70">
         <name>.data</name>
         <load_address>0x20000210</load_address>
         <run_address>0x20000210</run_address>
         <size>0x4</size>
         <input_file_ref idref="fl-13a"/>
      </object_component>
      <object_component id="oc-a5">
         <name>.data</name>
         <load_address>0x20000200</load_address>
         <run_address>0x20000200</run_address>
         <size>0x8</size>
         <input_file_ref idref="fl-13b"/>
      </object_component>
      <object_component id="oc-77">
         <name>.debug_info</name>
         <load_address>0x0</load_address>
         <run_address>0x0</run_address>
         <size>0x84</size>
         <input_file_ref idref="fl-2"/>
      </object_component>
      <object_component id="oc-11f">
         <name>.debug_info</name>
         <load_address>0x84</load_address>
         <run_address>0x84</run_address>
         <size>0x496</size>
         <input_file_ref idref="fl-4"/>
      </object_component>
      <object_component id="oc-9e">
         <name>.debug_info</name>
         <load_address>0x51a</load_address>
         <run_address>0x51a</run_address>
         <size>0x5bf</size>
         <input_file_ref idref="fl-4"/>
      </object_component>
      <object_component id="oc-b0">
         <name>.debug_info</name>
         <load_address>0xad9</load_address>
         <run_address>0xad9</run_address>
         <size>0x8b</size>
         <input_file_ref idref="fl-4"/>
      </object_component>
      <object_component id="oc-7c">
         <name>.debug_info</name>
         <load_address>0xb64</load_address>
         <run_address>0xb64</run_address>
         <size>0x18b</size>
         <input_file_ref idref="fl-4"/>
      </object_component>
      <object_component id="oc-32">
         <name>.debug_info</name>
         <load_address>0xcef</load_address>
         <run_address>0xcef</run_address>
         <size>0x11c</size>
         <input_file_ref idref="fl-5"/>
      </object_component>
      <object_component id="oc-10">
         <name>.debug_info</name>
         <load_address>0xe0b</load_address>
         <run_address>0xe0b</run_address>
         <size>0x101</size>
         <input_file_ref idref="fl-5"/>
      </object_component>
      <object_component id="oc-2b">
         <name>.debug_info</name>
         <load_address>0xf0c</load_address>
         <run_address>0xf0c</run_address>
         <size>0x27d</size>
         <input_file_ref idref="fl-5"/>
      </object_component>
      <object_component id="oc-140">
         <name>.debug_info</name>
         <load_address>0x1189</load_address>
         <run_address>0x1189</run_address>
         <size>0x23d</size>
         <input_file_ref idref="fl-b"/>
      </object_component>
      <object_component id="oc-f4">
         <name>.debug_info</name>
         <load_address>0x13c6</load_address>
         <run_address>0x13c6</run_address>
         <size>0x333</size>
         <input_file_ref idref="fl-b"/>
      </object_component>
      <object_component id="oc-fa">
         <name>.debug_info</name>
         <load_address>0x16f9</load_address>
         <run_address>0x16f9</run_address>
         <size>0x2a0</size>
         <input_file_ref idref="fl-b"/>
      </object_component>
      <object_component id="oc-118">
         <name>.debug_info</name>
         <load_address>0x1999</load_address>
         <run_address>0x1999</run_address>
         <size>0x2ff</size>
         <input_file_ref idref="fl-b"/>
      </object_component>
      <object_component id="oc-ee">
         <name>.debug_info</name>
         <load_address>0x1c98</load_address>
         <run_address>0x1c98</run_address>
         <size>0x326</size>
         <input_file_ref idref="fl-b"/>
      </object_component>
      <object_component id="oc-10c">
         <name>.debug_info</name>
         <load_address>0x1fbe</load_address>
         <run_address>0x1fbe</run_address>
         <size>0x2a4</size>
         <input_file_ref idref="fl-b"/>
      </object_component>
      <object_component id="oc-112">
         <name>.debug_info</name>
         <load_address>0x2262</load_address>
         <run_address>0x2262</run_address>
         <size>0x2e7</size>
         <input_file_ref idref="fl-b"/>
      </object_component>
      <object_component id="oc-106">
         <name>.debug_info</name>
         <load_address>0x2549</load_address>
         <run_address>0x2549</run_address>
         <size>0x294</size>
         <input_file_ref idref="fl-b"/>
      </object_component>
      <object_component id="oc-d0">
         <name>.debug_info</name>
         <load_address>0x27dd</load_address>
         <run_address>0x27dd</run_address>
         <size>0x2c1</size>
         <input_file_ref idref="fl-b"/>
      </object_component>
      <object_component id="oc-146">
         <name>.debug_info</name>
         <load_address>0x2a9e</load_address>
         <run_address>0x2a9e</run_address>
         <size>0x230</size>
         <input_file_ref idref="fl-c"/>
      </object_component>
      <object_component id="oc-143">
         <name>.debug_info</name>
         <load_address>0x2cce</load_address>
         <run_address>0x2cce</run_address>
         <size>0x15b</size>
         <input_file_ref idref="fl-c"/>
      </object_component>
      <object_component id="oc-148">
         <name>.debug_info</name>
         <load_address>0x2e29</load_address>
         <run_address>0x2e29</run_address>
         <size>0x2b3</size>
         <input_file_ref idref="fl-c"/>
      </object_component>
      <object_component id="oc-14e">
         <name>.debug_info</name>
         <load_address>0x30dc</load_address>
         <run_address>0x30dc</run_address>
         <size>0x316</size>
         <input_file_ref idref="fl-c"/>
      </object_component>
      <object_component id="oc-dc">
         <name>.debug_info</name>
         <load_address>0x33f2</load_address>
         <run_address>0x33f2</run_address>
         <size>0x27b</size>
         <input_file_ref idref="fl-c"/>
      </object_component>
      <object_component id="oc-d6">
         <name>.debug_info</name>
         <load_address>0x366d</load_address>
         <run_address>0x366d</run_address>
         <size>0x280</size>
         <input_file_ref idref="fl-c"/>
      </object_component>
      <object_component id="oc-13d">
         <name>.debug_info</name>
         <load_address>0x38ed</load_address>
         <run_address>0x38ed</run_address>
         <size>0x27f</size>
         <input_file_ref idref="fl-e"/>
      </object_component>
      <object_component id="oc-155">
         <name>.debug_info</name>
         <load_address>0x3b6c</load_address>
         <run_address>0x3b6c</run_address>
         <size>0x14d</size>
         <input_file_ref idref="fl-e"/>
      </object_component>
      <object_component id="oc-ca">
         <name>.debug_info</name>
         <load_address>0x3cb9</load_address>
         <run_address>0x3cb9</run_address>
         <size>0x27d</size>
         <input_file_ref idref="fl-e"/>
      </object_component>
      <object_component id="oc-c4">
         <name>.debug_info</name>
         <load_address>0x3f36</load_address>
         <run_address>0x3f36</run_address>
         <size>0x2db</size>
         <input_file_ref idref="fl-e"/>
      </object_component>
      <object_component id="oc-e2">
         <name>.debug_info</name>
         <load_address>0x4211</load_address>
         <run_address>0x4211</run_address>
         <size>0x2b5</size>
         <input_file_ref idref="fl-e"/>
      </object_component>
      <object_component id="oc-175">
         <name>.debug_info</name>
         <load_address>0x44c6</load_address>
         <run_address>0x44c6</run_address>
         <size>0x5f</size>
         <input_file_ref idref="fl-e"/>
      </object_component>
      <object_component id="oc-165">
         <name>.debug_info</name>
         <load_address>0x4525</load_address>
         <run_address>0x4525</run_address>
         <size>0x227</size>
         <input_file_ref idref="fl-f"/>
      </object_component>
      <object_component id="oc-15f">
         <name>.debug_info</name>
         <load_address>0x474c</load_address>
         <run_address>0x474c</run_address>
         <size>0x247</size>
         <input_file_ref idref="fl-f"/>
      </object_component>
      <object_component id="oc-159">
         <name>.debug_info</name>
         <load_address>0x4993</load_address>
         <run_address>0x4993</run_address>
         <size>0x249</size>
         <input_file_ref idref="fl-f"/>
      </object_component>
      <object_component id="oc-e8">
         <name>.debug_info</name>
         <load_address>0x4bdc</load_address>
         <run_address>0x4bdc</run_address>
         <size>0x326</size>
         <input_file_ref idref="fl-f"/>
      </object_component>
      <object_component id="oc-100">
         <name>.debug_info</name>
         <load_address>0x4f02</load_address>
         <run_address>0x4f02</run_address>
         <size>0x273</size>
         <input_file_ref idref="fl-f"/>
      </object_component>
      <object_component id="oc-27">
         <name>.debug_info</name>
         <load_address>0x5175</load_address>
         <run_address>0x5175</run_address>
         <size>0x134</size>
         <input_file_ref idref="fl-132"/>
      </object_component>
      <object_component id="oc-3e">
         <name>.debug_info</name>
         <load_address>0x52a9</load_address>
         <run_address>0x52a9</run_address>
         <size>0x121</size>
         <input_file_ref idref="fl-133"/>
      </object_component>
      <object_component id="oc-16">
         <name>.debug_info</name>
         <load_address>0x53ca</load_address>
         <run_address>0x53ca</run_address>
         <size>0x1c0</size>
         <input_file_ref idref="fl-133"/>
      </object_component>
      <object_component id="oc-39">
         <name>.debug_info</name>
         <load_address>0x558a</load_address>
         <run_address>0x558a</run_address>
         <size>0x46</size>
         <input_file_ref idref="fl-133"/>
      </object_component>
      <object_component id="oc-82">
         <name>.debug_info</name>
         <load_address>0x55d0</load_address>
         <run_address>0x55d0</run_address>
         <size>0x2c</size>
         <input_file_ref idref="fl-133"/>
      </object_component>
      <object_component id="oc-46">
         <name>.debug_info</name>
         <load_address>0x55fc</load_address>
         <run_address>0x55fc</run_address>
         <size>0x115</size>
         <input_file_ref idref="fl-134"/>
      </object_component>
      <object_component id="oc-40">
         <name>.debug_info</name>
         <load_address>0x5711</load_address>
         <run_address>0x5711</run_address>
         <size>0x228</size>
         <input_file_ref idref="fl-134"/>
      </object_component>
      <object_component id="oc-19">
         <name>.debug_info</name>
         <load_address>0x5939</load_address>
         <run_address>0x5939</run_address>
         <size>0x192</size>
         <input_file_ref idref="fl-134"/>
      </object_component>
      <object_component id="oc-47">
         <name>.debug_info</name>
         <load_address>0x5acb</load_address>
         <run_address>0x5acb</run_address>
         <size>0x39</size>
         <input_file_ref idref="fl-134"/>
      </object_component>
      <object_component id="oc-8c">
         <name>.debug_info</name>
         <load_address>0x5b04</load_address>
         <run_address>0x5b04</run_address>
         <size>0x2c</size>
         <input_file_ref idref="fl-134"/>
      </object_component>
      <object_component id="oc-ac">
         <name>.debug_info</name>
         <load_address>0x5b30</load_address>
         <run_address>0x5b30</run_address>
         <size>0x172</size>
         <input_file_ref idref="fl-136"/>
      </object_component>
      <object_component id="oc-a9">
         <name>.debug_info</name>
         <load_address>0x5ca2</load_address>
         <run_address>0x5ca2</run_address>
         <size>0x117</size>
         <input_file_ref idref="fl-136"/>
      </object_component>
      <object_component id="oc-6b">
         <name>.debug_info</name>
         <load_address>0x5db9</load_address>
         <run_address>0x5db9</run_address>
         <size>0x1ee</size>
         <input_file_ref idref="fl-136"/>
      </object_component>
      <object_component id="oc-34">
         <name>.debug_info</name>
         <load_address>0x5fa7</load_address>
         <run_address>0x5fa7</run_address>
         <size>0xf6</size>
         <input_file_ref idref="fl-137"/>
      </object_component>
      <object_component id="oc-4d">
         <name>.debug_info</name>
         <load_address>0x609d</load_address>
         <run_address>0x609d</run_address>
         <size>0x124</size>
         <input_file_ref idref="fl-138"/>
      </object_component>
      <object_component id="oc-59">
         <name>.debug_info</name>
         <load_address>0x61c1</load_address>
         <run_address>0x61c1</run_address>
         <size>0x129</size>
         <input_file_ref idref="fl-139"/>
      </object_component>
      <object_component id="oc-71">
         <name>.debug_info</name>
         <load_address>0x62ea</load_address>
         <run_address>0x62ea</run_address>
         <size>0xea</size>
         <input_file_ref idref="fl-13a"/>
      </object_component>
      <object_component id="oc-12f">
         <name>.debug_info</name>
         <load_address>0x63d4</load_address>
         <run_address>0x63d4</run_address>
         <size>0x105</size>
         <input_file_ref idref="fl-13b"/>
      </object_component>
      <object_component id="oc-a6">
         <name>.debug_info</name>
         <load_address>0x64d9</load_address>
         <run_address>0x64d9</run_address>
         <size>0xf4</size>
         <input_file_ref idref="fl-13b"/>
      </object_component>
      <object_component id="oc-128">
         <name>.debug_info</name>
         <load_address>0x65cd</load_address>
         <run_address>0x65cd</run_address>
         <size>0x200</size>
         <input_file_ref idref="fl-13b"/>
      </object_component>
      <object_component id="oc-a4">
         <name>.debug_info</name>
         <load_address>0x67cd</load_address>
         <run_address>0x67cd</run_address>
         <size>0x147</size>
         <input_file_ref idref="fl-13c"/>
      </object_component>
      <object_component id="oc-65">
         <name>.debug_info</name>
         <load_address>0x6914</load_address>
         <run_address>0x6914</run_address>
         <size>0x148</size>
         <input_file_ref idref="fl-13c"/>
      </object_component>
      <object_component id="oc-122">
         <name>.debug_info</name>
         <load_address>0x6a5c</load_address>
         <run_address>0x6a5c</run_address>
         <size>0x5e</size>
         <input_file_ref idref="fl-13c"/>
      </object_component>
      <object_component id="oc-9c">
         <name>.debug_info</name>
         <load_address>0x6aba</load_address>
         <run_address>0x6aba</run_address>
         <size>0x29e</size>
         <input_file_ref idref="fl-13d"/>
      </object_component>
      <object_component id="oc-5f">
         <name>.debug_info</name>
         <load_address>0x6d58</load_address>
         <run_address>0x6d58</run_address>
         <size>0x158</size>
         <input_file_ref idref="fl-13d"/>
      </object_component>
      <object_component id="oc-b9">
         <name>.debug_info</name>
         <load_address>0x6eb0</load_address>
         <run_address>0x6eb0</run_address>
         <size>0x39</size>
         <input_file_ref idref="fl-13d"/>
      </object_component>
      <object_component id="oc-be">
         <name>.debug_info</name>
         <load_address>0x6ee9</load_address>
         <run_address>0x6ee9</run_address>
         <size>0xcd</size>
         <input_file_ref idref="fl-13d"/>
      </object_component>
      <object_component id="oc-b6">
         <name>.debug_info</name>
         <load_address>0x6fb6</load_address>
         <run_address>0x6fb6</run_address>
         <size>0x1c1</size>
         <input_file_ref idref="fl-13e"/>
      </object_component>
      <object_component id="oc-96">
         <name>.debug_info</name>
         <load_address>0x7177</load_address>
         <run_address>0x7177</run_address>
         <size>0x164</size>
         <input_file_ref idref="fl-13e"/>
      </object_component>
      <object_component id="oc-137">
         <name>.debug_info</name>
         <load_address>0x72db</load_address>
         <run_address>0x72db</run_address>
         <size>0x2c</size>
         <input_file_ref idref="fl-13e"/>
      </object_component>
      <object_component id="oc-1ad">
         <name>.debug_info</name>
         <load_address>0x7307</load_address>
         <run_address>0x7307</run_address>
         <size>0xbb</size>
      </object_component>
      <object_component id="oc-7a">
         <name>.debug_line</name>
         <load_address>0x0</load_address>
         <run_address>0x0</run_address>
         <size>0x20</size>
         <input_file_ref idref="fl-2"/>
      </object_component>
      <object_component id="oc-16f">
         <name>.debug_line</name>
         <load_address>0x20</load_address>
         <run_address>0x20</run_address>
         <size>0xed</size>
         <input_file_ref idref="fl-4"/>
      </object_component>
      <object_component id="oc-a1">
         <name>.debug_line</name>
         <load_address>0x10d</load_address>
         <run_address>0x10d</run_address>
         <size>0x7a</size>
         <input_file_ref idref="fl-4"/>
      </object_component>
      <object_component id="oc-b3">
         <name>.debug_line</name>
         <load_address>0x187</load_address>
         <run_address>0x187</run_address>
         <size>0x20</size>
         <input_file_ref idref="fl-4"/>
      </object_component>
      <object_component id="oc-7f">
         <name>.debug_line</name>
         <load_address>0x1a7</load_address>
         <run_address>0x1a7</run_address>
         <size>0x60</size>
         <input_file_ref idref="fl-4"/>
      </object_component>
      <object_component id="oc-76">
         <name>.debug_line</name>
         <load_address>0x207</load_address>
         <run_address>0x207</run_address>
         <size>0x41</size>
         <input_file_ref idref="fl-5"/>
      </object_component>
      <object_component id="oc-31">
         <name>.debug_line</name>
         <load_address>0x248</load_address>
         <run_address>0x248</run_address>
         <size>0x41</size>
         <input_file_ref idref="fl-5"/>
      </object_component>
      <object_component id="oc-2e">
         <name>.debug_line</name>
         <load_address>0x289</load_address>
         <run_address>0x289</run_address>
         <size>0xa1</size>
         <input_file_ref idref="fl-5"/>
      </object_component>
      <object_component id="oc-17b">
         <name>.debug_line</name>
         <load_address>0x32a</load_address>
         <run_address>0x32a</run_address>
         <size>0xde</size>
         <input_file_ref idref="fl-b"/>
      </object_component>
      <object_component id="oc-f7">
         <name>.debug_line</name>
         <load_address>0x408</load_address>
         <run_address>0x408</run_address>
         <size>0xa7</size>
         <input_file_ref idref="fl-b"/>
      </object_component>
      <object_component id="oc-fd">
         <name>.debug_line</name>
         <load_address>0x4af</load_address>
         <run_address>0x4af</run_address>
         <size>0x91</size>
         <input_file_ref idref="fl-b"/>
      </object_component>
      <object_component id="oc-11b">
         <name>.debug_line</name>
         <load_address>0x540</load_address>
         <run_address>0x540</run_address>
         <size>0x9c</size>
         <input_file_ref idref="fl-b"/>
      </object_component>
      <object_component id="oc-f1">
         <name>.debug_line</name>
         <load_address>0x5dc</load_address>
         <run_address>0x5dc</run_address>
         <size>0xa3</size>
         <input_file_ref idref="fl-b"/>
      </object_component>
      <object_component id="oc-10f">
         <name>.debug_line</name>
         <load_address>0x67f</load_address>
         <run_address>0x67f</run_address>
         <size>0x91</size>
         <input_file_ref idref="fl-b"/>
      </object_component>
      <object_component id="oc-115">
         <name>.debug_line</name>
         <load_address>0x710</load_address>
         <run_address>0x710</run_address>
         <size>0x9b</size>
         <input_file_ref idref="fl-b"/>
      </object_component>
      <object_component id="oc-109">
         <name>.debug_line</name>
         <load_address>0x7ab</load_address>
         <run_address>0x7ab</run_address>
         <size>0x91</size>
         <input_file_ref idref="fl-b"/>
      </object_component>
      <object_component id="oc-d3">
         <name>.debug_line</name>
         <load_address>0x83c</load_address>
         <run_address>0x83c</run_address>
         <size>0x9b</size>
         <input_file_ref idref="fl-b"/>
      </object_component>
      <object_component id="oc-17f">
         <name>.debug_line</name>
         <load_address>0x8d7</load_address>
         <run_address>0x8d7</run_address>
         <size>0x82</size>
         <input_file_ref idref="fl-c"/>
      </object_component>
      <object_component id="oc-17d">
         <name>.debug_line</name>
         <load_address>0x959</load_address>
         <run_address>0x959</run_address>
         <size>0x7d</size>
         <input_file_ref idref="fl-c"/>
      </object_component>
      <object_component id="oc-14b">
         <name>.debug_line</name>
         <load_address>0x9d6</load_address>
         <run_address>0x9d6</run_address>
         <size>0x95</size>
         <input_file_ref idref="fl-c"/>
      </object_component>
      <object_component id="oc-151">
         <name>.debug_line</name>
         <load_address>0xa6b</load_address>
         <run_address>0xa6b</run_address>
         <size>0xd1</size>
         <input_file_ref idref="fl-c"/>
      </object_component>
      <object_component id="oc-df">
         <name>.debug_line</name>
         <load_address>0xb3c</load_address>
         <run_address>0xb3c</run_address>
         <size>0x93</size>
         <input_file_ref idref="fl-c"/>
      </object_component>
      <object_component id="oc-d9">
         <name>.debug_line</name>
         <load_address>0xbcf</load_address>
         <run_address>0xbcf</run_address>
         <size>0xa7</size>
         <input_file_ref idref="fl-c"/>
      </object_component>
      <object_component id="oc-174">
         <name>.debug_line</name>
         <load_address>0xc76</load_address>
         <run_address>0xc76</run_address>
         <size>0x13d</size>
         <input_file_ref idref="fl-e"/>
      </object_component>
      <object_component id="oc-183">
         <name>.debug_line</name>
         <load_address>0xdb3</load_address>
         <run_address>0xdb3</run_address>
         <size>0x7f</size>
         <input_file_ref idref="fl-e"/>
      </object_component>
      <object_component id="oc-cd">
         <name>.debug_line</name>
         <load_address>0xe32</load_address>
         <run_address>0xe32</run_address>
         <size>0x94</size>
         <input_file_ref idref="fl-e"/>
      </object_component>
      <object_component id="oc-c7">
         <name>.debug_line</name>
         <load_address>0xec6</load_address>
         <run_address>0xec6</run_address>
         <size>0xee</size>
         <input_file_ref idref="fl-e"/>
      </object_component>
      <object_component id="oc-e5">
         <name>.debug_line</name>
         <load_address>0xfb4</load_address>
         <run_address>0xfb4</run_address>
         <size>0x11a</size>
         <input_file_ref idref="fl-e"/>
      </object_component>
      <object_component id="oc-178">
         <name>.debug_line</name>
         <load_address>0x10ce</load_address>
         <run_address>0x10ce</run_address>
         <size>0x7f</size>
         <input_file_ref idref="fl-e"/>
      </object_component>
      <object_component id="oc-187">
         <name>.debug_line</name>
         <load_address>0x114d</load_address>
         <run_address>0x114d</run_address>
         <size>0x82</size>
         <input_file_ref idref="fl-f"/>
      </object_component>
      <object_component id="oc-162">
         <name>.debug_line</name>
         <load_address>0x11cf</load_address>
         <run_address>0x11cf</run_address>
         <size>0x93</size>
         <input_file_ref idref="fl-f"/>
      </object_component>
      <object_component id="oc-15c">
         <name>.debug_line</name>
         <load_address>0x1262</load_address>
         <run_address>0x1262</run_address>
         <size>0x96</size>
         <input_file_ref idref="fl-f"/>
      </object_component>
      <object_component id="oc-eb">
         <name>.debug_line</name>
         <load_address>0x12f8</load_address>
         <run_address>0x12f8</run_address>
         <size>0xb3</size>
         <input_file_ref idref="fl-f"/>
      </object_component>
      <object_component id="oc-103">
         <name>.debug_line</name>
         <load_address>0x13ab</load_address>
         <run_address>0x13ab</run_address>
         <size>0x93</size>
         <input_file_ref idref="fl-f"/>
      </object_component>
      <object_component id="oc-26">
         <name>.debug_line</name>
         <load_address>0x143e</load_address>
         <run_address>0x143e</run_address>
         <size>0x52</size>
         <input_file_ref idref="fl-132"/>
      </object_component>
      <object_component id="oc-88">
         <name>.debug_line</name>
         <load_address>0x1490</load_address>
         <run_address>0x1490</run_address>
         <size>0x80</size>
         <input_file_ref idref="fl-133"/>
      </object_component>
      <object_component id="oc-13">
         <name>.debug_line</name>
         <load_address>0x1510</load_address>
         <run_address>0x1510</run_address>
         <size>0x55</size>
         <input_file_ref idref="fl-133"/>
      </object_component>
      <object_component id="oc-3c">
         <name>.debug_line</name>
         <load_address>0x1565</load_address>
         <run_address>0x1565</run_address>
         <size>0x3a</size>
         <input_file_ref idref="fl-133"/>
      </object_component>
      <object_component id="oc-85">
         <name>.debug_line</name>
         <load_address>0x159f</load_address>
         <run_address>0x159f</run_address>
         <size>0x80</size>
         <input_file_ref idref="fl-133"/>
      </object_component>
      <object_component id="oc-8b">
         <name>.debug_line</name>
         <load_address>0x161f</load_address>
         <run_address>0x161f</run_address>
         <size>0x80</size>
         <input_file_ref idref="fl-134"/>
      </object_component>
      <object_component id="oc-43">
         <name>.debug_line</name>
         <load_address>0x169f</load_address>
         <run_address>0x169f</run_address>
         <size>0x98</size>
         <input_file_ref idref="fl-134"/>
      </object_component>
      <object_component id="oc-1c">
         <name>.debug_line</name>
         <load_address>0x1737</load_address>
         <run_address>0x1737</run_address>
         <size>0x4b</size>
         <input_file_ref idref="fl-134"/>
      </object_component>
      <object_component id="oc-4a">
         <name>.debug_line</name>
         <load_address>0x1782</load_address>
         <run_address>0x1782</run_address>
         <size>0x39</size>
         <input_file_ref idref="fl-134"/>
      </object_component>
      <object_component id="oc-8f">
         <name>.debug_line</name>
         <load_address>0x17bb</load_address>
         <run_address>0x17bb</run_address>
         <size>0x80</size>
         <input_file_ref idref="fl-134"/>
      </object_component>
      <object_component id="oc-134">
         <name>.debug_line</name>
         <load_address>0x183b</load_address>
         <run_address>0x183b</run_address>
         <size>0x7f</size>
         <input_file_ref idref="fl-136"/>
      </object_component>
      <object_component id="oc-132">
         <name>.debug_line</name>
         <load_address>0x18ba</load_address>
         <run_address>0x18ba</run_address>
         <size>0x2a</size>
         <input_file_ref idref="fl-136"/>
      </object_component>
      <object_component id="oc-6f">
         <name>.debug_line</name>
         <load_address>0x18e4</load_address>
         <run_address>0x18e4</run_address>
         <size>0x7a</size>
         <input_file_ref idref="fl-136"/>
      </object_component>
      <object_component id="oc-37">
         <name>.debug_line</name>
         <load_address>0x195e</load_address>
         <run_address>0x195e</run_address>
         <size>0x88</size>
         <input_file_ref idref="fl-137"/>
      </object_component>
      <object_component id="oc-50">
         <name>.debug_line</name>
         <load_address>0x19e6</load_address>
         <run_address>0x19e6</run_address>
         <size>0x79</size>
         <input_file_ref idref="fl-138"/>
      </object_component>
      <object_component id="oc-5c">
         <name>.debug_line</name>
         <load_address>0x1a5f</load_address>
         <run_address>0x1a5f</run_address>
         <size>0x40</size>
         <input_file_ref idref="fl-139"/>
      </object_component>
      <object_component id="oc-af">
         <name>.debug_line</name>
         <load_address>0x1a9f</load_address>
         <run_address>0x1a9f</run_address>
         <size>0x33</size>
         <input_file_ref idref="fl-13a"/>
      </object_component>
      <object_component id="oc-172">
         <name>.debug_line</name>
         <load_address>0x1ad2</load_address>
         <run_address>0x1ad2</run_address>
         <size>0x20</size>
         <input_file_ref idref="fl-13b"/>
      </object_component>
      <object_component id="oc-12e">
         <name>.debug_line</name>
         <load_address>0x1af2</load_address>
         <run_address>0x1af2</run_address>
         <size>0x2b</size>
         <input_file_ref idref="fl-13b"/>
      </object_component>
      <object_component id="oc-12b">
         <name>.debug_line</name>
         <load_address>0x1b1d</load_address>
         <run_address>0x1b1d</run_address>
         <size>0x68</size>
         <input_file_ref idref="fl-13b"/>
      </object_component>
      <object_component id="oc-121">
         <name>.debug_line</name>
         <load_address>0x1b85</load_address>
         <run_address>0x1b85</run_address>
         <size>0x2b</size>
         <input_file_ref idref="fl-13c"/>
      </object_component>
      <object_component id="oc-68">
         <name>.debug_line</name>
         <load_address>0x1bb0</load_address>
         <run_address>0x1bb0</run_address>
         <size>0x50</size>
         <input_file_ref idref="fl-13c"/>
      </object_component>
      <object_component id="oc-125">
         <name>.debug_line</name>
         <load_address>0x1c00</load_address>
         <run_address>0x1c00</run_address>
         <size>0x2b</size>
         <input_file_ref idref="fl-13c"/>
      </object_component>
      <object_component id="oc-b8">
         <name>.debug_line</name>
         <load_address>0x1c2b</load_address>
         <run_address>0x1c2b</run_address>
         <size>0x8f</size>
         <input_file_ref idref="fl-13d"/>
      </object_component>
      <object_component id="oc-62">
         <name>.debug_line</name>
         <load_address>0x1cba</load_address>
         <run_address>0x1cba</run_address>
         <size>0x79</size>
         <input_file_ref idref="fl-13d"/>
      </object_component>
      <object_component id="oc-bc">
         <name>.debug_line</name>
         <load_address>0x1d33</load_address>
         <run_address>0x1d33</run_address>
         <size>0x2e</size>
         <input_file_ref idref="fl-13d"/>
      </object_component>
      <object_component id="oc-c1">
         <name>.debug_line</name>
         <load_address>0x1d61</load_address>
         <run_address>0x1d61</run_address>
         <size>0x81</size>
         <input_file_ref idref="fl-13d"/>
      </object_component>
      <object_component id="oc-136">
         <name>.debug_line</name>
         <load_address>0x1de2</load_address>
         <run_address>0x1de2</run_address>
         <size>0x8e</size>
         <input_file_ref idref="fl-13e"/>
      </object_component>
      <object_component id="oc-99">
         <name>.debug_line</name>
         <load_address>0x1e70</load_address>
         <run_address>0x1e70</run_address>
         <size>0x68</size>
         <input_file_ref idref="fl-13e"/>
      </object_component>
      <object_component id="oc-13a">
         <name>.debug_line</name>
         <load_address>0x1ed8</load_address>
         <run_address>0x1ed8</run_address>
         <size>0x2e</size>
         <input_file_ref idref="fl-13e"/>
      </object_component>
      <object_component id="oc-79">
         <name>.debug_abbrev</name>
         <load_address>0x0</load_address>
         <run_address>0x0</run_address>
         <size>0x1f</size>
         <input_file_ref idref="fl-2"/>
      </object_component>
      <object_component id="oc-16e">
         <name>.debug_abbrev</name>
         <load_address>0x1f</load_address>
         <run_address>0x1f</run_address>
         <size>0xb7</size>
         <input_file_ref idref="fl-4"/>
      </object_component>
      <object_component id="oc-11e">
         <name>.debug_abbrev</name>
         <load_address>0xd6</load_address>
         <run_address>0xd6</run_address>
         <size>0x62</size>
         <input_file_ref idref="fl-4"/>
      </object_component>
      <object_component id="oc-b2">
         <name>.debug_abbrev</name>
         <load_address>0x138</load_address>
         <run_address>0x138</run_address>
         <size>0x1f</size>
         <input_file_ref idref="fl-4"/>
      </object_component>
      <object_component id="oc-7e">
         <name>.debug_abbrev</name>
         <load_address>0x157</load_address>
         <run_address>0x157</run_address>
         <size>0x35</size>
         <input_file_ref idref="fl-4"/>
      </object_component>
      <object_component id="oc-75">
         <name>.debug_abbrev</name>
         <load_address>0x18c</load_address>
         <run_address>0x18c</run_address>
         <size>0x5d</size>
         <input_file_ref idref="fl-5"/>
      </object_component>
      <object_component id="oc-30">
         <name>.debug_abbrev</name>
         <load_address>0x1e9</load_address>
         <run_address>0x1e9</run_address>
         <size>0x29</size>
         <input_file_ref idref="fl-5"/>
      </object_component>
      <object_component id="oc-74">
         <name>.debug_abbrev</name>
         <load_address>0x212</load_address>
         <run_address>0x212</run_address>
         <size>0x79</size>
         <input_file_ref idref="fl-5"/>
      </object_component>
      <object_component id="oc-17a">
         <name>.debug_abbrev</name>
         <load_address>0x28b</load_address>
         <run_address>0x28b</run_address>
         <size>0x86</size>
         <input_file_ref idref="fl-b"/>
      </object_component>
      <object_component id="oc-167">
         <name>.debug_abbrev</name>
         <load_address>0x311</load_address>
         <run_address>0x311</run_address>
         <size>0x6c</size>
         <input_file_ref idref="fl-b"/>
      </object_component>
      <object_component id="oc-168">
         <name>.debug_abbrev</name>
         <load_address>0x37d</load_address>
         <run_address>0x37d</run_address>
         <size>0x6c</size>
         <input_file_ref idref="fl-b"/>
      </object_component>
      <object_component id="oc-16d">
         <name>.debug_abbrev</name>
         <load_address>0x3e9</load_address>
         <run_address>0x3e9</run_address>
         <size>0x6e</size>
         <input_file_ref idref="fl-b"/>
      </object_component>
      <object_component id="oc-166">
         <name>.debug_abbrev</name>
         <load_address>0x457</load_address>
         <run_address>0x457</run_address>
         <size>0x6c</size>
         <input_file_ref idref="fl-b"/>
      </object_component>
      <object_component id="oc-16b">
         <name>.debug_abbrev</name>
         <load_address>0x4c3</load_address>
         <run_address>0x4c3</run_address>
         <size>0x6c</size>
         <input_file_ref idref="fl-b"/>
      </object_component>
      <object_component id="oc-16c">
         <name>.debug_abbrev</name>
         <load_address>0x52f</load_address>
         <run_address>0x52f</run_address>
         <size>0x6e</size>
         <input_file_ref idref="fl-b"/>
      </object_component>
      <object_component id="oc-16a">
         <name>.debug_abbrev</name>
         <load_address>0x59d</load_address>
         <run_address>0x59d</run_address>
         <size>0x6c</size>
         <input_file_ref idref="fl-b"/>
      </object_component>
      <object_component id="oc-13f">
         <name>.debug_abbrev</name>
         <load_address>0x609</load_address>
         <run_address>0x609</run_address>
         <size>0x6c</size>
         <input_file_ref idref="fl-b"/>
      </object_component>
      <object_component id="oc-17e">
         <name>.debug_abbrev</name>
         <load_address>0x675</load_address>
         <run_address>0x675</run_address>
         <size>0x72</size>
         <input_file_ref idref="fl-c"/>
      </object_component>
      <object_component id="oc-17c">
         <name>.debug_abbrev</name>
         <load_address>0x6e7</load_address>
         <run_address>0x6e7</run_address>
         <size>0x27</size>
         <input_file_ref idref="fl-c"/>
      </object_component>
      <object_component id="oc-180">
         <name>.debug_abbrev</name>
         <load_address>0x70e</load_address>
         <run_address>0x70e</run_address>
         <size>0x6c</size>
         <input_file_ref idref="fl-c"/>
      </object_component>
      <object_component id="oc-181">
         <name>.debug_abbrev</name>
         <load_address>0x77a</load_address>
         <run_address>0x77a</run_address>
         <size>0x6c</size>
         <input_file_ref idref="fl-c"/>
      </object_component>
      <object_component id="oc-153">
         <name>.debug_abbrev</name>
         <load_address>0x7e6</load_address>
         <run_address>0x7e6</run_address>
         <size>0x6c</size>
         <input_file_ref idref="fl-c"/>
      </object_component>
      <object_component id="oc-145">
         <name>.debug_abbrev</name>
         <load_address>0x852</load_address>
         <run_address>0x852</run_address>
         <size>0x6c</size>
         <input_file_ref idref="fl-c"/>
      </object_component>
      <object_component id="oc-173">
         <name>.debug_abbrev</name>
         <load_address>0x8be</load_address>
         <run_address>0x8be</run_address>
         <size>0xb0</size>
         <input_file_ref idref="fl-e"/>
      </object_component>
      <object_component id="oc-182">
         <name>.debug_abbrev</name>
         <load_address>0x96e</load_address>
         <run_address>0x96e</run_address>
         <size>0x27</size>
         <input_file_ref idref="fl-e"/>
      </object_component>
      <object_component id="oc-13e">
         <name>.debug_abbrev</name>
         <load_address>0x995</load_address>
         <run_address>0x995</run_address>
         <size>0x6c</size>
         <input_file_ref idref="fl-e"/>
      </object_component>
      <object_component id="oc-13c">
         <name>.debug_abbrev</name>
         <load_address>0xa01</load_address>
         <run_address>0xa01</run_address>
         <size>0x7a</size>
         <input_file_ref idref="fl-e"/>
      </object_component>
      <object_component id="oc-157">
         <name>.debug_abbrev</name>
         <load_address>0xa7b</load_address>
         <run_address>0xa7b</run_address>
         <size>0x60</size>
         <input_file_ref idref="fl-e"/>
      </object_component>
      <object_component id="oc-177">
         <name>.debug_abbrev</name>
         <load_address>0xadb</load_address>
         <run_address>0xadb</run_address>
         <size>0x49</size>
         <input_file_ref idref="fl-e"/>
      </object_component>
      <object_component id="oc-186">
         <name>.debug_abbrev</name>
         <load_address>0xb24</load_address>
         <run_address>0xb24</run_address>
         <size>0x72</size>
         <input_file_ref idref="fl-f"/>
      </object_component>
      <object_component id="oc-185">
         <name>.debug_abbrev</name>
         <load_address>0xb96</load_address>
         <run_address>0xb96</run_address>
         <size>0x6c</size>
         <input_file_ref idref="fl-f"/>
      </object_component>
      <object_component id="oc-184">
         <name>.debug_abbrev</name>
         <load_address>0xc02</load_address>
         <run_address>0xc02</run_address>
         <size>0x6c</size>
         <input_file_ref idref="fl-f"/>
      </object_component>
      <object_component id="oc-164">
         <name>.debug_abbrev</name>
         <load_address>0xc6e</load_address>
         <run_address>0xc6e</run_address>
         <size>0x7a</size>
         <input_file_ref idref="fl-f"/>
      </object_component>
      <object_component id="oc-169">
         <name>.debug_abbrev</name>
         <load_address>0xce8</load_address>
         <run_address>0xce8</run_address>
         <size>0x6c</size>
         <input_file_ref idref="fl-f"/>
      </object_component>
      <object_component id="oc-73">
         <name>.debug_abbrev</name>
         <load_address>0xd54</load_address>
         <run_address>0xd54</run_address>
         <size>0x3e</size>
         <input_file_ref idref="fl-132"/>
      </object_component>
      <object_component id="oc-87">
         <name>.debug_abbrev</name>
         <load_address>0xd92</load_address>
         <run_address>0xd92</run_address>
         <size>0x52</size>
         <input_file_ref idref="fl-133"/>
      </object_component>
      <object_component id="oc-38">
         <name>.debug_abbrev</name>
         <load_address>0xde4</load_address>
         <run_address>0xde4</run_address>
         <size>0x74</size>
         <input_file_ref idref="fl-133"/>
      </object_component>
      <object_component id="oc-3b">
         <name>.debug_abbrev</name>
         <load_address>0xe58</load_address>
         <run_address>0xe58</run_address>
         <size>0x24</size>
         <input_file_ref idref="fl-133"/>
      </object_component>
      <object_component id="oc-84">
         <name>.debug_abbrev</name>
         <load_address>0xe7c</load_address>
         <run_address>0xe7c</run_address>
         <size>0x24</size>
         <input_file_ref idref="fl-133"/>
      </object_component>
      <object_component id="oc-8a">
         <name>.debug_abbrev</name>
         <load_address>0xea0</load_address>
         <run_address>0xea0</run_address>
         <size>0x52</size>
         <input_file_ref idref="fl-134"/>
      </object_component>
      <object_component id="oc-89">
         <name>.debug_abbrev</name>
         <load_address>0xef2</load_address>
         <run_address>0xef2</run_address>
         <size>0x7b</size>
         <input_file_ref idref="fl-134"/>
      </object_component>
      <object_component id="oc-45">
         <name>.debug_abbrev</name>
         <load_address>0xf6d</load_address>
         <run_address>0xf6d</run_address>
         <size>0x66</size>
         <input_file_ref idref="fl-134"/>
      </object_component>
      <object_component id="oc-49">
         <name>.debug_abbrev</name>
         <load_address>0xfd3</load_address>
         <run_address>0xfd3</run_address>
         <size>0x24</size>
         <input_file_ref idref="fl-134"/>
      </object_component>
      <object_component id="oc-8e">
         <name>.debug_abbrev</name>
         <load_address>0xff7</load_address>
         <run_address>0xff7</run_address>
         <size>0x24</size>
         <input_file_ref idref="fl-134"/>
      </object_component>
      <object_component id="oc-133">
         <name>.debug_abbrev</name>
         <load_address>0x101b</load_address>
         <run_address>0x101b</run_address>
         <size>0x6b</size>
         <input_file_ref idref="fl-136"/>
      </object_component>
      <object_component id="oc-131">
         <name>.debug_abbrev</name>
         <load_address>0x1086</load_address>
         <run_address>0x1086</run_address>
         <size>0x29</size>
         <input_file_ref idref="fl-136"/>
      </object_component>
      <object_component id="oc-ab">
         <name>.debug_abbrev</name>
         <load_address>0x10af</load_address>
         <run_address>0x10af</run_address>
         <size>0xba</size>
         <input_file_ref idref="fl-136"/>
      </object_component>
      <object_component id="oc-81">
         <name>.debug_abbrev</name>
         <load_address>0x1169</load_address>
         <run_address>0x1169</run_address>
         <size>0x3e</size>
         <input_file_ref idref="fl-137"/>
      </object_component>
      <object_component id="oc-91">
         <name>.debug_abbrev</name>
         <load_address>0x11a7</load_address>
         <run_address>0x11a7</run_address>
         <size>0x4f</size>
         <input_file_ref idref="fl-138"/>
      </object_component>
      <object_component id="oc-94">
         <name>.debug_abbrev</name>
         <load_address>0x11f6</load_address>
         <run_address>0x11f6</run_address>
         <size>0x55</size>
         <input_file_ref idref="fl-139"/>
      </object_component>
      <object_component id="oc-ae">
         <name>.debug_abbrev</name>
         <load_address>0x124b</load_address>
         <run_address>0x124b</run_address>
         <size>0x27</size>
         <input_file_ref idref="fl-13a"/>
      </object_component>
      <object_component id="oc-171">
         <name>.debug_abbrev</name>
         <load_address>0x1272</load_address>
         <run_address>0x1272</run_address>
         <size>0x45</size>
         <input_file_ref idref="fl-13b"/>
      </object_component>
      <object_component id="oc-12d">
         <name>.debug_abbrev</name>
         <load_address>0x12b7</load_address>
         <run_address>0x12b7</run_address>
         <size>0x29</size>
         <input_file_ref idref="fl-13b"/>
      </object_component>
      <object_component id="oc-170">
         <name>.debug_abbrev</name>
         <load_address>0x12e0</load_address>
         <run_address>0x12e0</run_address>
         <size>0x6f</size>
         <input_file_ref idref="fl-13b"/>
      </object_component>
      <object_component id="oc-120">
         <name>.debug_abbrev</name>
         <load_address>0x134f</load_address>
         <run_address>0x134f</run_address>
         <size>0x8e</size>
         <input_file_ref idref="fl-13c"/>
      </object_component>
      <object_component id="oc-a3">
         <name>.debug_abbrev</name>
         <load_address>0x13dd</load_address>
         <run_address>0x13dd</run_address>
         <size>0x68</size>
         <input_file_ref idref="fl-13c"/>
      </object_component>
      <object_component id="oc-124">
         <name>.debug_abbrev</name>
         <load_address>0x1445</load_address>
         <run_address>0x1445</run_address>
         <size>0x49</size>
         <input_file_ref idref="fl-13c"/>
      </object_component>
      <object_component id="oc-b7">
         <name>.debug_abbrev</name>
         <load_address>0x148e</load_address>
         <run_address>0x148e</run_address>
         <size>0x9a</size>
         <input_file_ref idref="fl-13d"/>
      </object_component>
      <object_component id="oc-9b">
         <name>.debug_abbrev</name>
         <load_address>0x1528</load_address>
         <run_address>0x1528</run_address>
         <size>0x7e</size>
         <input_file_ref idref="fl-13d"/>
      </object_component>
      <object_component id="oc-bb">
         <name>.debug_abbrev</name>
         <load_address>0x15a6</load_address>
         <run_address>0x15a6</run_address>
         <size>0x24</size>
         <input_file_ref idref="fl-13d"/>
      </object_component>
      <object_component id="oc-c0">
         <name>.debug_abbrev</name>
         <load_address>0x15ca</load_address>
         <run_address>0x15ca</run_address>
         <size>0x4b</size>
         <input_file_ref idref="fl-13d"/>
      </object_component>
      <object_component id="oc-135">
         <name>.debug_abbrev</name>
         <load_address>0x1615</load_address>
         <run_address>0x1615</run_address>
         <size>0x9c</size>
         <input_file_ref idref="fl-13e"/>
      </object_component>
      <object_component id="oc-b5">
         <name>.debug_abbrev</name>
         <load_address>0x16b1</load_address>
         <run_address>0x16b1</run_address>
         <size>0x8c</size>
         <input_file_ref idref="fl-13e"/>
      </object_component>
      <object_component id="oc-139">
         <name>.debug_abbrev</name>
         <load_address>0x173d</load_address>
         <run_address>0x173d</run_address>
         <size>0x24</size>
         <input_file_ref idref="fl-13e"/>
      </object_component>
      <object_component id="oc-1ae">
         <name>.debug_abbrev</name>
         <load_address>0x1761</load_address>
         <run_address>0x1761</run_address>
         <size>0xf</size>
      </object_component>
      <object_component id="oc-7b">
         <name>.debug_str</name>
         <load_address>0x0</load_address>
         <run_address>0x0</run_address>
         <size>0xf5</size>
         <input_file_ref idref="fl-2"/>
      </object_component>
      <object_component id="oc-b4">
         <name>.debug_str</name>
         <load_address>0xf5</load_address>
         <run_address>0xf5</run_address>
         <size>0xf5</size>
         <input_file_ref idref="fl-4"/>
      </object_component>
      <object_component id="oc-80">
         <name>.debug_str</name>
         <load_address>0x1ea</load_address>
         <run_address>0x1ea</run_address>
         <size>0x229</size>
         <input_file_ref idref="fl-4"/>
      </object_component>
      <object_component id="oc-179">
         <name>.debug_str</name>
         <load_address>0x413</load_address>
         <run_address>0x413</run_address>
         <size>0x141</size>
         <input_file_ref idref="fl-e"/>
      </object_component>
      <object_component id="oc-3d">
         <name>.debug_str</name>
         <load_address>0x554</load_address>
         <run_address>0x554</run_address>
         <size>0xe1</size>
         <input_file_ref idref="fl-133"/>
      </object_component>
      <object_component id="oc-86">
         <name>.debug_str</name>
         <load_address>0x635</load_address>
         <run_address>0x635</run_address>
         <size>0x104</size>
         <input_file_ref idref="fl-133"/>
      </object_component>
      <object_component id="oc-4b">
         <name>.debug_str</name>
         <load_address>0x739</load_address>
         <run_address>0x739</run_address>
         <size>0xd3</size>
         <input_file_ref idref="fl-134"/>
      </object_component>
      <object_component id="oc-90">
         <name>.debug_str</name>
         <load_address>0x80c</load_address>
         <run_address>0x80c</run_address>
         <size>0x104</size>
         <input_file_ref idref="fl-134"/>
      </object_component>
      <object_component id="oc-126">
         <name>.debug_str</name>
         <load_address>0x910</load_address>
         <run_address>0x910</run_address>
         <size>0xb7</size>
         <input_file_ref idref="fl-13c"/>
      </object_component>
      <object_component id="oc-bd">
         <name>.debug_str</name>
         <load_address>0x9c7</load_address>
         <run_address>0x9c7</run_address>
         <size>0xc3</size>
         <input_file_ref idref="fl-13d"/>
      </object_component>
      <object_component id="oc-c2">
         <name>.debug_str</name>
         <load_address>0xa8a</load_address>
         <run_address>0xa8a</run_address>
         <size>0x15b</size>
         <input_file_ref idref="fl-13d"/>
      </object_component>
      <object_component id="oc-13b">
         <name>.debug_str</name>
         <load_address>0xbe5</load_address>
         <run_address>0xbe5</run_address>
         <size>0xb8</size>
         <input_file_ref idref="fl-13e"/>
      </object_component>
      <object_component id="oc-78">
         <name>.debug_pubtypes</name>
         <load_address>0x0</load_address>
         <run_address>0x0</run_address>
         <size>0xed</size>
         <input_file_ref idref="fl-2"/>
      </object_component>
      <object_component id="oc-b1">
         <name>.debug_pubtypes</name>
         <load_address>0xed</load_address>
         <run_address>0xed</run_address>
         <size>0xff</size>
         <input_file_ref idref="fl-4"/>
      </object_component>
      <object_component id="oc-7d">
         <name>.debug_pubtypes</name>
         <load_address>0x1ec</load_address>
         <run_address>0x1ec</run_address>
         <size>0x1c6</size>
         <input_file_ref idref="fl-4"/>
      </object_component>
      <object_component id="oc-176">
         <name>.debug_pubtypes</name>
         <load_address>0x3b2</load_address>
         <run_address>0x3b2</run_address>
         <size>0x28</size>
         <input_file_ref idref="fl-e"/>
      </object_component>
      <object_component id="oc-3a">
         <name>.debug_pubtypes</name>
         <load_address>0x3da</load_address>
         <run_address>0x3da</run_address>
         <size>0x48</size>
         <input_file_ref idref="fl-133"/>
      </object_component>
      <object_component id="oc-83">
         <name>.debug_pubtypes</name>
         <load_address>0x422</load_address>
         <run_address>0x422</run_address>
         <size>0x1d</size>
         <input_file_ref idref="fl-133"/>
      </object_component>
      <object_component id="oc-48">
         <name>.debug_pubtypes</name>
         <load_address>0x43f</load_address>
         <run_address>0x43f</run_address>
         <size>0x37</size>
         <input_file_ref idref="fl-134"/>
      </object_component>
      <object_component id="oc-8d">
         <name>.debug_pubtypes</name>
         <load_address>0x476</load_address>
         <run_address>0x476</run_address>
         <size>0x1d</size>
         <input_file_ref idref="fl-134"/>
      </object_component>
      <object_component id="oc-ad">
         <name>.debug_pubtypes</name>
         <load_address>0x493</load_address>
         <run_address>0x493</run_address>
         <size>0x1f</size>
         <input_file_ref idref="fl-136"/>
      </object_component>
      <object_component id="oc-130">
         <name>.debug_pubtypes</name>
         <load_address>0x4b2</load_address>
         <run_address>0x4b2</run_address>
         <size>0x1f</size>
         <input_file_ref idref="fl-13b"/>
      </object_component>
      <object_component id="oc-123">
         <name>.debug_pubtypes</name>
         <load_address>0x4d1</load_address>
         <run_address>0x4d1</run_address>
         <size>0x1b</size>
         <input_file_ref idref="fl-13c"/>
      </object_component>
      <object_component id="oc-ba">
         <name>.debug_pubtypes</name>
         <load_address>0x4ec</load_address>
         <run_address>0x4ec</run_address>
         <size>0x32</size>
         <input_file_ref idref="fl-13d"/>
      </object_component>
      <object_component id="oc-bf">
         <name>.debug_pubtypes</name>
         <load_address>0x51e</load_address>
         <run_address>0x51e</run_address>
         <size>0x50</size>
         <input_file_ref idref="fl-13d"/>
      </object_component>
      <object_component id="oc-138">
         <name>.debug_pubtypes</name>
         <load_address>0x56e</load_address>
         <run_address>0x56e</run_address>
         <size>0x23</size>
         <input_file_ref idref="fl-13e"/>
      </object_component>
      <object_component id="oc-a2">
         <name>.debug_frame</name>
         <load_address>0x0</load_address>
         <run_address>0x0</run_address>
         <size>0x88</size>
         <input_file_ref idref="fl-4"/>
      </object_component>
      <object_component id="oc-2f">
         <name>.debug_frame</name>
         <load_address>0x88</load_address>
         <run_address>0x88</run_address>
         <size>0xb2</size>
         <input_file_ref idref="fl-5"/>
      </object_component>
      <object_component id="oc-f8">
         <name>.debug_frame</name>
         <load_address>0x13a</load_address>
         <run_address>0x13a</run_address>
         <size>0x8a</size>
         <input_file_ref idref="fl-b"/>
      </object_component>
      <object_component id="oc-fe">
         <name>.debug_frame</name>
         <load_address>0x1c4</load_address>
         <run_address>0x1c4</run_address>
         <size>0x7f</size>
         <input_file_ref idref="fl-b"/>
      </object_component>
      <object_component id="oc-11c">
         <name>.debug_frame</name>
         <load_address>0x243</load_address>
         <run_address>0x243</run_address>
         <size>0x7f</size>
         <input_file_ref idref="fl-b"/>
      </object_component>
      <object_component id="oc-f2">
         <name>.debug_frame</name>
         <load_address>0x2c2</load_address>
         <run_address>0x2c2</run_address>
         <size>0x8a</size>
         <input_file_ref idref="fl-b"/>
      </object_component>
      <object_component id="oc-110">
         <name>.debug_frame</name>
         <load_address>0x34c</load_address>
         <run_address>0x34c</run_address>
         <size>0x86</size>
         <input_file_ref idref="fl-b"/>
      </object_component>
      <object_component id="oc-116">
         <name>.debug_frame</name>
         <load_address>0x3d2</load_address>
         <run_address>0x3d2</run_address>
         <size>0x83</size>
         <input_file_ref idref="fl-b"/>
      </object_component>
      <object_component id="oc-10a">
         <name>.debug_frame</name>
         <load_address>0x455</load_address>
         <run_address>0x455</run_address>
         <size>0x7f</size>
         <input_file_ref idref="fl-b"/>
      </object_component>
      <object_component id="oc-d4">
         <name>.debug_frame</name>
         <load_address>0x4d4</load_address>
         <run_address>0x4d4</run_address>
         <size>0x7f</size>
         <input_file_ref idref="fl-b"/>
      </object_component>
      <object_component id="oc-14c">
         <name>.debug_frame</name>
         <load_address>0x553</load_address>
         <run_address>0x553</run_address>
         <size>0x7f</size>
         <input_file_ref idref="fl-c"/>
      </object_component>
      <object_component id="oc-152">
         <name>.debug_frame</name>
         <load_address>0x5d2</load_address>
         <run_address>0x5d2</run_address>
         <size>0x8f</size>
         <input_file_ref idref="fl-c"/>
      </object_component>
      <object_component id="oc-e0">
         <name>.debug_frame</name>
         <load_address>0x661</load_address>
         <run_address>0x661</run_address>
         <size>0x86</size>
         <input_file_ref idref="fl-c"/>
      </object_component>
      <object_component id="oc-da">
         <name>.debug_frame</name>
         <load_address>0x6e7</load_address>
         <run_address>0x6e7</run_address>
         <size>0x86</size>
         <input_file_ref idref="fl-c"/>
      </object_component>
      <object_component id="oc-ce">
         <name>.debug_frame</name>
         <load_address>0x76d</load_address>
         <run_address>0x76d</run_address>
         <size>0x7f</size>
         <input_file_ref idref="fl-e"/>
      </object_component>
      <object_component id="oc-c8">
         <name>.debug_frame</name>
         <load_address>0x7ec</load_address>
         <run_address>0x7ec</run_address>
         <size>0x93</size>
         <input_file_ref idref="fl-e"/>
      </object_component>
      <object_component id="oc-e6">
         <name>.debug_frame</name>
         <load_address>0x87f</load_address>
         <run_address>0x87f</run_address>
         <size>0x8e</size>
         <input_file_ref idref="fl-e"/>
      </object_component>
      <object_component id="oc-163">
         <name>.debug_frame</name>
         <load_address>0x90d</load_address>
         <run_address>0x90d</run_address>
         <size>0x7f</size>
         <input_file_ref idref="fl-f"/>
      </object_component>
      <object_component id="oc-15d">
         <name>.debug_frame</name>
         <load_address>0x98c</load_address>
         <run_address>0x98c</run_address>
         <size>0x7f</size>
         <input_file_ref idref="fl-f"/>
      </object_component>
      <object_component id="oc-ec">
         <name>.debug_frame</name>
         <load_address>0xa0b</load_address>
         <run_address>0xa0b</run_address>
         <size>0x8a</size>
         <input_file_ref idref="fl-f"/>
      </object_component>
      <object_component id="oc-104">
         <name>.debug_frame</name>
         <load_address>0xa95</load_address>
         <run_address>0xa95</run_address>
         <size>0x7f</size>
         <input_file_ref idref="fl-f"/>
      </object_component>
      <object_component id="oc-14">
         <name>.debug_frame</name>
         <load_address>0xb14</load_address>
         <run_address>0xb14</run_address>
         <size>0x7f</size>
         <input_file_ref idref="fl-133"/>
      </object_component>
      <object_component id="oc-44">
         <name>.debug_frame</name>
         <load_address>0xb93</load_address>
         <run_address>0xb93</run_address>
         <size>0x8e</size>
         <input_file_ref idref="fl-134"/>
      </object_component>
      <object_component id="oc-1d">
         <name>.debug_frame</name>
         <load_address>0xc21</load_address>
         <run_address>0xc21</run_address>
         <size>0x7f</size>
         <input_file_ref idref="fl-134"/>
      </object_component>
      <object_component id="oc-6e">
         <name>.debug_frame</name>
         <load_address>0xca0</load_address>
         <run_address>0xca0</run_address>
         <size>0xb3</size>
         <input_file_ref idref="fl-136"/>
      </object_component>
      <object_component id="oc-5d">
         <name>.debug_frame</name>
         <load_address>0xd53</load_address>
         <run_address>0xd53</run_address>
         <size>0x7f</size>
         <input_file_ref idref="fl-139"/>
      </object_component>
      <object_component id="oc-12c">
         <name>.debug_frame</name>
         <load_address>0xdd2</load_address>
         <run_address>0xdd2</run_address>
         <size>0xa1</size>
         <input_file_ref idref="fl-13b"/>
      </object_component>
      <object_component id="oc-69">
         <name>.debug_frame</name>
         <load_address>0xe73</load_address>
         <run_address>0xe73</run_address>
         <size>0x7f</size>
         <input_file_ref idref="fl-13c"/>
      </object_component>
      <object_component id="oc-63">
         <name>.debug_frame</name>
         <load_address>0xef2</load_address>
         <run_address>0xef2</run_address>
         <size>0x8a</size>
         <input_file_ref idref="fl-13d"/>
      </object_component>
      <object_component id="oc-9a">
         <name>.debug_frame</name>
         <load_address>0xf7c</load_address>
         <run_address>0xf7c</run_address>
         <size>0x8e</size>
         <input_file_ref idref="fl-13e"/>
      </object_component>
      <object_component id="oc-9f">
         <name>.debug_aranges</name>
[...]
            <object_component_ref idref="oc-ba"/>
            <object_component_ref idref="oc-bf"/>
            <object_component_ref idref="oc-138"/>
         </contents>
      </logical_group>
      <logical_group id="lg-1a3" display="never" color="cyan">
         <name>.debug_frame</name>
         <load_address>0x0</load_address>
         <run_address>0x0</run_address>
         <size>0x100a</size>
         <contents>
            <object_component_ref idref="oc-a2"/>
            <object_component_ref idref="oc-2f"/>
            <object_component_ref idref="oc-f8"/>
            <object_component_ref idref="oc-fe"/>
            <object_component_ref idref="oc-11c"/>
            <object_component_ref idref="oc-f2"/>
            <object_component_ref idref="oc-110"/>
            <object_component_ref idref="oc-116"/>
            <object_component_ref idref="oc-10a"/>
            <object_component_ref idref="oc-d4"/>
            <object_component_ref idref="oc-14c"/>
            <object_component_ref idref="oc-152"/>
            <object_component_ref idref="oc-e0"/>
            <object_component_ref idref="oc-da"/>
            <object_component_ref idref="oc-ce"/>
            <object_component_ref idref="oc-c8"/>
            <object_component_ref idref="oc-e6"/>
            <object_component_ref idref="oc-163"/>
            <object_component_ref idref="oc-15d"/>
            <object_component_ref idref="oc-ec"/>
            <object_component_ref idref="oc-104"/>
            <object_component_ref idref="oc-14"/>
            <object_component_ref idref="oc-44"/>
            <object_component_ref idref="oc-1d"/>
            <object_component_ref idref="oc-6e"/>
            <object_component_ref idref="oc-5d"/>
            <object_component_ref idref="oc-12c"/>
            <object_component_ref idref="oc-69"/>
            <object_component_ref idref="oc-63"/>
            <object_component_ref idref="oc-9a"/>
         </contents>
      </logical_group>
      <logical_group id="lg-1a5" display="never" color="cyan">
         <name>.debug_aranges</name>
         <load_address>0x0</load_address>
         <run_address>0x0</run_address>
         <size>0x460</size>
         <contents>
            <object_component_ref idref="oc-9f"/>
            <object_component_ref idref="oc-2c"/>
            <object_component_ref idref="oc-f5"/>
            <object_component_ref idref="oc-fb"/>
            <object_component_ref idref="oc-119"/>
            <object_component_ref idref="oc-ef"/>
            <object_component_ref idref="oc-10d"/>
            <object_component_ref idref="oc-113"/>
            <object_component_ref idref="oc-107"/>
            <object_component_ref idref="oc-d1"/>
            <object_component_ref idref="oc-149"/>
            <object_component_ref idref="oc-14f"/>
            <object_component_ref idref="oc-dd"/>
            <object_component_ref idref="oc-d7"/>
            <object_component_ref idref="oc-cb"/>
            <object_component_ref idref="oc-c5"/>
            <object_component_ref idref="oc-e3"/>
            <object_component_ref idref="oc-160"/>
            <object_component_ref idref="oc-15a"/>
            <object_component_ref idref="oc-e9"/>
            <object_component_ref idref="oc-101"/>
            <object_component_ref idref="oc-25"/>
            <object_component_ref idref="oc-15"/>
            <object_component_ref idref="oc-41"/>
            <object_component_ref idref="oc-1a"/>
            <object_component_ref idref="oc-6c"/>
            <object_component_ref idref="oc-35"/>
            <object_component_ref idref="oc-4e"/>
            <object_component_ref idref="oc-5a"/>
            <object_component_ref idref="oc-129"/>
            <object_component_ref idref="oc-66"/>
            <object_component_ref idref="oc-60"/>
            <object_component_ref idref="oc-97"/>
         </contents>
      </logical_group>
      <logical_group id="lg-1a7" display="never" color="cyan">
         <name>.debug_pubnames</name>
         <load_address>0x0</load_address>
         <run_address>0x0</run_address>
         <size>0x674</size>
         <contents>
            <object_component_ref idref="oc-a0"/>
            <object_component_ref idref="oc-11"/>
            <object_component_ref idref="oc-2d"/>
            <object_component_ref idref="oc-141"/>
            <object_component_ref idref="oc-f6"/>
            <object_component_ref idref="oc-fc"/>
            <object_component_ref idref="oc-11a"/>
            <object_component_ref idref="oc-f0"/>
            <object_component_ref idref="oc-10e"/>
            <object_component_ref idref="oc-114"/>
            <object_component_ref idref="oc-108"/>
            <object_component_ref idref="oc-d2"/>
            <object_component_ref idref="oc-144"/>
            <object_component_ref idref="oc-14a"/>
            <object_component_ref idref="oc-150"/>
            <object_component_ref idref="oc-de"/>
            <object_component_ref idref="oc-d8"/>
            <object_component_ref idref="oc-156"/>
            <object_component_ref idref="oc-cc"/>
            <object_component_ref idref="oc-c6"/>
            <object_component_ref idref="oc-e4"/>
            <object_component_ref idref="oc-161"/>
            <object_component_ref idref="oc-15b"/>
            <object_component_ref idref="oc-ea"/>
            <object_component_ref idref="oc-102"/>
            <object_component_ref idref="oc-28"/>
            <object_component_ref idref="oc-17"/>
            <object_component_ref idref="oc-42"/>
            <object_component_ref idref="oc-1b"/>
            <object_component_ref idref="oc-aa"/>
            <object_component_ref idref="oc-6d"/>
            <object_component_ref idref="oc-36"/>
            <object_component_ref idref="oc-4f"/>
            <object_component_ref idref="oc-5b"/>
            <object_component_ref idref="oc-72"/>
            <object_component_ref idref="oc-a7"/>
            <object_component_ref idref="oc-12a"/>
            <object_component_ref idref="oc-67"/>
            <object_component_ref idref="oc-61"/>
            <object_component_ref idref="oc-98"/>
         </contents>
      </logical_group>
      <load_segment id="lg-1b5" display="no" color="cyan">
         <name>SEGMENT_0</name>
         <load_address>0x0</load_address>
         <run_address>0x0</run_address>
         <size>0xe48</size>
         <flags>0x5</flags>
         <contents>
            <logical_group_ref idref="lg-3"/>
            <logical_group_ref idref="lg-4"/>
            <logical_group_ref idref="lg-5"/>
            <logical_group_ref idref="lg-6"/>
         </contents>
      </load_segment>
      <load_segment id="lg-1b6" display="no" color="cyan">
         <name>SEGMENT_1</name>
         <run_address>0x20000000</run_address>
         <size>0x214</size>
         <flags>0x6</flags>
         <contents>
            <logical_group_ref idref="lg-d"/>
            <logical_group_ref idref="lg-a"/>
         </contents>
      </load_segment>
   </logical_group_list>
   <placement_map>
      <memory_area display="yes" color="green">
         <name>FLASH</name>
         <page_id>0x0</page_id>
         <origin>0x0</origin>
         <length>0x40000</length>
         <used_space>0xe44</used_space>
         <unused_space>0x3f1bc</unused_space>
         <attributes>RX</attributes>
         <usage_details>
            <allocated_space>
               <start_address>0x0</start_address>
               <size>0x26c</size>
               <logical_group_ref idref="lg-3"/>
            </allocated_space>
            <allocated_space>
               <start_address>0x26c</start_address>
               <size>0xabc</size>
               <logical_group_ref idref="lg-4"/>
            </allocated_space>
            <allocated_space>
               <start_address>0xd28</start_address>
               <size>0xfc</size>
               <logical_group_ref idref="lg-5"/>
            </allocated_space>
            <available_space>
               <start_address>0xe24</start_address>
               <size>0x4</size>
            </available_space>
            <allocated_space>
               <start_address>0xe28</start_address>
               <size>0x20</size>
               <logical_group_ref idref="lg-6"/>
            </allocated_space>
            <available_space>
               <start_address>0xe48</start_address>
               <size>0x3f1b8</size>
            </available_space>
         </usage_details>
      </memory_area>
      <memory_area display="yes" color="green">
         <name>SRAM</name>
         <page_id>0x0</page_id>
         <origin>0x20000000</origin>
         <length>0x8000</length>
         <used_space>0x214</used_space>
         <unused_space>0x7dec</unused_space>
         <attributes>RWX</attributes>
         <usage_details>
            <allocated_space>
               <start_address>0x20000000</start_address>
               <size>0x200</size>
               <logical_group_ref idref="lg-d"/>
            </allocated_space>
            <allocated_space>
               <start_address>0x20000200</start_address>
               <size>0x14</size>
               <logical_group_ref idref="lg-18a"/>
            </allocated_space>
            <available_space>
               <start_address>0x20000214</start_address>
               <size>0x7dec</size>
            </available_space>
         </usage_details>
      </memory_area>
   </placement_map>
   <cptbl_list>
      <cptbl>
         <name>__TI_cinit_table</name>
         <cprec>
            <name>.data</name>
            <load_address>0xe28</load_address>
            <load_size>0xf</load_size>
            <run_address>0x20000200</run_address>
            <run_size>0x14</run_size>
            <compression>rle</compression>
         </cprec>
      </cptbl>
   </cptbl_list>
   <handler_table>
      <handler_table_name>__TI_handler_table</handler_table_name>
      <handler>
         <index>0x0</index>
         <name>__TI_decompress_rle24</name>
      </handler>
      <handler>
         <index>0x1</index>
         <name>__TI_decompress_none</name>
      </handler>
   </handler_table>
   <symbol_table>
      <symbol id="sm-1">
         <name>__STACK_TOP</name>
         <value>0x20000200</value>
      </symbol>
      <symbol id="sm-2">
         <name>__TI_CINIT_Base</name>
         <value>0xe40</value>
      </symbol>
      <symbol id="sm-3">
         <name>__TI_CINIT_Limit</name>
         <value>0xe48</value>
      </symbol>
      <symbol id="sm-4">
         <name>__TI_Handler_Table_Base</name>
         <value>0xe38</value>
      </symbol>
      <symbol id="sm-5">
         <name>__TI_Handler_Table_Limit</name>
         <value>0xe40</value>
      </symbol>
      <symbol id="sm-6">
         <name>binit</name>
         <value>0xffffffff</value>
      </symbol>
      <symbol id="sm-7">
         <name>__binit__</name>
         <value>0xffffffff</value>
      </symbol>
      <symbol id="sm-8">
         <name>__STACK_SIZE</name>
         <value>0x200</value>
      </symbol>
      <symbol id="sm-9">
         <name>__STACK_END</name>
         <value>0x20000200</value>
      </symbol>
      <symbol id="sm-a">
         <name>__c_args__</name>
         <value>0xffffffff</value>
      </symbol>
      <symbol id="sm-4a">
         <name>main</name>
         <value>0x26d</value>
         <object_component_ref idref="oc-9d"/>
      </symbol>
      <symbol id="sm-66">
         <name>ResetISR</name>
         <value>0xcf9</value>
         <object_component_ref idref="oc-2a"/>
      </symbol>
      <symbol id="sm-67">
         <name>g_pfnVectors</name>
         <value>0x0</value>
         <object_component_ref idref="oc-f"/>
      </symbol>
      <symbol id="sm-b6">
         <name>ADCProcessorTrigger</name>
         <value>0xc63</value>
         <object_component_ref idref="oc-10b"/>
      </symbol>
      <symbol id="sm-b7">
         <name>ADCSequenceEnable</name>
         <value>0xcdd</value>
         <object_component_ref idref="oc-f9"/>
      </symbol>
      <symbol id="sm-b8">
         <name>ADCSequenceConfigure</name>
         <value>0xb59</value>
         <object_component_ref idref="oc-ed"/>
      </symbol>
      <symbol id="sm-b9">
         <name>ADCSequenceStepConfigure</name>
         <value>0x81d</value>
         <object_component_ref idref="oc-f3"/>
      </symbol>
      <symbol id="sm-ba">
         <name>ADCIntClear</name>
         <value>0xd05</value>
         <object_component_ref idref="oc-105"/>
      </symbol>
      <symbol id="sm-bb">
         <name>ADCHardwareOversampleConfigure</name>
         <value>0xccf</value>
         <object_component_ref idref="oc-cf"/>
      </symbol>
      <symbol id="sm-bc">
         <name>ADCIntStatus</name>
         <value>0xbcd</value>
         <object_component_ref idref="oc-111"/>
      </symbol>
      <symbol id="sm-bd">
         <name>ADCSequenceDataGet</name>
         <value>0xc45</value>
         <object_component_ref idref="oc-117"/>
      </symbol>
      <symbol id="sm-ef">
         <name>GPIOPinConfigure</name>
         <value>0xa85</value>
         <object_component_ref idref="oc-d5"/>
      </symbol>
      <symbol id="sm-f0">
         <name>GPIOPinTypeUART</name>
         <value>0xcbd</value>
         <object_component_ref idref="oc-db"/>
      </symbol>
      <symbol id="sm-f1">
         <name>GPIODirModeSet</name>
         <value>0xbfb</value>
         <object_component_ref idref="oc-147"/>
      </symbol>
      <symbol id="sm-f2">
         <name>GPIOPadConfigSet</name>
         <value>0x449</value>
         <object_component_ref idref="oc-14d"/>
      </symbol>
      <symbol id="sm-145">
         <name>SysCtlClockSet</name>
         <value>0x68d</value>
         <object_component_ref idref="oc-c3"/>
      </symbol>
      <symbol id="sm-146">
         <name>SysCtlDelay</name>
         <value>0xd19</value>
         <object_component_ref idref="oc-11d"/>
      </symbol>
      <symbol id="sm-147">
         <name>SysCtlPeripheralEnable</name>
         <value>0xb99</value>
         <object_component_ref idref="oc-c9"/>
      </symbol>
      <symbol id="sm-148">
         <name>SysCtlClockGet</name>
         <value>0x57d</value>
         <object_component_ref idref="oc-e1"/>
      </symbol>
      <symbol id="sm-172">
         <name>UARTConfigSetExpClk</name>
         <value>0xacd</value>
         <object_component_ref idref="oc-e7"/>
      </symbol>
      <symbol id="sm-173">
         <name>UARTDisable</name>
         <value>0xc25</value>
         <object_component_ref idref="oc-158"/>
      </symbol>
      <symbol id="sm-174">
         <name>UARTCharPut</name>
         <value>0xd0f</value>
         <object_component_ref idref="oc-ff"/>
      </symbol>
      <symbol id="sm-175">
         <name>UARTEnable</name>
         <value>0xc95</value>
         <object_component_ref idref="oc-15e"/>
      </symbol>
      <symbol id="sm-188">
         <name>_c_int00</name>
         <value>0x9e9</value>
         <object_component_ref idref="oc-24"/>
      </symbol>
      <symbol id="sm-189">
         <name>__stack</name>
         <value>0x20000000</value>
         <object_component_ref idref="oc-29"/>
      </symbol>
      <symbol id="sm-1a0">
         <name>__TI_decompress_none</name>
         <value>0xceb</value>
         <object_component_ref idref="oc-12"/>
      </symbol>
      <symbol id="sm-1c8">
         <name>__TI_decompress_rle24</name>
         <value>0xd1f</value>
         <object_component_ref idref="oc-18"/>
      </symbol>
      <symbol id="sm-1e8">
         <name>C$$EXIT</name>
         <value>0xb15</value>
         <object_component_ref idref="oc-6a"/>
      </symbol>
      <symbol id="sm-1e9">
         <name>abort</name>
         <value>0xb19</value>
         <object_component_ref idref="oc-6a"/>
      </symbol>
      <symbol id="sm-1ea">
         <name>exit</name>
         <value>0xb21</value>
         <object_component_ref idref="oc-6a"/>
      </symbol>
      <symbol id="sm-1eb">
         <name>__TI_dtors_ptr</name>
         <value>0x2000020c</value>
         <object_component_ref idref="oc-a8"/>
      </symbol>
      <symbol id="sm-1ec">
         <name>__TI_cleanup_ptr</name>
         <value>0x20000208</value>
         <object_component_ref idref="oc-a8"/>
      </symbol>
      <symbol id="sm-207">
         <name>memcpy</name>
         <value>0x781</value>
         <object_component_ref idref="oc-33"/>
      </symbol>
      <symbol id="sm-208">
         <name>__aeabi_memcpy</name>
         <value>0x781</value>
         <object_component_ref idref="oc-33"/>
      </symbol>
      <symbol id="sm-209">
         <name>__aeabi_memcpy8</name>
         <value>0x781</value>
         <object_component_ref idref="oc-33"/>
      </symbol>
      <symbol id="sm-20a">
         <name>__aeabi_memcpy4</name>
         <value>0x781</value>
         <object_component_ref idref="oc-33"/>
      </symbol>
      <symbol id="sm-219">
         <name>__aeabi_memset</name>
         <value>0x899</value>
         <object_component_ref idref="oc-4c"/>
      </symbol>
      <symbol id="sm-21a">
         <name>memset</name>
         <value>0x89f</value>
         <object_component_ref idref="oc-4c"/>
      </symbol>
      <symbol id="sm-21b">
         <name>__aeabi_memset8</name>
         <value>0x899</value>
         <object_component_ref idref="oc-4c"/>
      </symbol>
      <symbol id="sm-21c">
         <name>__aeabi_memset4</name>
         <value>0x899</value>
         <object_component_ref idref="oc-4c"/>
      </symbol>
      <symbol id="sm-21d">
         <name>__aeabi_memclr8</name>
         <value>0x897</value>
         <object_component_ref idref="oc-4c"/>
      </symbol>
      <symbol id="sm-21e">
         <name>__aeabi_memclr4</name>
         <value>0x897</value>
         <object_component_ref idref="oc-4c"/>
      </symbol>
      <symbol id="sm-21f">
         <name>__aeabi_memclr</name>
         <value>0x897</value>
         <object_component_ref idref="oc-4c"/>
      </symbol>
      <symbol id="sm-229">
         <name>_system_pre_init</name>
         <value>0xd25</value>
         <object_component_ref idref="oc-58"/>
      </symbol>
      <symbol id="sm-231">
         <name>main_func_sp</name>
         <value>0x20000210</value>
         <object_component_ref idref="oc-70"/>
      </symbol>
      <symbol id="sm-24a">
         <name>_nop</name>
         <value>0xcb7</value>
         <object_component_ref idref="oc-127"/>
      </symbol>
      <symbol id="sm-24b">
         <name>_lock</name>
         <value>0x20000200</value>
         <object_component_ref idref="oc-a5"/>
      </symbol>
      <symbol id="sm-24c">
         <name>_unlock</name>
         <value>0x20000204</value>
         <object_component_ref idref="oc-a5"/>
      </symbol>
      <symbol id="sm-24d">
         <name>_register_lock</name>
         <value>0xcaf</value>
         <object_component_ref idref="oc-127"/>
      </symbol>
      <symbol id="sm-24e">
         <name>_register_unlock</name>
         <value>0xca9</value>
         <object_component_ref idref="oc-127"/>
      </symbol>
      <symbol id="sm-263">
         <name>_args_main</name>
         <value>0xc7d</value>
         <object_component_ref idref="oc-64"/>
      </symbol>
      <symbol id="sm-289">
         <name>__TI_auto_init</name>
         <value>0x911</value>
         <object_component_ref idref="oc-5e"/>
      </symbol>
      <symbol id="sm-2a3">
         <name>copy_in</name>
         <value>0xa39</value>
         <object_component_ref idref="oc-95"/>
      </symbol>
      <symbol id="sm-2a4">
         <name>__TI_static_base__</name>
         <value>0x0</value>
      </symbol>
      <symbol id="sm-2a7">
         <name>SHT$$INIT_ARRAY$$Limit</name>
         <value>0x0</value>
      </symbol>
      <symbol id="sm-2a8">
         <name>SHT$$INIT_ARRAY$$Base</name>
         <value>0x0</value>
      </symbol>
   </symbol_table>
   <title>Link successful</title>
</link_info>
